Microchip MPLAB XC8 Compiler V1.44 ()

Linker command line:

-W-3 --edf=C:\Program Files (x86)\Microchip\xc8\v1.44\dat\en_msgs.txt -cs \
  -h+dist/default/production\Lab3.X.production.sym \
  --cmf=dist/default/production\Lab3.X.production.cmf -z -Q18F452 \
  -oC:\Users\TEMP\AppData\Local\Temp\s2d4.2 \
  -Mdist/default/production/Lab3.X.production.map -E1 -ver=XC8 \
  -ASTACK=0B2h-05ffh -pstack=STACK -ACODE=00h-03FFFhx2 -ACONST=00h-07FFFh \
  -ASMALLCONST=0600h-06FFhx122 -AMEDIUMCONST=0600h-07FFFh -ACOMRAM=01h-07Fh \
  -AABS1=00h-05FFh -ABIGRAM=01h-05FFh -ARAM=080h-0FFh,0100h-01FFhx5 \
  -ABANK0=080h-0FFh -ABANK1=0100h-01FFh -ABANK2=0200h-02FFh \
  -ABANK3=0300h-03FFh -ABANK4=0400h-04FFh -ABANK5=0500h-05FFh \
  -ASFR=0F80h-0FFFh -preset_vec=00h,intcode,intcodelo,powerup,init \
  -pramtop=0600h -psmallconst=SMALLCONST -pmediumconst=MEDIUMCONST \
  -pconst=CONST -AFARRAM=00h-00h -ACONFIG=0300000h-030000Dh -pconfig=CONFIG \
  -AIDLOC=0200000h-0200007h -pidloc=IDLOC -AEEDATA=0F00000h-0F000FFh \
  -peeprom_data=EEDATA \
  -prdata=COMRAM,nvrram=COMRAM,nvbit=COMRAM,rbss=COMRAM,rbit=COMRAM \
  -pfarbss=FARRAM,fardata=FARRAM,nvFARRAM=FARRAM \
  -pintsave_regs=BIGRAM,bigbss=BIGRAM,bigdata=BIGRAM -pbss=RAM \
  -pidata=CODE,irdata=CODE,ibigdata=CODE,ifardata=CODE -prparam=COMRAM \
  C:\Users\TEMP\AppData\Local\Temp\s2d4.obj \
  dist/default/production\Lab3.X.production.obj 

Object code version is 3.11

Machine type is 18F452

Call graph: (short form)




                Name                               Link     Load   Length Selector   Space Scale
C:\Users\TEMP\AppData\Local\Temp\s2d4.obj
                text                                D12      D12        2      30F       0
                init                                  2        2        4        0       0
                reset_vec                             0        0        2        0       0
                idloc                            200000   200000        8   200000       0
                config                           300000   300000        E   300000       0
dist/default/production\Lab3.X.production.obj
                smallconst                          600      600       1E      300       0
                text10                              A3E      A3E       88      30F       0
                text9                               BA0      BA0       56      30F       0
                text8                               9AE      9AE       90      30F       0
                text7                               CBC      CBC       2C      30F       0
                text6                               916      916       98      30F       0
                text5                               AC6      AC6       84      30F       0
                text4                               CE8      CE8       2A      30F       0
                text3                               844      844       D2      30F       0
                text2                               BF6      BF6       4E      30F       0
                text1                               740      740      104      30F       0
                text0                               61E      61E      122      30F       0
                cstackCOMRAM                         6B       6B        C        1       1
                dataBANK0                            80       80       32       80       1
                dataCOMRAM                            1        1       46        1       1
                bssCOMRAM                            47       47       24        1       1
                cinit                               B4A      B4A       56      30F       0
                idataBANK0                          C8A      C8A       32      30F       0
                idataCOMRAM                         C44      C44       46      30F       0

TOTAL           Name                               Link     Load   Length     Space
        CLASS   STACK          

        CLASS   CODE           
                text                                D12      D12        2         0
                init                                  2        2        4         0
                reset_vec                             0        0        2         0
                text10                              A3E      A3E       88         0
                text9                               BA0      BA0       56         0
                text8                               9AE      9AE       90         0
                text7                               CBC      CBC       2C         0
                text6                               916      916       98         0
                text5                               AC6      AC6       84         0
                text4                               CE8      CE8       2A         0
                text3                               844      844       D2         0
                text2                               BF6      BF6       4E         0
                text1                               740      740      104         0
                text0                               61E      61E      122         0
                cinit                               B4A      B4A       56         0
                idataBANK0                          C8A      C8A       32         0
                idataCOMRAM                         C44      C44       46         0

        CLASS   CONST          

        CLASS   SMALLCONST     
                smallconst                          600      600       1E         0

        CLASS   MEDIUMCONST    

        CLASS   COMRAM         
                cstackCOMRAM                         6B       6B        C         1
                dataCOMRAM                            1        1       46         1
                bssCOMRAM                            47       47       24         1

        CLASS   ABS1           

        CLASS   BIGRAM         

        CLASS   RAM            

        CLASS   BANK0          
                dataBANK0                            80       80       32         1

        CLASS   BANK1          

        CLASS   BANK2          

        CLASS   BANK3          

        CLASS   BANK4          

        CLASS   BANK5          

        CLASS   SFR            

        CLASS   FARRAM         

        CLASS   CONFIG         
                config                           300000   300000        E         0

        CLASS   IDLOC          
                idloc                            200000   200000        8         0

        CLASS   EEDATA         



SEGMENTS        Name                           Load    Length   Top    Selector   Space  Class

                reset_vec                      000000  000006  000006         0       0  CODE    
                dataCOMRAM                     000001  000076  000077         1       1  COMRAM  
                dataBANK0                      000080  000032  0000B2        80       1  BANK0   
                smallconst                     000600  00001E  00061E       300       0  SMALLCON
                text0                          00061E  0006F6  000D14       30F       0  CODE    
                idloc                          200000  000008  200008    200000       0  IDLOC   
                config                         300000  00000E  30000E    300000       0  CONFIG  


UNUSED ADDRESS RANGES

        Name                Unused          Largest block    Delta
        BANK0            0000B2-0000FF               4E
        BANK1            000100-0001FF              100
        BANK2            000200-0002FF              100
        BANK3            000300-0003FF              100
        BANK4            000400-0004FF              100
        BANK5            000500-0005FF              100
        BIGRAM           000077-00007F                9
                         0000B2-0005FF              54E
        CODE             000006-0005FF              5FA
                         000D14-007FFF             32EC
        COMRAM           000077-00007F                9
        CONST            000006-0005FF              5FA
                         000D14-007FFF             72EC
        EEDATA           F00000-F000FF              100
        MEDIUMCONST      000D14-007FFF             72EC
        RAM              0000B2-0005FF              100
        SFR              000F80-000FFF               80
        SMALLCONST       000D14-007FFF              100
        STACK            0000B2-0005FF              54E

                                  Symbol Table

?___awdiv                                                    cstackCOMRAM 00006B
?___awmod                                                    cstackCOMRAM 00006B
?___wmul                                                     cstackCOMRAM 00006B
Initialize_LCD@currentChar                                   cstackCOMRAM 00006F
Initialize_LCD@tempPtr                                       cstackCOMRAM 00006D
Print_To_LCD@currentChar                                     cstackCOMRAM 00006E
Print_To_LCD@tempPtr                                         cstackCOMRAM 00006B
_ADCON1                                                      (abs)        000FC1
_AND                                                         text9        000BA0
_B0                                                          bssCOMRAM    000063
_B1                                                          bssCOMRAM    000064
_B2                                                          bssCOMRAM    000065
_B3                                                          bssCOMRAM    000066
_Bdecimal                                                    bssCOMRAM    00004B
_C0                                                          bssCOMRAM    00005F
_C1                                                          bssCOMRAM    000060
_C2                                                          bssCOMRAM    000061
_C3                                                          bssCOMRAM    000062
_Cdecimal                                                    bssCOMRAM    000049
_Clear1                                                      smallconst   00060B
_Clear2                                                      smallconst   000601
_Initialize_LCD                                              text8        0009AE
_Initialize_PIC                                              text7        000CBC
_LCDstr                                                      smallconst   000615
_MULT                                                        text3        000844
_NOT                                                         text2        000BF6
_PORTA                                                       (abs)        000F80
_PORTAbits                                                   (abs)        000F80
_PORTBbits                                                   (abs)        000F81
_PORTCbits                                                   (abs)        000F82
_PORTD                                                       (abs)        000F83
_PORTEbits                                                   (abs)        000F84
_Print_To_LCD                                                text10       000A3E
_SUB                                                         text1        000740
_SWA                                                         bssCOMRAM    000068
_SWB                                                         bssCOMRAM    000067
_Str_1                                                       dataBANK0    000094
_Str_2                                                       dataBANK0    00008A
_TRISA                                                       (abs)        000F92
_TRISB                                                       (abs)        000F93
_TRISC                                                       (abs)        000F94
_TRISD                                                       (abs)        000F95
_TRISE                                                       (abs)        000F96
__CFG_BOR$OFF                                                (abs)        000000
__CFG_CCP2MUX$ON                                             (abs)        000000
__CFG_LVP$OFF                                                (abs)        000000
__CFG_OSC$HS                                                 (abs)        000000
__CFG_OSCS$OFF                                               (abs)        000000
__CFG_PWRT$OFF                                               (abs)        000000
__CFG_STVR$ON                                                (abs)        000000
__CFG_WDT$OFF                                                (abs)        000000
__HRAM                                                       (abs)        000000
__Habs1                                                      abs1         000000
__Hbank0                                                     bank0        000000
__Hbank1                                                     bank1        000000
__Hbank2                                                     bank2        000000
__Hbank3                                                     bank3        000000
__Hbank4                                                     bank4        000000
__Hbank5                                                     bank5        000000
__Hbigbss                                                    bigbss       000000
__Hbigdata                                                   bigdata      000000
__Hbigram                                                    bigram       000000
__Hbss                                                       bss          000000
__HbssCOMRAM                                                 bssCOMRAM    000000
__Hcinit                                                     cinit        000000
__Hclrtext                                                   clrtext      000000
__Hcomram                                                    comram       000000
__Hconfig                                                    config       30000E
__Hconst                                                     const        000000
__HcstackCOMRAM                                              cstackCOMRAM 000000
__Hdata                                                      data         000000
__HdataBANK0                                                 dataBANK0    000000
__HdataCOMRAM                                                dataCOMRAM   000000
__Heeprom_data                                               eeprom_data  000000
__Hfarbss                                                    farbss       000000
__Hfardata                                                   fardata      000000
__Hibigdata                                                  ibigdata     000000
__Hidata                                                     idata        000000
__HidataBANK0                                                idataBANK0   000000
__HidataCOMRAM                                               idataCOMRAM  000000
__Hidloc                                                     idloc        200008
__Hifardata                                                  ifardata     000000
__Hinit                                                      init         000006
__Hintcode                                                   intcode      000002
__Hintcode_body                                              intcode_body 000000
__Hintcodelo                                                 intcodelo    000002
__Hintentry                                                  intentry     000000
__Hintret                                                    intret       000000
__Hintsave_regs                                              intsave_regs 000000
__Hirdata                                                    irdata       000000
__Hmediumconst                                               mediumconst  000000
__HnvFARRAM                                                  nvFARRAM     000000
__Hnvbit                                                     nvbit        000000
__Hnvrram                                                    nvrram       000000
__Hparam                                                     rparam       000000
__Hpowerup                                                   powerup      000002
__Hram                                                       ram          000000
__Hramtop                                                    ramtop       000600
__Hrbit                                                      rbit         000000
__Hrbss                                                      rbss         000000
__Hrdata                                                     rdata        000000
__Hreset_vec                                                 reset_vec    000002
__Hrparam                                                    rparam       000000
__Hsfr                                                       sfr          000000
__Hsmallconst                                                smallconst   00061E
__Hspace_0                                                   (abs)        30000E
__Hspace_1                                                   (abs)        0000B2
__Hspace_2                                                   (abs)        000000
__Hstack                                                     stack        000000
__Hstruct                                                    struct       000000
__Htemp                                                      temp         000000
__Htext                                                      text         000000
__Htext0                                                     text0        000000
__Htext1                                                     text1        000000
__Htext10                                                    text10       000000
__Htext2                                                     text2        000000
__Htext3                                                     text3        000000
__Htext4                                                     text4        000000
__Htext5                                                     text5        000000
__Htext6                                                     text6        000000
__Htext7                                                     text7        000000
__Htext8                                                     text8        000000
__Htext9                                                     text9        000000
__LRAM                                                       (abs)        000001
__Labs1                                                      abs1         000000
__Lbank0                                                     bank0        000000
__Lbank1                                                     bank1        000000
__Lbank2                                                     bank2        000000
__Lbank3                                                     bank3        000000
__Lbank4                                                     bank4        000000
__Lbank5                                                     bank5        000000
__Lbigbss                                                    bigbss       000000
__Lbigdata                                                   bigdata      000000
__Lbigram                                                    bigram       000000
__Lbss                                                       bss          000000
__LbssCOMRAM                                                 bssCOMRAM    000000
__Lcinit                                                     cinit        000000
__Lclrtext                                                   clrtext      000000
__Lcomram                                                    comram       000000
__Lconfig                                                    config       300000
__Lconst                                                     const        000000
__LcstackCOMRAM                                              cstackCOMRAM 000000
__Ldata                                                      data         000000
__LdataBANK0                                                 dataBANK0    000000
__LdataCOMRAM                                                dataCOMRAM   000000
__Leeprom_data                                               eeprom_data  000000
__Lfarbss                                                    farbss       000000
__Lfardata                                                   fardata      000000
__Libigdata                                                  ibigdata     000000
__Lidata                                                     idata        000000
__LidataBANK0                                                idataBANK0   000000
__LidataCOMRAM                                               idataCOMRAM  000000
__Lidloc                                                     idloc        200000
__Lifardata                                                  ifardata     000000
__Linit                                                      init         000002
__Lintcode                                                   intcode      000002
__Lintcode_body                                              intcode_body 000000
__Lintcodelo                                                 intcodelo    000002
__Lintentry                                                  intentry     000000
__Lintret                                                    intret       000000
__Lintsave_regs                                              intsave_regs 000000
__Lirdata                                                    irdata       000000
__Lmediumconst                                               mediumconst  000000
__LnvFARRAM                                                  nvFARRAM     000000
__Lnvbit                                                     nvbit        000000
__Lnvrram                                                    nvrram       000000
__Lparam                                                     rparam       000000
__Lpowerup                                                   powerup      000002
__Lram                                                       ram          000000
__Lramtop                                                    ramtop       000600
__Lrbit                                                      rbit         000000
__Lrbss                                                      rbss         000000
__Lrdata                                                     rdata        000000
__Lreset_vec                                                 reset_vec    000000
__Lrparam                                                    rparam       000000
__Lsfr                                                       sfr          000000
__Lsmallconst                                                smallconst   000600
__Lspace_0                                                   (abs)        000000
__Lspace_1                                                   (abs)        000000
__Lspace_2                                                   (abs)        000000
__Lstack                                                     stack        000000
__Lstruct                                                    struct       000000
__Ltemp                                                      temp         000000
__Ltext                                                      text         000000
__Ltext0                                                     text0        000000
__Ltext1                                                     text1        000000
__Ltext10                                                    text10       000000
__Ltext2                                                     text2        000000
__Ltext3                                                     text3        000000
__Ltext4                                                     text4        000000
__Ltext5                                                     text5        000000
__Ltext6                                                     text6        000000
__Ltext7                                                     text7        000000
__Ltext8                                                     text8        000000
__Ltext9                                                     text9        000000
__S0                                                         (abs)        30000E
__S1                                                         (abs)        0000B2
__S2                                                         (abs)        000000
___awdiv                                                     text6        000916
___awdiv@counter                                             cstackCOMRAM 00006F
___awdiv@dividend                                            cstackCOMRAM 00006B
___awdiv@divisor                                             cstackCOMRAM 00006D
___awdiv@quotient                                            cstackCOMRAM 000071
___awdiv@sign                                                cstackCOMRAM 000070
___awmod                                                     text5        000AC6
___awmod@counter                                             cstackCOMRAM 00006F
___awmod@dividend                                            cstackCOMRAM 00006B
___awmod@divisor                                             cstackCOMRAM 00006D
___awmod@sign                                                cstackCOMRAM 000070
___inthi_sp                                                  stack        000000
___intlo_sp                                                  stack        000000
___param_bank                                                (abs)        000000
___rparam_used                                               (abs)        000001
___sp                                                        stack        000000
___wmul                                                      text4        000CE8
___wmul@multiplicand                                         cstackCOMRAM 00006D
___wmul@multiplier                                           cstackCOMRAM 00006B
___wmul@product                                              cstackCOMRAM 00006F
__accesstop                                                  (abs)        000080
__activetblptr                                               (abs)        000002
__cntErrataNOP_C:\Users\TEMP\AppData\Local\Temp\s2d4.obj     (abs)        000001
__cntErrataNOP_dist/default/production\Lab3.X.production.obj (abs)        000032
__end_of_AND                                                 text9        000BF6
__end_of_Clear1                                              smallconst   000615
__end_of_Clear2                                              smallconst   00060B
__end_of_Initialize_LCD                                      text8        000A3E
__end_of_Initialize_PIC                                      text7        000CE8
__end_of_LCDstr                                              smallconst   00061D
__end_of_MULT                                                text3        000916
__end_of_NOT                                                 text2        000C44
__end_of_Print_To_LCD                                        text10       000AC6
__end_of_SUB                                                 text1        000844
__end_of___awdiv                                             text6        0009AE
__end_of___awmod                                             text5        000B4A
__end_of___wmul                                              text4        000D12
__end_of__initialization                                     cinit        000B96
__end_of_main                                                text0        000740
__initialization                                             cinit        000B4A
__mediumconst                                                mediumconst  000000
__pbssCOMRAM                                                 bssCOMRAM    000047
__pcinit                                                     cinit        000B4A
__pcstackCOMRAM                                              cstackCOMRAM 00006B
__pdataBANK0                                                 dataBANK0    000080
__pdataCOMRAM                                                dataCOMRAM   000001
__pidataBANK0                                                idataBANK0   000C8A
__pidataCOMRAM                                               idataCOMRAM  000C44
__psmallconst                                                smallconst   000600
__ptext0                                                     text0        00061E
__ptext1                                                     text1        000740
__ptext10                                                    text10       000A3E
__ptext2                                                     text2        000BF6
__ptext3                                                     text3        000844
__ptext4                                                     text4        000CE8
__ptext5                                                     text5        000AC6
__ptext6                                                     text6        000916
__ptext7                                                     text7        000CBC
__ptext8                                                     text8        0009AE
__ptext9                                                     text9        000BA0
__ramtop                                                     ramtop       000600
__size_of_AND                                                (abs)        000000
__size_of_Initialize_LCD                                     (abs)        000000
__size_of_Initialize_PIC                                     (abs)        000000
__size_of_MULT                                               (abs)        000000
__size_of_NOT                                                (abs)        000000
__size_of_Print_To_LCD                                       (abs)        000000
__size_of_SUB                                                (abs)        000000
__size_of___awdiv                                            (abs)        000000
__size_of___awmod                                            (abs)        000000
__size_of___wmul                                             (abs)        000000
__size_of_main                                               (abs)        000000
__smallconst                                                 smallconst   000600
_add                                                         dataCOMRAM   00003D
_addlow                                                      dataCOMRAM   000033
_and                                                         bssCOMRAM    000053
_and_lcd                                                     dataCOMRAM   000015
_andlow                                                      dataBANK0    000080
_hund                                                        bssCOMRAM    00004D
_main                                                        text0        00061E
_minus                                                       bssCOMRAM    000069
_mult                                                        bssCOMRAM    00004F
_mult_lcd                                                    dataBANK0    00009E
_multlow                                                     dataCOMRAM   000001
_neg                                                         bssCOMRAM    000059
_not                                                         bssCOMRAM    000051
_not_lcd                                                     dataBANK0    0000A8
_notlow                                                      dataCOMRAM   00000B
_rem                                                         bssCOMRAM    000047
_rem_n                                                       bssCOMRAM    000055
_sub                                                         dataCOMRAM   000029
_sublow                                                      dataCOMRAM   00001F
_sum                                                         bssCOMRAM    00005D
_tens                                                        bssCOMRAM    00005B
_tens_n                                                      bssCOMRAM    000057
end_of_initialization                                        cinit        000B96
intlevel0                                                    text         000D12
intlevel1                                                    text         000D12
intlevel2                                                    text         000D12
intlevel3                                                    text         000D12
stackhi                                                      (abs)        0005FF
stacklo                                                      (abs)        0000B2
start                                                        init         000002
start_initialization                                         cinit        000B4A


FUNCTION INFORMATION:

 *************** function _main *****************
 Defined at:
		line 73 in file "Lab3.c"
 Parameters:    Size  Location     Type
		None
 Auto vars:     Size  Location     Type
		None
 Return value:  Size  Location     Type
                  1    wreg      void 
 Registers used:
		wreg, fsr0l, fsr0h, status,2, status,0, tblptrl, tblptrh, tblptru, prodl, prodh, cstack
 Tracked objects:
		On entry : 
		On exit  : 
		Unchanged: 
 Data sizes:     COMRAM   BANK0   BANK1   BANK2   BANK3   BANK4   BANK5
      Params:         0       0       0       0       0       0       0
      Locals:         0       0       0       0       0       0       0
      Temps:          2       0       0       0       0       0       0
      Totals:         2       0       0       0       0       0       0
Total ram usage:        2 bytes
 Hardware stack levels required when called:    2
 This function calls:
		_AND
		_Initialize_PIC
		_MULT
		_NOT
		_Print_To_LCD
		_SUB
 This function is called by:
		Startup code after reset
 This function uses a non-reentrant model


 *************** function _SUB *****************
 Defined at:
		line 158 in file "Lab3.c"
 Parameters:    Size  Location     Type
		None
 Auto vars:     Size  Location     Type
		None
 Return value:  Size  Location     Type
                  1    wreg      void 
 Registers used:
		wreg, fsr0l, fsr0h, status,2, status,0, tblptrl, tblptrh, tblptru, cstack
 Tracked objects:
		On entry : 
		On exit  : 
		Unchanged: 
 Data sizes:     COMRAM   BANK0   BANK1   BANK2   BANK3   BANK4   BANK5
      Params:         0       0       0       0       0       0       0
      Locals:         0       0       0       0       0       0       0
      Temps:          2       0       0       0       0       0       0
      Totals:         2       0       0       0       0       0       0
Total ram usage:        2 bytes
 Hardware stack levels used:    1
 Hardware stack levels required when called:    1
 This function calls:
		_Print_To_LCD
		___awdiv
		___awmod
 This function is called by:
		_main
 This function uses a non-reentrant model


 *************** function _NOT *****************
 Defined at:
		line 213 in file "Lab3.c"
 Parameters:    Size  Location     Type
		None
 Auto vars:     Size  Location     Type
		None
 Return value:  Size  Location     Type
                  1    wreg      void 
 Registers used:
		wreg, fsr0l, fsr0h, status,2, status,0, tblptrl, tblptrh, tblptru, cstack
 Tracked objects:
		On entry : 
		On exit  : 
		Unchanged: 
 Data sizes:     COMRAM   BANK0   BANK1   BANK2   BANK3   BANK4   BANK5
      Params:         0       0       0       0       0       0       0
      Locals:         0       0       0       0       0       0       0
      Temps:          0       0       0       0       0       0       0
      Totals:         0       0       0       0       0       0       0
Total ram usage:        0 bytes
 Hardware stack levels used:    1
 Hardware stack levels required when called:    1
 This function calls:
		_Print_To_LCD
 This function is called by:
		_main
 This function uses a non-reentrant model


 *************** function _MULT *****************
 Defined at:
		line 233 in file "Lab3.c"
 Parameters:    Size  Location     Type
		None
 Auto vars:     Size  Location     Type
		None
 Return value:  Size  Location     Type
                  1    wreg      void 
 Registers used:
		wreg, fsr0l, fsr0h, status,2, status,0, tblptrl, tblptrh, tblptru, prodl, prodh, cstack
 Tracked objects:
		On entry : 
		On exit  : 
		Unchanged: 
 Data sizes:     COMRAM   BANK0   BANK1   BANK2   BANK3   BANK4   BANK5
      Params:         0       0       0       0       0       0       0
      Locals:         0       0       0       0       0       0       0
      Temps:          0       0       0       0       0       0       0
      Totals:         0       0       0       0       0       0       0
Total ram usage:        0 bytes
 Hardware stack levels used:    1
 Hardware stack levels required when called:    1
 This function calls:
		_Print_To_LCD
		___awdiv
		___awmod
		___wmul
 This function is called by:
		_main
 This function uses a non-reentrant model


 *************** function ___wmul *****************
 Defined at:
		line 15 in file "C:\Program Files (x86)\Microchip\xc8\v1.44\sources\common\Umul16.c"
 Parameters:    Size  Location     Type
  multiplier      2    0[COMRAM] unsigned int 
  multiplicand    2    2[COMRAM] unsigned int 
 Auto vars:     Size  Location     Type
  product         2    4[COMRAM] unsigned int 
 Return value:  Size  Location     Type
                  2    0[COMRAM] unsigned int 
 Registers used:
		wreg, status,2, status,0, prodl, prodh
 Tracked objects:
		On entry : 
		On exit  : 
		Unchanged: 
 Data sizes:     COMRAM   BANK0   BANK1   BANK2   BANK3   BANK4   BANK5
      Params:         4       0       0       0       0       0       0
      Locals:         2       0       0       0       0       0       0
      Temps:          0       0       0       0       0       0       0
      Totals:         6       0       0       0       0       0       0
Total ram usage:        6 bytes
 Hardware stack levels used:    1
 This function calls:
		Nothing
 This function is called by:
		_MULT
 This function uses a non-reentrant model


 *************** function ___awmod *****************
 Defined at:
		line 8 in file "C:\Program Files (x86)\Microchip\xc8\v1.44\sources\common\awmod.c"
 Parameters:    Size  Location     Type
  dividend        2    0[COMRAM] int 
  divisor         2    2[COMRAM] int 
 Auto vars:     Size  Location     Type
  sign            1    5[COMRAM] unsigned char 
  counter         1    4[COMRAM] unsigned char 
 Return value:  Size  Location     Type
                  2    0[COMRAM] int 
 Registers used:
		wreg, status,2, status,0
 Tracked objects:
		On entry : 
		On exit  : 
		Unchanged: 
 Data sizes:     COMRAM   BANK0   BANK1   BANK2   BANK3   BANK4   BANK5
      Params:         4       0       0       0       0       0       0
      Locals:         2       0       0       0       0       0       0
      Temps:          0       0       0       0       0       0       0
      Totals:         6       0       0       0       0       0       0
Total ram usage:        6 bytes
 Hardware stack levels used:    1
 This function calls:
		Nothing
 This function is called by:
		_SUB
		_MULT
		_ADD
 This function uses a non-reentrant model


 *************** function ___awdiv *****************
 Defined at:
		line 8 in file "C:\Program Files (x86)\Microchip\xc8\v1.44\sources\common\awdiv.c"
 Parameters:    Size  Location     Type
  dividend        2    0[COMRAM] int 
  divisor         2    2[COMRAM] int 
 Auto vars:     Size  Location     Type
  quotient        2    6[COMRAM] int 
  sign            1    5[COMRAM] unsigned char 
  counter         1    4[COMRAM] unsigned char 
 Return value:  Size  Location     Type
                  2    0[COMRAM] int 
 Registers used:
		wreg, status,2, status,0
 Tracked objects:
		On entry : 
		On exit  : 
		Unchanged: 
 Data sizes:     COMRAM   BANK0   BANK1   BANK2   BANK3   BANK4   BANK5
      Params:         4       0       0       0       0       0       0
      Locals:         4       0       0       0       0       0       0
      Temps:          0       0       0       0       0       0       0
      Totals:         8       0       0       0       0       0       0
Total ram usage:        8 bytes
 Hardware stack levels used:    1
 This function calls:
		Nothing
 This function is called by:
		_SUB
		_MULT
		_ADD
 This function uses a non-reentrant model


 *************** function _Initialize_PIC *****************
 Defined at:
		line 262 in file "Lab3.c"
 Parameters:    Size  Location     Type
		None
 Auto vars:     Size  Location     Type
		None
 Return value:  Size  Location     Type
                  1    wreg      void 
 Registers used:
		wreg, status,2, status,0, tblptrl, tblptrh, tblptru, cstack
 Tracked objects:
		On entry : 
		On exit  : 
		Unchanged: 
 Data sizes:     COMRAM   BANK0   BANK1   BANK2   BANK3   BANK4   BANK5
      Params:         0       0       0       0       0       0       0
      Locals:         0       0       0       0       0       0       0
      Temps:          0       0       0       0       0       0       0
      Totals:         0       0       0       0       0       0       0
Total ram usage:        0 bytes
 Hardware stack levels used:    1
 Hardware stack levels required when called:    1
 This function calls:
		_Initialize_LCD
 This function is called by:
		_main
 This function uses a non-reentrant model


 *************** function _Initialize_LCD *****************
 Defined at:
		line 287 in file "Lab3.c"
 Parameters:    Size  Location     Type
		None
 Auto vars:     Size  Location     Type
  tempPtr         2    2[COMRAM] PTR unsigned char 
		 -> LCDstr(8), 
  currentChar     1    4[COMRAM] unsigned char 
 Return value:  Size  Location     Type
                  1    wreg      void 
 Registers used:
		wreg, status,2, status,0, tblptrl, tblptrh, tblptru
 Tracked objects:
		On entry : 
		On exit  : 
		Unchanged: 
 Data sizes:     COMRAM   BANK0   BANK1   BANK2   BANK3   BANK4   BANK5
      Params:         0       0       0       0       0       0       0
      Locals:         3       0       0       0       0       0       0
      Temps:          2       0       0       0       0       0       0
      Totals:         5       0       0       0       0       0       0
Total ram usage:        5 bytes
 Hardware stack levels used:    1
 This function calls:
		Nothing
 This function is called by:
		_Initialize_PIC
 This function uses a non-reentrant model


 *************** function _AND *****************
 Defined at:
		line 192 in file "Lab3.c"
 Parameters:    Size  Location     Type
		None
 Auto vars:     Size  Location     Type
		None
 Return value:  Size  Location     Type
                  1    wreg      void 
 Registers used:
		wreg, fsr0l, fsr0h, status,2, status,0, tblptrl, tblptrh, tblptru, cstack
 Tracked objects:
		On entry : 
		On exit  : 
		Unchanged: 
 Data sizes:     COMRAM   BANK0   BANK1   BANK2   BANK3   BANK4   BANK5
      Params:         0       0       0       0       0       0       0
      Locals:         0       0       0       0       0       0       0
      Temps:          0       0       0       0       0       0       0
      Totals:         0       0       0       0       0       0       0
Total ram usage:        0 bytes
 Hardware stack levels used:    1
 Hardware stack levels required when called:    1
 This function calls:
		_Print_To_LCD
 This function is called by:
		_main
 This function uses a non-reentrant model


 *************** function _Print_To_LCD *****************
 Defined at:
		line 325 in file "Lab3.c"
 Parameters:    Size  Location     Type
  tempPtr         2    0[COMRAM] PTR const unsigned char 
		 -> mult_lcd(10), multlow(10), not_lcd(10), notlow(10), 
		 -> and_lcd(10), sub(10), sublow(10), add(10), 
		 -> addlow(10), Clear2(10), Clear1(10), 
 Auto vars:     Size  Location     Type
  currentChar     1    3[COMRAM] unsigned char 
 Return value:  Size  Location     Type
                  1    wreg      void 
 Registers used:
		wreg, fsr0l, fsr0h, status,2, status,0, tblptrl, tblptrh, tblptru
 Tracked objects:
		On entry : 
		On exit  : 
		Unchanged: 
 Data sizes:     COMRAM   BANK0   BANK1   BANK2   BANK3   BANK4   BANK5
      Params:         2       0       0       0       0       0       0
      Locals:         1       0       0       0       0       0       0
      Temps:          1       0       0       0       0       0       0
      Totals:         4       0       0       0       0       0       0
Total ram usage:        4 bytes
 Hardware stack levels used:    1
 This function calls:
		Nothing
 This function is called by:
		_main
		_SUB
		_AND
		_NOT
		_MULT
		_ADD
 This function uses a non-reentrant model



MODULE INFORMATION

Module		Function		Class		Link	Load	Size
C:\Program Files (x86)\Microchip\xc8\v1.44\sources\common\awmod.c
		___awmod       		CODE           	0AC6	0000	133

C:\Program Files (x86)\Microchip\xc8\v1.44\sources\common\awmod.c estimated size: 133

Lab3.c
		_MULT          		CODE           	0844	0000	211
		_NOT           		CODE           	0BF6	0000	79
		_main          		CODE           	061E	0000	291
		_AND           		CODE           	0BA0	0000	87
		_SUB           		CODE           	0740	0000	261
		_Initialize_LCD		CODE           	09AE	0000	145
		_Initialize_PIC		CODE           	0CBC	0000	45
		_Print_To_LCD  		CODE           	0A3E	0000	137

Lab3.c estimated size: 1256

C:\Program Files (x86)\Microchip\xc8\v1.44\sources\common\Umul16.c
		___wmul        		CODE           	0CE8	0000	43

C:\Program Files (x86)\Microchip\xc8\v1.44\sources\common\Umul16.c estimated size: 43

shared
		_Clear1        		SMALLCONST     	060B	0000	11
		_LCDstr        		SMALLCONST     	0615	0000	9
		__initialization		CODE           	0B4A	0000	77
		_Clear2        		SMALLCONST     	0601	0000	11

shared estimated size: 108

C:\Program Files (x86)\Microchip\xc8\v1.44\sources\common\awdiv.c
		___awdiv       		CODE           	0916	0000	153

C:\Program Files (x86)\Microchip\xc8\v1.44\sources\common\awdiv.c estimated size: 153

