Microchip MPLAB XC8 Compiler V1.45 ()

Linker command line:

-W-3 --edf=C:\Program Files (x86)\Microchip\xc8\v1.45\dat\en_msgs.txt -cs \
  -h+dist/default/production\Embedded_Project-save2.X.production.sym \
  --cmf=dist/default/production\Embedded_Project-save2.X.production.cmf -z \
  -Q18F4520 -oC:\Users\WILLIA~1\AppData\Local\Temp\s6lc.2 \
  -Mdist/default/production/Embedded_Project-save2.X.production.map -E1 \
  -ver=XC8 -ASTACK=0147h-05ffh -pstack=STACK -ACODE=00h-07FFFh \
  -ACONST=00h-07FFFh -ASMALLCONST=0600h-06FFhx122 \
  -AMEDIUMCONST=0600h-07FFFh -ACOMRAM=01h-07Fh -AABS1=00h-05FFh \
  -ABIGRAM=01h-05FFh -ARAM=080h-0FFh,0100h-01FFhx5 -ABANK0=080h-0FFh \
  -ABANK1=0100h-01FFh -ABANK2=0200h-02FFh -ABANK3=0300h-03FFh \
  -ABANK4=0400h-04FFh -ABANK5=0500h-05FFh -ASFR=0F80h-0FFFh \
  -preset_vec=00h,intcode=08h,intcodelo=018h,powerup,init -pramtop=0600h \
  -psmallconst=SMALLCONST -pmediumconst=MEDIUMCONST -pconst=CONST \
  -AFARRAM=00h-00h -ACONFIG=0300000h-030000Dh -pconfig=CONFIG \
  -AIDLOC=0200000h-0200007h -pidloc=IDLOC -AEEDATA=0F00000h-0F000FFh \
  -peeprom_data=EEDATA \
  -prdata=COMRAM,nvrram=COMRAM,nvbit=COMRAM,rbss=COMRAM,rbit=COMRAM \
  -pfarbss=FARRAM,fardata=FARRAM,nvFARRAM=FARRAM \
  -pintsave_regs=BIGRAM,bigbss=BIGRAM,bigdata=BIGRAM -pbss=RAM \
  -pidata=CODE,irdata=CODE,ibigdata=CODE,ifardata=CODE -prparam=COMRAM \
  C:\Users\WILLIA~1\AppData\Local\Temp\s6lc.obj \
  dist/default/production\Embedded_Project-save2.X.production.obj 

Object code version is 3.11

Machine type is 18F4520

Call graph: (short form)




                Name                               Link     Load   Length Selector   Space Scale
C:\Users\WILLIA~1\AppData\Local\Temp\s6lc.obj
                init                                1EC      1EC        4        C       0
                reset_vec                             0        0        4        0       0
                idloc                            200000   200000        8   200000       0
                config                           300000   300000        E   300000       0
dist/default/production\Embedded_Project-save2.X.production.obj
                intcodelo                            18       18      1D4        C       0
                intcode                               8        8        6        4       0
                temp                                 4B       4B        1        1       1
                mediumconst                        7A58     7A58      5A8     3D2C       0
                text36                             18CA     18CA       82        C       0
                text35                             1C10     1C10       66        C       0
                text34                             1DB4     1DB4        C        C       0
                text33                              9A4      9A4      1AA        C       0
                text32                             1D7E     1D7E       1A        C       0
                text31                             1AC6     1AC6       7A        C       0
                text30                             1698     1698       A2        C       0
                intcode_body                       139A     139A       D2        C       0
                text28                             146C     146C       CE        C       0
                text27                             153A     153A       B0        C       0
                text26                             1A4C     1A4C       7A        C       0
                text25                             12A4     12A4       F6        C       0
                text24                             11AC     11AC       F8        C       0
                text23                             1C76     1C76       58        C       0
                text22                              F68      F68      130        C       0
                text21                             1846     1846       84        C       0
                text20                             1BA8     1BA8       68        C       0
                text19                             1DA6     1DA6        E        C       0
                text18                              7EC      7EC      1B8        C       0
                text17                             19CC     19CC       80        C       0
                text16                             15EA     15EA       AE        C       0
                text15                             1D60     1D60       1E        C       0
                text13                             17C2     17C2       84        C       0
                text12                             1B40     1B40       68        C       0
                text11                             1D98     1D98        E        C       0
                text10                              634      634      1B8        C       0
                text9                              1D42     1D42       1E        C       0
                text8                               CE2      CE2      154        C       0
                text7                               B4E      B4E      194        C       0
                text6                              1CCE     1CCE       40        C       0
                text5                              194C     194C       80        C       0
                text4                               E36      E36      132        C       0
                text3                              1098     1098      114        C       0
                text2                               474      474      1C0        C       0
                text1                              1D0E     1D0E       34        C       0
                text0                               1F0      1F0      284        C       0
                cstackCOMRAM                          1        1       38        1       1
                cstackBANK0                          80       80       50       80       1
                cstackBANK1                         100      100       38      100       1
                dataBANK1                           143      143        4      100       1
                bssBANK1                            138      138        B      100       1
                dataBANK0                            D8       D8        2       80       1
                bssBANK0                             D0       D0        8       80       1
                dataCOMRAM                           48       48        3        1       1
                bssCOMRAM                            39       39        F        1       1
                cinit                              173A     173A       88        C       0
                idataBANK1                         1DC0     1DC0        4        C       0
                idataBANK0                         1DC7     1DC7        2        C       0
                idataCOMRAM                        1DC4     1DC4        3        C       0

TOTAL           Name                               Link     Load   Length     Space
        CLASS   STACK          

        CLASS   CODE           
                intcodelo                            18       18      1D4         0
                intcode                               8        8        6         0
                init                                1EC      1EC        4         0
                reset_vec                             0        0        4         0
                text36                             18CA     18CA       82         0
                text35                             1C10     1C10       66         0
                text34                             1DB4     1DB4        C         0
                text33                              9A4      9A4      1AA         0
                text32                             1D7E     1D7E       1A         0
                text31                             1AC6     1AC6       7A         0
                text30                             1698     1698       A2         0
                intcode_body                       139A     139A       D2         0
                text28                             146C     146C       CE         0
                text27                             153A     153A       B0         0
                text26                             1A4C     1A4C       7A         0
                text25                             12A4     12A4       F6         0
                text24                             11AC     11AC       F8         0
                text23                             1C76     1C76       58         0
                text22                              F68      F68      130         0
                text21                             1846     1846       84         0
                text20                             1BA8     1BA8       68         0
                text19                             1DA6     1DA6        E         0
                text18                              7EC      7EC      1B8         0
                text17                             19CC     19CC       80         0
                text16                             15EA     15EA       AE         0
                text15                             1D60     1D60       1E         0
                text13                             17C2     17C2       84         0
                text12                             1B40     1B40       68         0
                text11                             1D98     1D98        E         0
                text10                              634      634      1B8         0
                text9                              1D42     1D42       1E         0
                text8                               CE2      CE2      154         0
                text7                               B4E      B4E      194         0
                text6                              1CCE     1CCE       40         0
                text5                              194C     194C       80         0
                text4                               E36      E36      132         0
                text3                              1098     1098      114         0
                text2                               474      474      1C0         0
                text1                              1D0E     1D0E       34         0
                text0                               1F0      1F0      284         0
                cinit                              173A     173A       88         0
                idataBANK1                         1DC0     1DC0        4         0
                idataBANK0                         1DC7     1DC7        2         0
                idataCOMRAM                        1DC4     1DC4        3         0

        CLASS   CONST          

        CLASS   SMALLCONST     

        CLASS   MEDIUMCONST    
                mediumconst                        7A58     7A58      5A8         0

        CLASS   COMRAM         
                temp                                 4B       4B        1         1
                cstackCOMRAM                          1        1       38         1
                dataCOMRAM                           48       48        3         1
                bssCOMRAM                            39       39        F         1

        CLASS   ABS1           

        CLASS   BIGRAM         

        CLASS   RAM            

        CLASS   BANK0          
                cstackBANK0                          80       80       50         1
                dataBANK0                            D8       D8        2         1
                bssBANK0                             D0       D0        8         1

        CLASS   BANK1          
                cstackBANK1                         100      100       38         1
                dataBANK1                           143      143        4         1
                bssBANK1                            138      138        B         1

        CLASS   BANK2          

        CLASS   BANK3          

        CLASS   BANK4          

        CLASS   BANK5          

        CLASS   SFR            

        CLASS   FARRAM         

        CLASS   CONFIG         
                config                           300000   300000        E         0

        CLASS   IDLOC          
                idloc                            200000   200000        8         0

        CLASS   EEDATA         



SEGMENTS        Name                           Load    Length   Top    Selector   Space  Class

                reset_vec                      000000  000004  000004         0       0  CODE    
                cstackCOMRAM                   000001  00004B  00004C         1       1  COMRAM  
                intcode                        000008  000006  00000E         4       0  CODE    
                intcodelo                      000018  001DB1  001DC9         C       0  CODE    
                cstackBANK0                    000080  00005A  0000DA        80       1  BANK0   
                cstackBANK1                    000100  000047  000147       100       1  BANK1   
                mediumconst                    007A58  0005A8  008000      3D2C       0  MEDIUMCO
                idloc                          200000  000008  200008    200000       0  IDLOC   
                config                         300000  00000E  30000E    300000       0  CONFIG  


UNUSED ADDRESS RANGES

        Name                Unused          Largest block    Delta
        BANK0            0000DA-0000FF               26
        BANK1            000147-0001FF               B9
        BANK2            000200-0002FF              100
        BANK3            000300-0003FF              100
        BANK4            000400-0004FF              100
        BANK5            000500-0005FF              100
        BIGRAM           00004C-00007F               34
                         0000DA-0000FF               26
                         000147-0005FF              4B9
        CODE             000004-000007                4
                         00000E-000017                A
                         001DC9-007A57             5C8F
        COMRAM           00004C-00007F               34
        CONST            000004-000007                4
                         00000E-000017                A
                         001DC9-007A57             5C8F
        EEDATA           F00000-F000FF              100
        MEDIUMCONST      001DC9-007A57             5C8F
        RAM              0000DA-0000FF               26
                         000147-0005FF              100
        SFR              000F80-000FFF               80
        SMALLCONST       001DC9-007A57              100
        STACK            000147-0005FF              4B9

                                  Symbol Table

?___aldiv                  cstackBANK0  000080
?___altoft                 cstackBANK0  000088
?___ftmul                  cstackBANK0  000092
?___ftpack                 cstackBANK0  000080
?___fttol                  cstackBANK0  0000A1
?___lldiv                  cstackBANK1  000100
?___llmod                  cstackBANK1  00010D
?___lmul                   cstackBANK0  000080
?_keypad                   cstackBANK1  00012A
?_printf                   cstackBANK1  000116
?_strncmp                  cstackBANK1  000100
?i1___lldiv                cstackBANK0  000080
?i1___llmod                cstackBANK0  00008D
?i1_printf                 cstackBANK0  000096
?i1_strncmp                cstackBANK0  000080
?i2___lldiv                cstackCOMRAM 000001
?i2___llmod                cstackCOMRAM 00000E
?i2_printf                 cstackCOMRAM 000017
?i2_strncmp                cstackCOMRAM 000001
_ADC                       text22       000F68
_ADCON0bits                (abs)        000FC2
_ADCON1bits                (abs)        000FC1
_ADCON2bits                (abs)        000FC0
_ADRESH                    (abs)        000FC4
_ADRESL                    (abs)        000FC3
_Clear                     text9        001D42
_EEADR                     (abs)        000FA9
_EECON1bits                (abs)        000FA6
_EECON2                    (abs)        000FA7
_EEDATA                    (abs)        000FA8
_INTCON2bits               (abs)        000FF1
_INTCON3bits               (abs)        000FF0
_INTCONbits                (abs)        000FF2
_IPR1bits                  (abs)        000F9F
_PIE1bits                  (abs)        000F9D
_PIR1bits                  (abs)        000F9E
_PORTBbits                 (abs)        000F81
_PORTDbits                 (abs)        000F83
_RCONbits                  (abs)        000FD0
_RCREG                     (abs)        000FAE
_RCSTAbits                 (abs)        000FAB
_SPBRG                     (abs)        000FAF
_T0CONbits                 (abs)        000FD5
_TMR0H                     (abs)        000FD7
_TMR0L                     (abs)        000FD6
_TRISB                     (abs)        000F93
_TRISCbits                 (abs)        000F94
_TRISD                     (abs)        000F95
_TRISDbits                 (abs)        000F95
_TXREG                     (abs)        000FAD
_TXSTAbits                 (abs)        000FAC
__CFG_BOREN$OFF            (abs)        000000
__CFG_BORV$3               (abs)        000000
__CFG_CCP2MX$PORTC         (abs)        000000
__CFG_CP0$OFF              (abs)        000000
__CFG_CP1$OFF              (abs)        000000
__CFG_CP2$OFF              (abs)        000000
__CFG_CP3$OFF              (abs)        000000
__CFG_CPB$OFF              (abs)        000000
__CFG_CPD$OFF              (abs)        000000
__CFG_EBTR0$OFF            (abs)        000000
__CFG_EBTR1$OFF            (abs)        000000
__CFG_EBTR2$OFF            (abs)        000000
__CFG_EBTR3$OFF            (abs)        000000
__CFG_EBTRB$OFF            (abs)        000000
__CFG_FCMEN$OFF            (abs)        000000
__CFG_IESO$OFF             (abs)        000000
__CFG_LPT1OSC$OFF          (abs)        000000
__CFG_LVP$OFF              (abs)        000000
__CFG_MCLRE$ON             (abs)        000000
__CFG_OSC$HS               (abs)        000000
__CFG_PBADEN$OFF           (abs)        000000
__CFG_PWRT$OFF             (abs)        000000
__CFG_STVREN$ON            (abs)        000000
__CFG_WDT$OFF              (abs)        000000
__CFG_WDTPS$32768          (abs)        000000
__CFG_WRT0$OFF             (abs)        000000
__CFG_WRT1$OFF             (abs)        000000
__CFG_WRT2$OFF             (abs)        000000
__CFG_WRT3$OFF             (abs)        000000
__CFG_WRTB$OFF             (abs)        000000
__CFG_WRTC$OFF             (abs)        000000
__CFG_WRTD$OFF             (abs)        000000
__CFG_XINST$OFF            (abs)        000000
__HRAM                     (abs)        000000
__Habs1                    abs1         000000
__Hbank0                   bank0        000000
__Hbank1                   bank1        000000
__Hbank2                   bank2        000000
__Hbank3                   bank3        000000
__Hbank4                   bank4        000000
__Hbank5                   bank5        000000
__Hbigbss                  bigbss       000000
__Hbigdata                 bigdata      000000
__Hbigram                  bigram       000000
__Hbss                     bss          000000
__HbssBANK0                bssBANK0     000000
__HbssBANK1                bssBANK1     000000
__HbssCOMRAM               bssCOMRAM    000000
__Hcinit                   cinit        000000
__Hclrtext                 clrtext      000000
__Hcomram                  comram       000000
__Hconfig                  config       30000E
__Hconst                   const        000000
__HcstackBANK0             cstackBANK0  000000
__HcstackBANK1             cstackBANK1  000000
__HcstackCOMRAM            cstackCOMRAM 000000
__Hdata                    data         000000
__HdataBANK0               dataBANK0    000000
__HdataBANK1               dataBANK1    000000
__HdataCOMRAM              dataCOMRAM   000000
__Heeprom_data             eeprom_data  000000
__Hfarbss                  farbss       000000
__Hfardata                 fardata      000000
__Hibigdata                ibigdata     000000
__Hidata                   idata        000000
__HidataBANK0              idataBANK0   000000
__HidataBANK1              idataBANK1   000000
__HidataCOMRAM             idataCOMRAM  000000
__Hidloc                   idloc        200008
__Hifardata                ifardata     000000
__Hinit                    init         0001F0
__Hintcode                 intcode      00000E
__Hintcode_body            intcode_body 000000
__Hintcodelo               intcodelo    0001EC
__Hintentry                intentry     000000
__Hintret                  intret       000000
__Hintsave_regs            intsave_regs 000000
__Hirdata                  irdata       000000
__Hmediumconst             mediumconst  008000
__HnvFARRAM                nvFARRAM     000000
__Hnvbit                   nvbit        000000
__Hnvrram                  nvrram       000000
__Hparam                   rparam       000000
__Hpowerup                 powerup      0001EC
__Hram                     ram          000000
__Hramtop                  ramtop       000600
__Hrbit                    rbit         000000
__Hrbss                    rbss         000000
__Hrdata                   rdata        000000
__Hreset_vec               reset_vec    000004
__Hrparam                  rparam       000000
__Hsfr                     sfr          000000
__Hsmallconst              smallconst   000000
__Hspace_0                 (abs)        30000E
__Hspace_1                 (abs)        000147
__Hspace_2                 (abs)        000000
__Hstack                   stack        000000
__Hstruct                  struct       000000
__Htemp                    temp         00004C
__Htext                    text         000000
__Htext0                   text0        000000
__Htext1                   text1        000000
__Htext10                  text10       000000
__Htext11                  text11       000000
__Htext12                  text12       000000
__Htext13                  text13       000000
__Htext15                  text15       000000
__Htext16                  text16       000000
__Htext17                  text17       000000
__Htext18                  text18       000000
__Htext19                  text19       000000
__Htext2                   text2        000000
__Htext20                  text20       000000
__Htext21                  text21       000000
__Htext22                  text22       000000
__Htext23                  text23       000000
__Htext24                  text24       000000
__Htext25                  text25       000000
__Htext26                  text26       000000
__Htext27                  text27       000000
__Htext28                  text28       000000
__Htext3                   text3        000000
__Htext30                  text30       000000
__Htext31                  text31       000000
__Htext32                  text32       000000
__Htext33                  text33       000000
__Htext34                  text34       000000
__Htext35                  text35       000000
__Htext36                  text36       000000
__Htext4                   text4        000000
__Htext5                   text5        000000
__Htext6                   text6        000000
__Htext7                   text7        000000
__Htext8                   text8        000000
__Htext9                   text9        000000
__LRAM                     (abs)        000001
__Labs1                    abs1         000000
__Lbank0                   bank0        000000
__Lbank1                   bank1        000000
__Lbank2                   bank2        000000
__Lbank3                   bank3        000000
__Lbank4                   bank4        000000
__Lbank5                   bank5        000000
__Lbigbss                  bigbss       000000
__Lbigdata                 bigdata      000000
__Lbigram                  bigram       000000
__Lbss                     bss          000000
__LbssBANK0                bssBANK0     000000
__LbssBANK1                bssBANK1     000000
__LbssCOMRAM               bssCOMRAM    000000
__Lcinit                   cinit        000000
__Lclrtext                 clrtext      000000
__Lcomram                  comram       000000
__Lconfig                  config       300000
__Lconst                   const        000000
__LcstackBANK0             cstackBANK0  000000
__LcstackBANK1             cstackBANK1  000000
__LcstackCOMRAM            cstackCOMRAM 000000
__Ldata                    data         000000
__LdataBANK0               dataBANK0    000000
__LdataBANK1               dataBANK1    000000
__LdataCOMRAM              dataCOMRAM   000000
__Leeprom_data             eeprom_data  000000
__Lfarbss                  farbss       000000
__Lfardata                 fardata      000000
__Libigdata                ibigdata     000000
__Lidata                   idata        000000
__LidataBANK0              idataBANK0   000000
__LidataBANK1              idataBANK1   000000
__LidataCOMRAM             idataCOMRAM  000000
__Lidloc                   idloc        200000
__Lifardata                ifardata     000000
__Linit                    init         0001EC
__Lintcode                 intcode      000008
__Lintcode_body            intcode_body 000000
__Lintcodelo               intcodelo    000018
__Lintentry                intentry     000000
__Lintret                  intret       000000
__Lintsave_regs            intsave_regs 000000
__Lirdata                  irdata       000000
__Lmediumconst             mediumconst  007A58
__LnvFARRAM                nvFARRAM     000000
__Lnvbit                   nvbit        000000
__Lnvrram                  nvrram       000000
__Lparam                   rparam       000000
__Lpowerup                 powerup      0001EC
__Lram                     ram          000000
__Lramtop                  ramtop       000600
__Lrbit                    rbit         000000
__Lrbss                    rbss         000000
__Lrdata                   rdata        000000
__Lreset_vec               reset_vec    000000
__Lrparam                  rparam       000000
__Lsfr                     sfr          000000
__Lsmallconst              smallconst   000000
__Lspace_0                 (abs)        000000
__Lspace_1                 (abs)        000000
__Lspace_2                 (abs)        000000
__Lstack                   stack        000000
__Lstruct                  struct       000000
__Ltemp                    temp         00004B
__Ltext                    text         000000
__Ltext0                   text0        000000
__Ltext1                   text1        000000
__Ltext10                  text10       000000
__Ltext11                  text11       000000
__Ltext12                  text12       000000
__Ltext13                  text13       000000
__Ltext15                  text15       000000
__Ltext16                  text16       000000
__Ltext17                  text17       000000
__Ltext18                  text18       000000
__Ltext19                  text19       000000
__Ltext2                   text2        000000
__Ltext20                  text20       000000
__Ltext21                  text21       000000
__Ltext22                  text22       000000
__Ltext23                  text23       000000
__Ltext24                  text24       000000
__Ltext25                  text25       000000
__Ltext26                  text26       000000
__Ltext27                  text27       000000
__Ltext28                  text28       000000
__Ltext3                   text3        000000
__Ltext30                  text30       000000
__Ltext31                  text31       000000
__Ltext32                  text32       000000
__Ltext33                  text33       000000
__Ltext34                  text34       000000
__Ltext35                  text35       000000
__Ltext36                  text36       000000
__Ltext4                   text4        000000
__Ltext5                   text5        000000
__Ltext6                   text6        000000
__Ltext7                   text7        000000
__Ltext8                   text8        000000
__Ltext9                   text9        000000
__S0                       (abs)        30000E
__S1                       (abs)        000147
__S2                       (abs)        000000
___aldiv                   text28       00146C
___aldiv@counter           cstackBANK0  000088
___aldiv@dividend          cstackBANK0  000080
___aldiv@divisor           cstackBANK0  000084
___aldiv@quotient          cstackBANK0  00008A
___aldiv@sign              cstackBANK0  000089
___altoft                  text26       001A4C
___altoft@c                cstackBANK0  000088
___altoft@exp              cstackBANK0  000090
___altoft@sign             cstackBANK0  000091
___ftmul                   text25       0012A4
___ftmul@cntr              cstackBANK0  00009F
___ftmul@exp               cstackBANK0  00009B
___ftmul@f1                cstackBANK0  000092
___ftmul@f2                cstackBANK0  000095
___ftmul@f3_as_product     cstackBANK0  00009C
___ftmul@sign              cstackBANK0  0000A0
___ftpack                  text27       00153A
___ftpack@arg              cstackBANK0  000080
___ftpack@exp              cstackBANK0  000083
___ftpack@sign             cstackBANK0  000084
___fttol                   text24       0011AC
___fttol@exp1              cstackBANK0  0000AF
___fttol@f1                cstackBANK0  0000A1
___fttol@lval              cstackBANK0  0000AB
___fttol@sign1             cstackBANK0  0000AA
___inthi_sp                stack        000000
___intlo_sp                stack        000000
___lldiv                   text13       0017C2
___lldiv@counter           cstackBANK1  00010C
___lldiv@dividend          cstackBANK1  000100
___lldiv@divisor           cstackBANK1  000104
___lldiv@quotient          cstackBANK1  000108
___llmod                   text12       001B40
___llmod@counter           cstackBANK1  000115
___llmod@dividend          cstackBANK1  00010D
___llmod@divisor           cstackBANK1  000111
___lmul                    text23       001C76
___lmul@multiplicand       cstackBANK0  000084
___lmul@multiplier         cstackBANK0  000080
___lmul@product            cstackBANK0  000088
___param_bank              (abs)        000000
___rparam_used             (abs)        000001
___sp                      stack        000000
__accesstop                (abs)        000080
__activetblptr             (abs)        000002
__end_of_ADC               text22       001098
__end_of_Clear             text9        001D60
__end_of___aldiv           text28       00153A
__end_of___altoft          text26       001AC6
__end_of___ftmul           text25       00139A
__end_of___ftpack          text27       0015EA
__end_of___fttol           text24       0012A4
__end_of___lldiv           text13       001846
__end_of___llmod           text12       001BA8
__end_of___lmul            text23       001CCE
__end_of__initialization   cinit        0017B4
__end_of_alarm             intcode_body 00146C
__end_of_alarm_options     text8        000E36
__end_of_dpowers           mediumconst  007A81
__end_of_input_options     text7        000CE2
__end_of_keypad            text6        001D0E
__end_of_main              text0        000474
__end_of_password          text16       001698
__end_of_password_change   text4        000F68
__end_of_password_options  text3        0011AC
__end_of_printf            text10       0007EC
__end_of_putch             text11       001DA6
__end_of_strncmp           text5        0019CC
__end_of_temp_options      text2        000634
__end_of_temp_sensor       intcodelo    0001EC
__end_of_write_eeprom      text1        001D42
__end_ofi1_Clear           text15       001D7E
__end_ofi1___lldiv         text21       0018CA
__end_ofi1___llmod         text20       001C10
__end_ofi1_printf          text18       0009A4
__end_ofi1_putch           text19       001DB4
__end_ofi1_strncmp         text17       001A4C
__end_ofi2_Clear           text32       001D98
__end_ofi2___lldiv         text36       00194C
__end_ofi2___llmod         text35       001C76
__end_ofi2_password        text30       00173A
__end_ofi2_printf          text33       000B4E
__end_ofi2_putch           text34       001DC0
__end_ofi2_strncmp         text31       001B40
__initialization           cinit        00173A
__mediumconst              mediumconst  007A58
__pbssBANK0                bssBANK0     0000D0
__pbssBANK1                bssBANK1     000138
__pbssCOMRAM               bssCOMRAM    000039
__pcinit                   cinit        00173A
__pcstackBANK0             cstackBANK0  000080
__pcstackBANK1             cstackBANK1  000100
__pcstackCOMRAM            cstackCOMRAM 000001
__pdataBANK0               dataBANK0    0000D8
__pdataBANK1               dataBANK1    000143
__pdataCOMRAM              dataCOMRAM   000048
__pidataBANK0              idataBANK0   001DC7
__pidataBANK1              idataBANK1   001DC0
__pidataCOMRAM             idataCOMRAM  001DC4
__pintcode                 intcode      000008
__pintcode_body            intcode_body 00139A
__pintcodelo               intcodelo    000018
__pmediumconst             mediumconst  007A58
__ptext0                   text0        0001F0
__ptext1                   text1        001D0E
__ptext10                  text10       000634
__ptext11                  text11       001D98
__ptext12                  text12       001B40
__ptext13                  text13       0017C2
__ptext15                  text15       001D60
__ptext16                  text16       0015EA
__ptext17                  text17       0019CC
__ptext18                  text18       0007EC
__ptext19                  text19       001DA6
__ptext2                   text2        000474
__ptext20                  text20       001BA8
__ptext21                  text21       001846
__ptext22                  text22       000F68
__ptext23                  text23       001C76
__ptext24                  text24       0011AC
__ptext25                  text25       0012A4
__ptext26                  text26       001A4C
__ptext27                  text27       00153A
__ptext28                  text28       00146C
__ptext3                   text3        001098
__ptext30                  text30       001698
__ptext31                  text31       001AC6
__ptext32                  text32       001D7E
__ptext33                  text33       0009A4
__ptext34                  text34       001DB4
__ptext35                  text35       001C10
__ptext36                  text36       0018CA
__ptext4                   text4        000E36
__ptext5                   text5        00194C
__ptext6                   text6        001CCE
__ptext7                   text7        000B4E
__ptext8                   text8        000CE2
__ptext9                   text9        001D42
__ramtop                   ramtop       000600
__size_of_ADC              (abs)        000000
__size_of_Clear            (abs)        000000
__size_of___aldiv          (abs)        000000
__size_of___altoft         (abs)        000000
__size_of___ftmul          (abs)        000000
__size_of___ftpack         (abs)        000000
__size_of___fttol          (abs)        000000
__size_of___lldiv          (abs)        000000
__size_of___llmod          (abs)        000000
__size_of___lmul           (abs)        000000
__size_of_alarm            (abs)        000000
__size_of_alarm_options    (abs)        000000
__size_of_input_options    (abs)        000000
__size_of_keypad           (abs)        000000
__size_of_main             (abs)        000000
__size_of_password         (abs)        000000
__size_of_password_change  (abs)        000000
__size_of_password_options (abs)        000000
__size_of_printf           (abs)        000000
__size_of_putch            (abs)        000000
__size_of_strncmp          (abs)        000000
__size_of_temp_options     (abs)        000000
__size_of_temp_sensor      (abs)        000000
__size_of_write_eeprom     (abs)        000000
__size_ofi1_Clear          (abs)        000000
__size_ofi1___lldiv        (abs)        000000
__size_ofi1___llmod        (abs)        000000
__size_ofi1_printf         (abs)        000000
__size_ofi1_putch          (abs)        000000
__size_ofi1_strncmp        (abs)        000000
__size_ofi2_Clear          (abs)        000000
__size_ofi2___lldiv        (abs)        000000
__size_ofi2___llmod        (abs)        000000
__size_ofi2_password       (abs)        000000
__size_ofi2_printf         (abs)        000000
__size_ofi2_putch          (abs)        000000
__size_ofi2_strncmp        (abs)        000000
__smallconst               smallconst   000000
_adHigh                    bssCOMRAM    00003D
_adLow                     bssCOMRAM    000041
_alarm                     intcode      000008
_alarm_loc                 dataCOMRAM   00004A
_alarm_options             text8        000CE2
_alarm_set                 bssBANK1     000138
_check                     bssBANK1     00013C
_choice                    bssBANK0     0000D6
_decimal                   bssCOMRAM    000039
_dpowers                   mediumconst  007A59
_input_options             text7        000B4E
_keypad                    text6        001CCE
_main                      text0        0001F0
_pass                      bssBANK1     00013F
_pass_loc                  bssBANK1     00013E
_password                  text16       0015EA
_password_change           text4        000E36
_password_options          text3        001098
_printf                    text10       000634
_putch                     text11       001D98
_saved_pass                dataBANK1    000143
_strncmp                   text5        00194C
_temp                      bssCOMRAM    000047
_temp_loc                  dataCOMRAM   000049
_temp_options              text2        000474
_temp_sensor               intcodelo    000018
_temp_set                  bssBANK0     0000D4
_temp_threshold            dataBANK0    0000D8
_test                      bssCOMRAM    000045
_threshold_loc             dataCOMRAM   000048
_triggered                 bssBANK1     00013A
_voltage                   bssBANK0     0000D0
_write_eeprom              text1        001D0E
btemp                      temp         00004B
end_of_initialization      cinit        0017B4
i1_Clear                   text15       001D60
i1___lldiv                 text21       001846
i1___lldiv@counter         cstackBANK0  00008C
i1___lldiv@dividend        cstackBANK0  000080
i1___lldiv@divisor         cstackBANK0  000084
i1___lldiv@quotient        cstackBANK0  000088
i1___llmod                 text20       001BA8
i1___llmod@counter         cstackBANK0  000095
i1___llmod@dividend        cstackBANK0  00008D
i1___llmod@divisor         cstackBANK0  000091
i1_printf                  text18       0007EC
i1_putch                   text19       001DA6
i1_strncmp                 text17       0019CC
i1printf@ap                cstackBANK0  00009E
i1printf@c                 cstackBANK0  0000A5
i1printf@f                 cstackBANK0  000096
i1printf@flag              cstackBANK0  0000A0
i1printf@prec              cstackBANK0  00009C
i1printf@val               cstackBANK0  0000A1
i1putch@data               cstackBANK0  000080
i1strncmp@len              cstackBANK0  000084
i1strncmp@s1               cstackBANK0  000080
i1strncmp@s2               cstackBANK0  000082
i2_Clear                   text32       001D7E
i2___lldiv                 text36       0018CA
i2___lldiv@counter         cstackCOMRAM 00000D
i2___lldiv@dividend        cstackCOMRAM 000001
i2___lldiv@divisor         cstackCOMRAM 000005
i2___lldiv@quotient        cstackCOMRAM 000009
i2___llmod                 text35       001C10
i2___llmod@counter         cstackCOMRAM 000016
i2___llmod@dividend        cstackCOMRAM 00000E
i2___llmod@divisor         cstackCOMRAM 000012
i2_password                text30       001698
i2_printf                  text33       0009A4
i2_putch                   text34       001DB4
i2_strncmp                 text31       001AC6
i2password@i               cstackCOMRAM 000025
i2printf@ap                cstackCOMRAM 00001D
i2printf@c                 cstackCOMRAM 000024
i2printf@f                 cstackCOMRAM 000017
i2printf@flag              cstackCOMRAM 00001F
i2printf@prec              cstackCOMRAM 00001B
i2printf@val               cstackCOMRAM 000020
i2putch@data               cstackCOMRAM 000001
i2strncmp@len              cstackCOMRAM 000005
i2strncmp@s1               cstackCOMRAM 000001
i2strncmp@s2               cstackCOMRAM 000003
int$flags                  temp         00004B
int_func                   intcode_body 00139A
intlevel0                  text         000000
intlevel1                  text         000000
intlevel2                  text         000000
intlevel3                  text         000000
main@i                     cstackBANK1  000134
main@i_1064                cstackBANK1  000136
password@i                 cstackBANK0  0000A6
password_change@i          cstackBANK1  00012C
password_change@i_1080     cstackBANK1  00012E
printf@ap                  cstackBANK1  000122
printf@c                   cstackBANK1  000129
printf@f                   cstackBANK1  000116
printf@flag                cstackBANK1  000124
printf@prec                cstackBANK1  000120
printf@val                 cstackBANK1  000125
putch@data                 cstackBANK1  000100
stackhi                    (abs)        0005FF
stacklo                    (abs)        000147
start                      init         0001EC
start_initialization       cinit        00173A
strncmp@len                cstackBANK1  000104
strncmp@s1                 cstackBANK1  000100
strncmp@s2                 cstackBANK1  000102
temp_options@i             cstackBANK1  00012C
temp_sensor@i              cstackBANK0  0000CE
write_eeprom@address       cstackBANK1  000102
write_eeprom@data          cstackBANK1  000100
wtemp6                     temp         00004C


FUNCTION INFORMATION:

 *************** function _main *****************
 Defined at:
		line 196 in file "Lab7.c"
 Parameters:    Size  Location     Type
		None
 Auto vars:     Size  Location     Type
  i               2   54[BANK1 ] int 
  i               2   52[BANK1 ] int 
 Return value:  Size  Location     Type
                  1    wreg      void 
 Registers used:
		wreg, fsr1l, fsr1h, fsr2l, fsr2h, status,2, status,0, tblptrl, tblptrh, tblptru, prodl, prodh, cstack
 Tracked objects:
		On entry : 
		On exit  : 
		Unchanged: 
 Data sizes:     COMRAM   BANK0   BANK1   BANK2   BANK3   BANK4   BANK5
      Params:         0       0       0       0       0       0       0
      Locals:         0       0       4       0       0       0       0
      Temps:          0       0       2       0       0       0       0
      Totals:         0       0       6       0       0       0       0
Total ram usage:        6 bytes
 Hardware stack levels required when called:   13
 This function calls:
		_Clear
		_alarm_options
		_input_options
		_keypad
		_password_options
		_printf
		_temp_options
		_write_eeprom
 This function is called by:
		Startup code after reset
 This function uses a non-reentrant model


 *************** function _write_eeprom *****************
 Defined at:
		line 180 in file "Lab7.c"
 Parameters:    Size  Location     Type
  address         1    wreg     unsigned char 
  data            1    0[BANK1 ] unsigned char 
 Auto vars:     Size  Location     Type
  address         1    2[BANK1 ] unsigned char 
 Return value:  Size  Location     Type
                  1    wreg      void 
 Registers used:
		wreg, status,2, cstack
 Tracked objects:
		On entry : 
		On exit  : 
		Unchanged: 
 Data sizes:     COMRAM   BANK0   BANK1   BANK2   BANK3   BANK4   BANK5
      Params:         0       0       1       0       0       0       0
      Locals:         0       0       1       0       0       0       0
      Temps:          0       0       1       0       0       0       0
      Totals:         0       0       3       0       0       0       0
Total ram usage:        3 bytes
 Hardware stack levels used:    1
 Hardware stack levels required when called:    8
 This function calls:
		Nothing
 This function is called by:
		_main
 This function uses a non-reentrant model


 *************** function _temp_options *****************
 Defined at:
		line 564 in file "Lab7.c"
 Parameters:    Size  Location     Type
		None
 Auto vars:     Size  Location     Type
  i               2   44[BANK1 ] int 
 Return value:  Size  Location     Type
                  1    wreg      void 
 Registers used:
		wreg, fsr2l, fsr2h, status,2, status,0, tblptrl, tblptrh, tblptru, prodl, prodh, cstack
 Tracked objects:
		On entry : 
		On exit  : 
		Unchanged: 
 Data sizes:     COMRAM   BANK0   BANK1   BANK2   BANK3   BANK4   BANK5
      Params:         0       0       0       0       0       0       0
      Locals:         0       0       2       0       0       0       0
      Temps:          0       0       2       0       0       0       0
      Totals:         0       0       4       0       0       0       0
Total ram usage:        4 bytes
 Hardware stack levels used:    1
 Hardware stack levels required when called:   11
 This function calls:
		_Clear
		_printf
 This function is called by:
		_main
 This function uses a non-reentrant model


 *************** function _password_options *****************
 Defined at:
		line 449 in file "Lab7.c"
 Parameters:    Size  Location     Type
		None
 Auto vars:     Size  Location     Type
		None
 Return value:  Size  Location     Type
                  1    wreg      void 
 Registers used:
		wreg, fsr1l, fsr1h, fsr2l, fsr2h, status,2, status,0, tblptrl, tblptrh, tblptru, prodl, prodh, cstack
 Tracked objects:
		On entry : 
		On exit  : 
		Unchanged: 
 Data sizes:     COMRAM   BANK0   BANK1   BANK2   BANK3   BANK4   BANK5
      Params:         0       0       0       0       0       0       0
      Locals:         0       0       0       0       0       0       0
      Temps:          0       0       2       0       0       0       0
      Totals:         0       0       2       0       0       0       0
Total ram usage:        2 bytes
 Hardware stack levels used:    1
 Hardware stack levels required when called:   12
 This function calls:
		_Clear
		_password_change
		_printf
 This function is called by:
		_main
 This function uses a non-reentrant model


 *************** function _password_change *****************
 Defined at:
		line 379 in file "Lab7.c"
 Parameters:    Size  Location     Type
		None
 Auto vars:     Size  Location     Type
  i               2   46[BANK1 ] int 
  i               2   44[BANK1 ] int 
 Return value:  Size  Location     Type
                  1    wreg      void 
 Registers used:
		wreg, fsr1l, fsr1h, fsr2l, fsr2h, status,2, status,0, tblptrl, tblptrh, tblptru, prodl, prodh, cstack
 Tracked objects:
		On entry : 
		On exit  : 
		Unchanged: 
 Data sizes:     COMRAM   BANK0   BANK1   BANK2   BANK3   BANK4   BANK5
      Params:         0       0       0       0       0       0       0
      Locals:         0       0       4       0       0       0       0
      Temps:          0       0       2       0       0       0       0
      Totals:         0       0       6       0       0       0       0
Total ram usage:        6 bytes
 Hardware stack levels used:    1
 Hardware stack levels required when called:   11
 This function calls:
		_Clear
		_printf
		_strncmp
 This function is called by:
		_password_options
 This function uses a non-reentrant model


 *************** function _strncmp *****************
 Defined at:
		line 4 in file "C:\Program Files (x86)\Microchip\xc8\v1.45\sources\common\strncmp.c"
 Parameters:    Size  Location     Type
  s1              2    0[BANK1 ] PTR const unsigned char 
		 -> pass(4), 
  s2              2    2[BANK1 ] PTR const unsigned char 
		 -> saved_pass(4), 
  len             2    4[BANK1 ] unsigned int 
 Auto vars:     Size  Location     Type
		None
 Return value:  Size  Location     Type
                  2    0[BANK1 ] int 
 Registers used:
		wreg, fsr1l, fsr1h, fsr2l, fsr2h, status,2, status,0
 Tracked objects:
		On entry : 
		On exit  : 
		Unchanged: 
 Data sizes:     COMRAM   BANK0   BANK1   BANK2   BANK3   BANK4   BANK5
      Params:         0       0       6       0       0       0       0
      Locals:         0       0       0       0       0       0       0
      Temps:          0       0       3       0       0       0       0
      Totals:         0       0       9       0       0       0       0
Total ram usage:        9 bytes
 Hardware stack levels used:    1
 Hardware stack levels required when called:    8
 This function calls:
		Nothing
 This function is called by:
		_password_change
 This function uses a non-reentrant model


 *************** function _keypad *****************
 Defined at:
		line 704 in file "Lab7.c"
 Parameters:    Size  Location     Type
		None
 Auto vars:     Size  Location     Type
		None
 Return value:  Size  Location     Type
                  2   42[BANK1 ] int 
 Registers used:
		wreg, fsr2l, fsr2h, status,2, status,0, tblptrl, tblptrh, tblptru, prodl, prodh, cstack
 Tracked objects:
		On entry : 
		On exit  : 
		Unchanged: 
 Data sizes:     COMRAM   BANK0   BANK1   BANK2   BANK3   BANK4   BANK5
      Params:         0       0       2       0       0       0       0
      Locals:         0       0       0       0       0       0       0
      Temps:          0       0       0       0       0       0       0
      Totals:         0       0       2       0       0       0       0
Total ram usage:        2 bytes
 Hardware stack levels used:    1
 Hardware stack levels required when called:   10
 This function calls:
		_printf
 This function is called by:
		_main
 This function uses a non-reentrant model


 *************** function _input_options *****************
 Defined at:
		line 634 in file "Lab7.c"
 Parameters:    Size  Location     Type
		None
 Auto vars:     Size  Location     Type
		None
 Return value:  Size  Location     Type
                  1    wreg      void 
 Registers used:
		wreg, fsr2l, fsr2h, status,2, status,0, tblptrl, tblptrh, tblptru, prodl, prodh, cstack
 Tracked objects:
		On entry : 
		On exit  : 
		Unchanged: 
 Data sizes:     COMRAM   BANK0   BANK1   BANK2   BANK3   BANK4   BANK5
      Params:         0       0       0       0       0       0       0
      Locals:         0       0       0       0       0       0       0
      Temps:          0       0       2       0       0       0       0
      Totals:         0       0       2       0       0       0       0
Total ram usage:        2 bytes
 Hardware stack levels used:    1
 Hardware stack levels required when called:   11
 This function calls:
		_Clear
		_printf
 This function is called by:
		_main
 This function uses a non-reentrant model


 *************** function _alarm_options *****************
 Defined at:
		line 500 in file "Lab7.c"
 Parameters:    Size  Location     Type
		None
 Auto vars:     Size  Location     Type
		None
 Return value:  Size  Location     Type
                  1    wreg      void 
 Registers used:
		wreg, fsr2l, fsr2h, status,2, status,0, tblptrl, tblptrh, tblptru, prodl, prodh, cstack
 Tracked objects:
		On entry : 
		On exit  : 
		Unchanged: 
 Data sizes:     COMRAM   BANK0   BANK1   BANK2   BANK3   BANK4   BANK5
      Params:         0       0       0       0       0       0       0
      Locals:         0       0       0       0       0       0       0
      Temps:          0       0       2       0       0       0       0
      Totals:         0       0       2       0       0       0       0
Total ram usage:        2 bytes
 Hardware stack levels used:    1
 Hardware stack levels required when called:   11
 This function calls:
		_Clear
		_printf
 This function is called by:
		_main
 This function uses a non-reentrant model


 *************** function _Clear *****************
 Defined at:
		line 105 in file "Lab7.c"
 Parameters:    Size  Location     Type
		None
 Auto vars:     Size  Location     Type
		None
 Return value:  Size  Location     Type
                  1    wreg      void 
 Registers used:
		wreg, fsr2l, fsr2h, status,2, status,0, tblptrl, tblptrh, tblptru, prodl, prodh, cstack
 Tracked objects:
		On entry : 
		On exit  : 
		Unchanged: 
 Data sizes:     COMRAM   BANK0   BANK1   BANK2   BANK3   BANK4   BANK5
      Params:         0       0       0       0       0       0       0
      Locals:         0       0       0       0       0       0       0
      Temps:          0       0       0       0       0       0       0
      Totals:         0       0       0       0       0       0       0
Total ram usage:        0 bytes
 Hardware stack levels used:    1
 Hardware stack levels required when called:   10
 This function calls:
		_printf
 This function is called by:
		_main
		_password_change
		_password_options
		_alarm_options
		_temp_options
		_input_options
 This function uses a non-reentrant model


 *************** function _printf *****************
 Defined at:
		line 464 in file "C:\Program Files (x86)\Microchip\xc8\v1.45\sources\common\doprnt.c"
 Parameters:    Size  Location     Type
  f               2   22[BANK1 ] PTR const unsigned char 
		 -> STR_70(4), STR_69(23), STR_68(9), STR_67(28), 
		 -> STR_66(26), STR_65(25), STR_64(133), STR_63(20), 
		 -> STR_62(21), STR_61(14), STR_60(15), STR_59(23), 
		 -> STR_58(3), STR_57(27), STR_56(26), STR_55(25), 
		 -> STR_54(25), STR_53(151), STR_52(20), STR_51(21), 
		 -> STR_50(14), STR_49(15), STR_48(23), STR_47(19), 
		 -> STR_46(18), STR_45(25), STR_44(117), STR_43(20), 
		 -> STR_42(21), STR_41(14), STR_40(15), STR_39(23), 
		 -> STR_38(21), STR_37(25), STR_36(109), STR_35(20), 
		 -> STR_34(21), STR_33(14), STR_32(15), STR_31(28), 
		 -> STR_30(21), STR_29(2), STR_28(11), STR_27(54), 
		 -> STR_26(25), STR_25(2), STR_24(21), STR_23(2), 
		 -> STR_22(25), STR_21(23), STR_20(25), STR_19(3), 
		 -> STR_18(161), STR_17(20), STR_16(21), STR_15(14), 
		 -> STR_14(15), STR_13(17), STR_12(2), STR_11(15), 
		 -> STR_10(39), STR_9(3), STR_8(57), STR_7(31), 
		 -> STR_6(36), STR_5(39), STR_4(31), STR_3(28), 
		 -> STR_2(7), STR_1(5), 
 Auto vars:     Size  Location     Type
  val             4   37[BANK1 ] unsigned long 
  tmpval          4    0        struct .
  cp              3    0        PTR const unsigned char 
  ap              2   34[BANK1 ] PTR void [1]
		 -> ?i2_printf(2), ?i1_printf(2), ?_printf(2), 
  prec            2   32[BANK1 ] int 
  len             2    0        unsigned int 
  c               1   41[BANK1 ] char 
  flag            1   36[BANK1 ] unsigned char 
 Return value:  Size  Location     Type
                  2   22[BANK1 ] int 
 Registers used:
		wreg, fsr2l, fsr2h, status,2, status,0, tblptrl, tblptrh, tblptru, prodl, prodh, cstack
 Tracked objects:
		On entry : 
		On exit  : 
		Unchanged: 
 Data sizes:     COMRAM   BANK0   BANK1   BANK2   BANK3   BANK4   BANK5
      Params:         0       0       8       0       0       0       0
      Locals:         0       0      10       0       0       0       0
      Temps:          0       0       2       0       0       0       0
      Totals:         0       0      20       0       0       0       0
Total ram usage:       20 bytes
 Hardware stack levels used:    1
 Hardware stack levels required when called:    9
 This function calls:
		___lldiv
		___llmod
		_putch
 This function is called by:
		_Clear
		_main
		_password_change
		_password_options
		_alarm_options
		_temp_options
		_input_options
		_keypad
 This function uses a non-reentrant model


 *************** function _putch *****************
 Defined at:
		line 99 in file "Lab7.c"
 Parameters:    Size  Location     Type
  data            1    wreg     unsigned char 
 Auto vars:     Size  Location     Type
  data            1    0[BANK1 ] unsigned char 
 Return value:  Size  Location     Type
                  1    wreg      void 
 Registers used:
		wreg
 Tracked objects:
		On entry : 
		On exit  : 
		Unchanged: 
 Data sizes:     COMRAM   BANK0   BANK1   BANK2   BANK3   BANK4   BANK5
      Params:         0       0       0       0       0       0       0
      Locals:         0       0       1       0       0       0       0
      Temps:          0       0       0       0       0       0       0
      Totals:         0       0       1       0       0       0       0
Total ram usage:        1 bytes
 Hardware stack levels used:    1
 Hardware stack levels required when called:    8
 This function calls:
		Nothing
 This function is called by:
		_printf
 This function uses a non-reentrant model


 *************** function ___llmod *****************
 Defined at:
		line 8 in file "C:\Program Files (x86)\Microchip\xc8\v1.45\sources\common\llmod.c"
 Parameters:    Size  Location     Type
  dividend        4   13[BANK1 ] unsigned long 
  divisor         4   17[BANK1 ] unsigned long 
 Auto vars:     Size  Location     Type
  counter         1   21[BANK1 ] unsigned char 
 Return value:  Size  Location     Type
                  4   13[BANK1 ] unsigned long 
 Registers used:
		wreg, status,2, status,0
 Tracked objects:
		On entry : 
		On exit  : 
		Unchanged: 
 Data sizes:     COMRAM   BANK0   BANK1   BANK2   BANK3   BANK4   BANK5
      Params:         0       0       8       0       0       0       0
      Locals:         0       0       1       0       0       0       0
      Temps:          0       0       0       0       0       0       0
      Totals:         0       0       9       0       0       0       0
Total ram usage:        9 bytes
 Hardware stack levels used:    1
 Hardware stack levels required when called:    8
 This function calls:
		Nothing
 This function is called by:
		_printf
 This function uses a non-reentrant model


 *************** function ___lldiv *****************
 Defined at:
		line 8 in file "C:\Program Files (x86)\Microchip\xc8\v1.45\sources\common\lldiv.c"
 Parameters:    Size  Location     Type
  dividend        4    0[BANK1 ] unsigned long 
  divisor         4    4[BANK1 ] unsigned long 
 Auto vars:     Size  Location     Type
  quotient        4    8[BANK1 ] unsigned long 
  counter         1   12[BANK1 ] unsigned char 
 Return value:  Size  Location     Type
                  4    0[BANK1 ] unsigned long 
 Registers used:
		wreg, status,2, status,0
 Tracked objects:
		On entry : 
		On exit  : 
		Unchanged: 
 Data sizes:     COMRAM   BANK0   BANK1   BANK2   BANK3   BANK4   BANK5
      Params:         0       0       8       0       0       0       0
      Locals:         0       0       5       0       0       0       0
      Temps:          0       0       0       0       0       0       0
      Totals:         0       0      13       0       0       0       0
Total ram usage:       13 bytes
 Hardware stack levels used:    1
 Hardware stack levels required when called:    8
 This function calls:
		Nothing
 This function is called by:
		_printf
 This function uses a non-reentrant model


 *************** function _temp_sensor *****************
 Defined at:
		line 124 in file "Lab7.c"
 Parameters:    Size  Location     Type
		None
 Auto vars:     Size  Location     Type
  i               2   78[BANK0 ] int 
 Return value:  Size  Location     Type
                  1    wreg      void 
 Registers used:
		wreg, fsr1l, fsr1h, fsr2l, fsr2h, status,2, status,0, tblptrl, tblptrh, tblptru, prodl, prodh, cstack
 Tracked objects:
		On entry : 
		On exit  : 
		Unchanged: 
 Data sizes:     COMRAM   BANK0   BANK1   BANK2   BANK3   BANK4   BANK5
      Params:         0       0       0       0       0       0       0
      Locals:         0       2       0       0       0       0       0
      Temps:          0      26       0       0       0       0       0
      Totals:         0      28       0       0       0       0       0
Total ram usage:       28 bytes
 Hardware stack levels used:    1
 Hardware stack levels required when called:    7
 This function calls:
		_ADC
		_password
		i1_Clear
		i1_printf
 This function is called by:
		Interrupt level 1
 This function uses a non-reentrant model


 *************** function i1_Clear *****************
 Defined at:
		line 105 in file "Lab7.c"
 Parameters:    Size  Location     Type
		None
 Auto vars:     Size  Location     Type
		None
 Return value:  Size  Location     Type
                  1    wreg      void 
 Registers used:
		wreg, fsr2l, fsr2h, status,2, status,0, tblptrl, tblptrh, tblptru, prodl, prodh, cstack
 Tracked objects:
		On entry : 
		On exit  : 
		Unchanged: 
 Data sizes:     COMRAM   BANK0   BANK1   BANK2   BANK3   BANK4   BANK5
      Params:         0       0       0       0       0       0       0
      Locals:         0       0       0       0       0       0       0
      Temps:          0       0       0       0       0       0       0
      Totals:         0       0       0       0       0       0       0
Total ram usage:        0 bytes
 Hardware stack levels used:    1
 Hardware stack levels required when called:    6
 This function calls:
		i1_printf
 This function is called by:
		_temp_sensor
 This function uses a non-reentrant model


 *************** function _password *****************
 Defined at:
		line 412 in file "Lab7.c"
 Parameters:    Size  Location     Type
		None
 Auto vars:     Size  Location     Type
  i               2   38[BANK0 ] int 
 Return value:  Size  Location     Type
                  1    wreg      void 
 Registers used:
		wreg, fsr1l, fsr1h, fsr2l, fsr2h, status,2, status,0, tblptrl, tblptrh, tblptru, prodl, prodh, cstack
 Tracked objects:
		On entry : 
		On exit  : 
		Unchanged: 
 Data sizes:     COMRAM   BANK0   BANK1   BANK2   BANK3   BANK4   BANK5
      Params:         0       0       0       0       0       0       0
      Locals:         0       2       0       0       0       0       0
      Temps:          0       0       0       0       0       0       0
      Totals:         0       2       0       0       0       0       0
Total ram usage:        2 bytes
 Hardware stack levels used:    1
 Hardware stack levels required when called:    6
 This function calls:
		i1_printf
		i1_strncmp
 This function is called by:
		_temp_sensor
 This function uses a non-reentrant model


 *************** function i1_strncmp *****************
 Defined at:
		line 4 in file "C:\Program Files (x86)\Microchip\xc8\v1.45\sources\common\strncmp.c"
 Parameters:    Size  Location     Type
  s1              2    0[BANK0 ] PTR const unsigned char 
		 -> pass(4), 
  s2              2    2[BANK0 ] PTR const unsigned char 
		 -> saved_pass(4), 
  len             2    4[BANK0 ] unsigned int 
 Auto vars:     Size  Location     Type
		None
 Return value:  Size  Location     Type
                  2    0[BANK0 ] int 
 Registers used:
		wreg, fsr1l, fsr1h, fsr2l, fsr2h, status,2, status,0
 Tracked objects:
		On entry : 
		On exit  : 
		Unchanged: 
 Data sizes:     COMRAM   BANK0   BANK1   BANK2   BANK3   BANK4   BANK5
      Params:         0       6       0       0       0       0       0
      Locals:         0       0       0       0       0       0       0
      Temps:          0       3       0       0       0       0       0
      Totals:         0       9       0       0       0       0       0
Total ram usage:        9 bytes
 Hardware stack levels used:    1
 Hardware stack levels required when called:    4
 This function calls:
		Nothing
 This function is called by:
		_password
 This function uses a non-reentrant model


 *************** function i1_printf *****************
 Defined at:
		line 464 in file "C:\Program Files (x86)\Microchip\xc8\v1.45\sources\common\doprnt.c"
 Parameters:    Size  Location     Type
  f               2   22[BANK0 ] PTR const unsigned char 
		 -> STR_70(4), STR_69(23), STR_68(9), STR_67(28), 
		 -> STR_66(26), STR_65(25), STR_64(133), STR_63(20), 
		 -> STR_62(21), STR_61(14), STR_60(15), STR_59(23), 
		 -> STR_58(3), STR_57(27), STR_56(26), STR_55(25), 
		 -> STR_54(25), STR_53(151), STR_52(20), STR_51(21), 
		 -> STR_50(14), STR_49(15), STR_48(23), STR_47(19), 
		 -> STR_46(18), STR_45(25), STR_44(117), STR_43(20), 
		 -> STR_42(21), STR_41(14), STR_40(15), STR_39(23), 
		 -> STR_38(21), STR_37(25), STR_36(109), STR_35(20), 
		 -> STR_34(21), STR_33(14), STR_32(15), STR_31(28), 
		 -> STR_30(21), STR_29(2), STR_28(11), STR_27(54), 
		 -> STR_26(25), STR_25(2), STR_24(21), STR_23(2), 
		 -> STR_22(25), STR_21(23), STR_20(25), STR_19(3), 
		 -> STR_18(161), STR_17(20), STR_16(21), STR_15(14), 
		 -> STR_14(15), STR_13(17), STR_12(2), STR_11(15), 
		 -> STR_10(39), STR_9(3), STR_8(57), STR_7(31), 
		 -> STR_6(36), STR_5(39), STR_4(31), STR_3(28), 
		 -> STR_2(7), STR_1(5), 
 Auto vars:     Size  Location     Type
  printf          4   33[BANK0 ] unsigned long 
  printf          4    0        struct .
  printf          3    0        PTR const unsigned char 
  printf          2   30[BANK0 ] PTR void [1]
		 -> ?i2_printf(2), ?i1_printf(2), ?_printf(2), 
  printf          2   28[BANK0 ] int 
  printf          2    0        unsigned int 
  printf          1   37[BANK0 ] char 
  printf          1   32[BANK0 ] unsigned char 
 Return value:  Size  Location     Type
                  2   22[BANK0 ] int 
 Registers used:
		wreg, fsr2l, fsr2h, status,2, status,0, tblptrl, tblptrh, tblptru, prodl, prodh, cstack
 Tracked objects:
		On entry : 
		On exit  : 
		Unchanged: 
 Data sizes:     COMRAM   BANK0   BANK1   BANK2   BANK3   BANK4   BANK5
      Params:         0       4       0       0       0       0       0
      Locals:         0      10       0       0       0       0       0
      Temps:          0       2       0       0       0       0       0
      Totals:         0      16       0       0       0       0       0
Total ram usage:       16 bytes
 Hardware stack levels used:    1
 Hardware stack levels required when called:    5
 This function calls:
		i1___lldiv
		i1___llmod
		i1_putch
 This function is called by:
		_temp_sensor
		_password
		i1_Clear
 This function uses a non-reentrant model


 *************** function i1_putch *****************
 Defined at:
		line 99 in file "Lab7.c"
 Parameters:    Size  Location     Type
  data            1    wreg     unsigned char 
 Auto vars:     Size  Location     Type
  data            1    0[BANK0 ] unsigned char 
 Return value:  Size  Location     Type
                  1    wreg      void 
 Registers used:
		wreg
 Tracked objects:
		On entry : 
		On exit  : 
		Unchanged: 
 Data sizes:     COMRAM   BANK0   BANK1   BANK2   BANK3   BANK4   BANK5
      Params:         0       0       0       0       0       0       0
      Locals:         0       1       0       0       0       0       0
      Temps:          0       0       0       0       0       0       0
      Totals:         0       1       0       0       0       0       0
Total ram usage:        1 bytes
 Hardware stack levels used:    1
 Hardware stack levels required when called:    4
 This function calls:
		Nothing
 This function is called by:
		i1_printf
 This function uses a non-reentrant model


 *************** function i1___llmod *****************
 Defined at:
		line 8 in file "C:\Program Files (x86)\Microchip\xc8\v1.45\sources\common\llmod.c"
 Parameters:    Size  Location     Type
  dividend        4   13[BANK0 ] unsigned long 
  divisor         4   17[BANK0 ] unsigned long 
 Auto vars:     Size  Location     Type
  __llmod         1   21[BANK0 ] unsigned char 
 Return value:  Size  Location     Type
                  4   13[BANK0 ] unsigned long 
 Registers used:
		wreg, status,2, status,0
 Tracked objects:
		On entry : 
		On exit  : 
		Unchanged: 
 Data sizes:     COMRAM   BANK0   BANK1   BANK2   BANK3   BANK4   BANK5
      Params:         0       8       0       0       0       0       0
      Locals:         0       1       0       0       0       0       0
      Temps:          0       0       0       0       0       0       0
      Totals:         0       9       0       0       0       0       0
Total ram usage:        9 bytes
 Hardware stack levels used:    1
 Hardware stack levels required when called:    4
 This function calls:
		Nothing
 This function is called by:
		i1_printf
 This function uses a non-reentrant model


 *************** function i1___lldiv *****************
 Defined at:
		line 8 in file "C:\Program Files (x86)\Microchip\xc8\v1.45\sources\common\lldiv.c"
 Parameters:    Size  Location     Type
  dividend        4    0[BANK0 ] unsigned long 
  divisor         4    4[BANK0 ] unsigned long 
 Auto vars:     Size  Location     Type
  __lldiv         4    8[BANK0 ] unsigned long 
  __lldiv         1   12[BANK0 ] unsigned char 
 Return value:  Size  Location     Type
                  4    0[BANK0 ] unsigned long 
 Registers used:
		wreg, status,2, status,0
 Tracked objects:
		On entry : 
		On exit  : 
		Unchanged: 
 Data sizes:     COMRAM   BANK0   BANK1   BANK2   BANK3   BANK4   BANK5
      Params:         0       8       0       0       0       0       0
      Locals:         0       5       0       0       0       0       0
      Temps:          0       0       0       0       0       0       0
      Totals:         0      13       0       0       0       0       0
Total ram usage:       13 bytes
 Hardware stack levels used:    1
 Hardware stack levels required when called:    4
 This function calls:
		Nothing
 This function is called by:
		i1_printf
 This function uses a non-reentrant model


 *************** function _ADC *****************
 Defined at:
		line 168 in file "Lab7.c"
 Parameters:    Size  Location     Type
		None
 Auto vars:     Size  Location     Type
		None
 Return value:  Size  Location     Type
                  1    wreg      void 
 Registers used:
		wreg, status,2, status,0, cstack
 Tracked objects:
		On entry : 
		On exit  : 
		Unchanged: 
 Data sizes:     COMRAM   BANK0   BANK1   BANK2   BANK3   BANK4   BANK5
      Params:         0       0       0       0       0       0       0
      Locals:         0       0       0       0       0       0       0
      Temps:          0       4       0       0       0       0       0
      Totals:         0       4       0       0       0       0       0
Total ram usage:        4 bytes
 Hardware stack levels used:    1
 Hardware stack levels required when called:    6
 This function calls:
		___aldiv
		___altoft
		___ftmul
		___fttol
		___lmul
 This function is called by:
		_temp_sensor
 This function uses a non-reentrant model


 *************** function ___lmul *****************
 Defined at:
		line 15 in file "C:\Program Files (x86)\Microchip\xc8\v1.45\sources\common\Umul32.c"
 Parameters:    Size  Location     Type
  multiplier      4    0[BANK0 ] unsigned long 
  multiplicand    4    4[BANK0 ] unsigned long 
 Auto vars:     Size  Location     Type
  product         4    8[BANK0 ] unsigned long 
 Return value:  Size  Location     Type
                  4    0[BANK0 ] unsigned long 
 Registers used:
		wreg, status,2, status,0
 Tracked objects:
		On entry : 
		On exit  : 
		Unchanged: 
 Data sizes:     COMRAM   BANK0   BANK1   BANK2   BANK3   BANK4   BANK5
      Params:         0       8       0       0       0       0       0
      Locals:         0       4       0       0       0       0       0
      Temps:          0       0       0       0       0       0       0
      Totals:         0      12       0       0       0       0       0
Total ram usage:       12 bytes
 Hardware stack levels used:    1
 Hardware stack levels required when called:    4
 This function calls:
		Nothing
 This function is called by:
		_ADC
 This function uses a non-reentrant model


 *************** function ___fttol *****************
 Defined at:
		line 44 in file "C:\Program Files (x86)\Microchip\xc8\v1.45\sources\common\fttol.c"
 Parameters:    Size  Location     Type
  f1              3   33[BANK0 ] float 
 Auto vars:     Size  Location     Type
  lval            4   43[BANK0 ] unsigned long 
  exp1            1   47[BANK0 ] unsigned char 
  sign1           1   42[BANK0 ] unsigned char 
 Return value:  Size  Location     Type
                  4   33[BANK0 ] long 
 Registers used:
		wreg, status,2, status,0
 Tracked objects:
		On entry : 
		On exit  : 
		Unchanged: 
 Data sizes:     COMRAM   BANK0   BANK1   BANK2   BANK3   BANK4   BANK5
      Params:         0       4       0       0       0       0       0
      Locals:         0       6       0       0       0       0       0
      Temps:          0       5       0       0       0       0       0
      Totals:         0      15       0       0       0       0       0
Total ram usage:       15 bytes
 Hardware stack levels used:    1
 Hardware stack levels required when called:    4
 This function calls:
		Nothing
 This function is called by:
		_ADC
 This function uses a non-reentrant model


 *************** function ___ftmul *****************
 Defined at:
		line 62 in file "C:\Program Files (x86)\Microchip\xc8\v1.45\sources\common\ftmul.c"
 Parameters:    Size  Location     Type
  f1              3   18[BANK0 ] float 
  f2              3   21[BANK0 ] float 
 Auto vars:     Size  Location     Type
  f3_as_produc    3   28[BANK0 ] unsigned um
  sign            1   32[BANK0 ] unsigned char 
  cntr            1   31[BANK0 ] unsigned char 
  exp             1   27[BANK0 ] unsigned char 
 Return value:  Size  Location     Type
                  3   18[BANK0 ] float 
 Registers used:
		wreg, status,2, status,0, cstack
 Tracked objects:
		On entry : 
		On exit  : 
		Unchanged: 
 Data sizes:     COMRAM   BANK0   BANK1   BANK2   BANK3   BANK4   BANK5
      Params:         0       6       0       0       0       0       0
      Locals:         0       6       0       0       0       0       0
      Temps:          0       3       0       0       0       0       0
      Totals:         0      15       0       0       0       0       0
Total ram usage:       15 bytes
 Hardware stack levels used:    1
 Hardware stack levels required when called:    5
 This function calls:
		___ftpack
 This function is called by:
		_ADC
 This function uses a non-reentrant model


 *************** function ___altoft *****************
 Defined at:
		line 42 in file "C:\Program Files (x86)\Microchip\xc8\v1.45\sources\common\altoft.c"
 Parameters:    Size  Location     Type
  c               4    8[BANK0 ] long 
 Auto vars:     Size  Location     Type
  sign            1   17[BANK0 ] unsigned char 
  exp             1   16[BANK0 ] unsigned char 
 Return value:  Size  Location     Type
                  3    8[BANK0 ] float 
 Registers used:
		wreg, status,2, status,0, cstack
 Tracked objects:
		On entry : 
		On exit  : 
		Unchanged: 
 Data sizes:     COMRAM   BANK0   BANK1   BANK2   BANK3   BANK4   BANK5
      Params:         0       4       0       0       0       0       0
      Locals:         0       2       0       0       0       0       0
      Temps:          0       4       0       0       0       0       0
      Totals:         0      10       0       0       0       0       0
Total ram usage:       10 bytes
 Hardware stack levels used:    1
 Hardware stack levels required when called:    5
 This function calls:
		___ftpack
 This function is called by:
		_ADC
 This function uses a non-reentrant model


 *************** function ___ftpack *****************
 Defined at:
		line 62 in file "C:\Program Files (x86)\Microchip\xc8\v1.45\sources\common\float.c"
 Parameters:    Size  Location     Type
  arg             3    0[BANK0 ] unsigned um
  exp             1    3[BANK0 ] unsigned char 
  sign            1    4[BANK0 ] unsigned char 
 Auto vars:     Size  Location     Type
		None
 Return value:  Size  Location     Type
                  3    0[BANK0 ] float 
 Registers used:
		wreg, status,2, status,0
 Tracked objects:
		On entry : 
		On exit  : 
		Unchanged: 
 Data sizes:     COMRAM   BANK0   BANK1   BANK2   BANK3   BANK4   BANK5
      Params:         0       5       0       0       0       0       0
      Locals:         0       0       0       0       0       0       0
      Temps:          0       3       0       0       0       0       0
      Totals:         0       8       0       0       0       0       0
Total ram usage:        8 bytes
 Hardware stack levels used:    1
 Hardware stack levels required when called:    4
 This function calls:
		Nothing
 This function is called by:
		___altoft
		___ftmul
 This function uses a non-reentrant model


 *************** function ___aldiv *****************
 Defined at:
		line 8 in file "C:\Program Files (x86)\Microchip\xc8\v1.45\sources\common\aldiv.c"
 Parameters:    Size  Location     Type
  dividend        4    0[BANK0 ] long 
  divisor         4    4[BANK0 ] long 
 Auto vars:     Size  Location     Type
  quotient        4   10[BANK0 ] long 
  sign            1    9[BANK0 ] unsigned char 
  counter         1    8[BANK0 ] unsigned char 
 Return value:  Size  Location     Type
                  4    0[BANK0 ] long 
 Registers used:
		wreg, status,2, status,0
 Tracked objects:
		On entry : 
		On exit  : 
		Unchanged: 
 Data sizes:     COMRAM   BANK0   BANK1   BANK2   BANK3   BANK4   BANK5
      Params:         0       8       0       0       0       0       0
      Locals:         0       6       0       0       0       0       0
      Temps:          0       0       0       0       0       0       0
      Totals:         0      14       0       0       0       0       0
Total ram usage:       14 bytes
 Hardware stack levels used:    1
 Hardware stack levels required when called:    4
 This function calls:
		Nothing
 This function is called by:
		_ADC
 This function uses a non-reentrant model


 *************** function _alarm *****************
 Defined at:
		line 111 in file "Lab7.c"
 Parameters:    Size  Location     Type
		None
 Auto vars:     Size  Location     Type
		None
 Return value:  Size  Location     Type
                  1    wreg      void 
 Registers used:
		wreg, fsr1l, fsr1h, fsr2l, fsr2h, status,2, status,0, tblptrl, tblptrh, tblptru, prodl, prodh, cstack
 Tracked objects:
		On entry : 
		On exit  : 
		Unchanged: 
 Data sizes:     COMRAM   BANK0   BANK1   BANK2   BANK3   BANK4   BANK5
      Params:         0       0       0       0       0       0       0
      Locals:         0       0       0       0       0       0       0
      Temps:         18       0       0       0       0       0       0
      Totals:        18       0       0       0       0       0       0
Total ram usage:       18 bytes
 Hardware stack levels used:    1
 Hardware stack levels required when called:    3
 This function calls:
		i2_Clear
		i2_password
		i2_printf
 This function is called by:
		Interrupt level 2
 This function uses a non-reentrant model


 *************** function i2_password *****************
 Defined at:
		line 412 in file "Lab7.c"
 Parameters:    Size  Location     Type
		None
 Auto vars:     Size  Location     Type
  password        2   36[COMRAM] int 
 Return value:  Size  Location     Type
                  1    wreg      void 
 Registers used:
		wreg, fsr1l, fsr1h, fsr2l, fsr2h, status,2, status,0, tblptrl, tblptrh, tblptru, prodl, prodh, cstack
 Tracked objects:
		On entry : 
		On exit  : 
		Unchanged: 
 Data sizes:     COMRAM   BANK0   BANK1   BANK2   BANK3   BANK4   BANK5
      Params:         0       0       0       0       0       0       0
      Locals:         2       0       0       0       0       0       0
      Temps:          0       0       0       0       0       0       0
      Totals:         2       0       0       0       0       0       0
Total ram usage:        2 bytes
 Hardware stack levels used:    1
 Hardware stack levels required when called:    2
 This function calls:
		i2_printf
		i2_strncmp
 This function is called by:
		_alarm
 This function uses a non-reentrant model


 *************** function i2_strncmp *****************
 Defined at:
		line 4 in file "C:\Program Files (x86)\Microchip\xc8\v1.45\sources\common\strncmp.c"
 Parameters:    Size  Location     Type
  s1              2    0[COMRAM] PTR const unsigned char 
		 -> pass(4), 
  s2              2    2[COMRAM] PTR const unsigned char 
		 -> saved_pass(4), 
  len             2    4[COMRAM] unsigned int 
 Auto vars:     Size  Location     Type
		None
 Return value:  Size  Location     Type
                  2    0[COMRAM] int 
 Registers used:
		wreg, fsr1l, fsr1h, fsr2l, fsr2h, status,2, status,0
 Tracked objects:
		On entry : 
		On exit  : 
		Unchanged: 
 Data sizes:     COMRAM   BANK0   BANK1   BANK2   BANK3   BANK4   BANK5
      Params:         6       0       0       0       0       0       0
      Locals:         0       0       0       0       0       0       0
      Temps:          3       0       0       0       0       0       0
      Totals:         9       0       0       0       0       0       0
Total ram usage:        9 bytes
 Hardware stack levels used:    1
 This function calls:
		Nothing
 This function is called by:
		i2_password
 This function uses a non-reentrant model


 *************** function i2_Clear *****************
 Defined at:
		line 105 in file "Lab7.c"
 Parameters:    Size  Location     Type
		None
 Auto vars:     Size  Location     Type
		None
 Return value:  Size  Location     Type
                  1    wreg      void 
 Registers used:
		wreg, fsr2l, fsr2h, status,2, status,0, tblptrl, tblptrh, tblptru, prodl, prodh, cstack
 Tracked objects:
		On entry : 
		On exit  : 
		Unchanged: 
 Data sizes:     COMRAM   BANK0   BANK1   BANK2   BANK3   BANK4   BANK5
      Params:         0       0       0       0       0       0       0
      Locals:         0       0       0       0       0       0       0
      Temps:          0       0       0       0       0       0       0
      Totals:         0       0       0       0       0       0       0
Total ram usage:        0 bytes
 Hardware stack levels used:    1
 Hardware stack levels required when called:    2
 This function calls:
		i2_printf
 This function is called by:
		_alarm
 This function uses a non-reentrant model


 *************** function i2_printf *****************
 Defined at:
		line 464 in file "C:\Program Files (x86)\Microchip\xc8\v1.45\sources\common\doprnt.c"
 Parameters:    Size  Location     Type
  f               2   22[COMRAM] PTR const unsigned char 
		 -> STR_70(4), STR_69(23), STR_68(9), STR_67(28), 
		 -> STR_66(26), STR_65(25), STR_64(133), STR_63(20), 
		 -> STR_62(21), STR_61(14), STR_60(15), STR_59(23), 
		 -> STR_58(3), STR_57(27), STR_56(26), STR_55(25), 
		 -> STR_54(25), STR_53(151), STR_52(20), STR_51(21), 
		 -> STR_50(14), STR_49(15), STR_48(23), STR_47(19), 
		 -> STR_46(18), STR_45(25), STR_44(117), STR_43(20), 
		 -> STR_42(21), STR_41(14), STR_40(15), STR_39(23), 
		 -> STR_38(21), STR_37(25), STR_36(109), STR_35(20), 
		 -> STR_34(21), STR_33(14), STR_32(15), STR_31(28), 
		 -> STR_30(21), STR_29(2), STR_28(11), STR_27(54), 
		 -> STR_26(25), STR_25(2), STR_24(21), STR_23(2), 
		 -> STR_22(25), STR_21(23), STR_20(25), STR_19(3), 
		 -> STR_18(161), STR_17(20), STR_16(21), STR_15(14), 
		 -> STR_14(15), STR_13(17), STR_12(2), STR_11(15), 
		 -> STR_10(39), STR_9(3), STR_8(57), STR_7(31), 
		 -> STR_6(36), STR_5(39), STR_4(31), STR_3(28), 
		 -> STR_2(7), STR_1(5), 
 Auto vars:     Size  Location     Type
  printf          4   31[COMRAM] unsigned long 
  printf          4    0        struct .
  printf          3    0        PTR const unsigned char 
  printf          2   28[COMRAM] PTR void [1]
		 -> ?i2_printf(2), ?i1_printf(2), ?_printf(2), 
  printf          2   26[COMRAM] int 
  printf          2    0        unsigned int 
  printf          1   35[COMRAM] char 
  printf          1   30[COMRAM] unsigned char 
 Return value:  Size  Location     Type
                  2   22[COMRAM] int 
 Registers used:
		wreg, fsr2l, fsr2h, status,2, status,0, tblptrl, tblptrh, tblptru, prodl, prodh, cstack
 Tracked objects:
		On entry : 
		On exit  : 
		Unchanged: 
 Data sizes:     COMRAM   BANK0   BANK1   BANK2   BANK3   BANK4   BANK5
      Params:         2       0       0       0       0       0       0
      Locals:        10       0       0       0       0       0       0
      Temps:          2       0       0       0       0       0       0
      Totals:        14       0       0       0       0       0       0
Total ram usage:       14 bytes
 Hardware stack levels used:    1
 Hardware stack levels required when called:    1
 This function calls:
		i2___lldiv
		i2___llmod
		i2_putch
 This function is called by:
		_alarm
		i2_Clear
		i2_password
 This function uses a non-reentrant model


 *************** function i2_putch *****************
 Defined at:
		line 99 in file "Lab7.c"
 Parameters:    Size  Location     Type
  data            1    wreg     unsigned char 
 Auto vars:     Size  Location     Type
  data            1    0[COMRAM] unsigned char 
 Return value:  Size  Location     Type
                  1    wreg      void 
 Registers used:
		wreg
 Tracked objects:
		On entry : 
		On exit  : 
		Unchanged: 
 Data sizes:     COMRAM   BANK0   BANK1   BANK2   BANK3   BANK4   BANK5
      Params:         0       0       0       0       0       0       0
      Locals:         1       0       0       0       0       0       0
      Temps:          0       0       0       0       0       0       0
      Totals:         1       0       0       0       0       0       0
Total ram usage:        1 bytes
 Hardware stack levels used:    1
 This function calls:
		Nothing
 This function is called by:
		i2_printf
 This function uses a non-reentrant model


 *************** function i2___llmod *****************
 Defined at:
		line 8 in file "C:\Program Files (x86)\Microchip\xc8\v1.45\sources\common\llmod.c"
 Parameters:    Size  Location     Type
  dividend        4   13[COMRAM] unsigned long 
  divisor         4   17[COMRAM] unsigned long 
 Auto vars:     Size  Location     Type
  __llmod         1   21[COMRAM] unsigned char 
 Return value:  Size  Location     Type
                  4   13[COMRAM] unsigned long 
 Registers used:
		wreg, status,2, status,0
 Tracked objects:
		On entry : 
		On exit  : 
		Unchanged: 
 Data sizes:     COMRAM   BANK0   BANK1   BANK2   BANK3   BANK4   BANK5
      Params:         8       0       0       0       0       0       0
      Locals:         1       0       0       0       0       0       0
      Temps:          0       0       0       0       0       0       0
      Totals:         9       0       0       0       0       0       0
Total ram usage:        9 bytes
 Hardware stack levels used:    1
 This function calls:
		Nothing
 This function is called by:
		i2_printf
 This function uses a non-reentrant model


 *************** function i2___lldiv *****************
 Defined at:
		line 8 in file "C:\Program Files (x86)\Microchip\xc8\v1.45\sources\common\lldiv.c"
 Parameters:    Size  Location     Type
  dividend        4    0[COMRAM] unsigned long 
  divisor         4    4[COMRAM] unsigned long 
 Auto vars:     Size  Location     Type
  __lldiv         4    8[COMRAM] unsigned long 
  __lldiv         1   12[COMRAM] unsigned char 
 Return value:  Size  Location     Type
                  4    0[COMRAM] unsigned long 
 Registers used:
		wreg, status,2, status,0
 Tracked objects:
		On entry : 
		On exit  : 
		Unchanged: 
 Data sizes:     COMRAM   BANK0   BANK1   BANK2   BANK3   BANK4   BANK5
      Params:         8       0       0       0       0       0       0
      Locals:         5       0       0       0       0       0       0
      Temps:          0       0       0       0       0       0       0
      Totals:        13       0       0       0       0       0       0
Total ram usage:       13 bytes
 Hardware stack levels used:    1
 This function calls:
		Nothing
 This function is called by:
		i2_printf
 This function uses a non-reentrant model



MODULE INFORMATION

Module		Function		Class		Link	Load	Size
C:\Program Files (x86)\Microchip\xc8\v1.45\sources\common\float.c
		___ftpack      		CODE           	153A	0000	177

C:\Program Files (x86)\Microchip\xc8\v1.45\sources\common\float.c estimated size: 177

C:\Program Files (x86)\Microchip\xc8\v1.45\sources\common\doprnt.c
		_printf        		CODE           	0634	0000	441

C:\Program Files (x86)\Microchip\xc8\v1.45\sources\common\doprnt.c estimated size: 441

Lab7.c
		_ADC           		CODE           	0F68	0000	305
		_alarm         		CODE           	0008	0000	217
		_putch         		CODE           	1D98	0000	15
		_temp_sensor   		CODE           	0018	0000	469
		_password      		CODE           	15EA	0000	175
		_main          		CODE           	01F0	0000	645
		_keypad        		CODE           	1CCE	0000	65
		_alarm_options 		CODE           	0CE2	0000	341
		_Clear         		CODE           	1D42	0000	31
		_temp_options  		CODE           	0474	0000	449
		_password_options		CODE           	1098	0000	277
		_input_options 		CODE           	0B4E	0000	405
		_password_change		CODE           	0E36	0000	307
		_write_eeprom  		CODE           	1D0E	0000	53

Lab7.c estimated size: 3754

C:\Program Files (x86)\Microchip\xc8\v1.45\sources\common\ftmul.c
		___ftmul       		CODE           	12A4	0000	247

C:\Program Files (x86)\Microchip\xc8\v1.45\sources\common\ftmul.c estimated size: 247

C:\Program Files (x86)\Microchip\xc8\v1.45\sources\common\llmod.c
		___llmod       		CODE           	1B40	0000	105

C:\Program Files (x86)\Microchip\xc8\v1.45\sources\common\llmod.c estimated size: 105

C:\Program Files (x86)\Microchip\xc8\v1.45\sources\common\Umul32.c
		___lmul        		CODE           	1C76	0000	89

C:\Program Files (x86)\Microchip\xc8\v1.45\sources\common\Umul32.c estimated size: 89

shared
		i1_printf      		CODE           	07EC	0000	441
		i2_printf      		CODE           	09A4	0000	427
		i1_Clear       		CODE           	1D60	0000	31
		i2_Clear       		CODE           	1D7E	0000	27
		i2_password    		CODE           	1698	0000	163
		i1_putch       		CODE           	1DA6	0000	15
		i2_putch       		CODE           	1DB4	0000	13
		i1_strncmp     		CODE           	19CC	0000	129
		i2_strncmp     		CODE           	1AC6	0000	123
		_dpowers       		MEDIUMCONST    	7A59	0000	41
		i1___lldiv     		CODE           	1846	0000	133
		i2___lldiv     		CODE           	18CA	0000	131
		__initialization		CODE           	173A	0000	123
		i1___llmod     		CODE           	1BA8	0000	105
		i2___llmod     		CODE           	1C10	0000	103

shared estimated size: 2005

C:\Program Files (x86)\Microchip\xc8\v1.45\sources\common\fttol.c
		___fttol       		CODE           	11AC	0000	249

C:\Program Files (x86)\Microchip\xc8\v1.45\sources\common\fttol.c estimated size: 249

C:\Program Files (x86)\Microchip\xc8\v1.45\sources\common\lldiv.c
		___lldiv       		CODE           	17C2	0000	133

C:\Program Files (x86)\Microchip\xc8\v1.45\sources\common\lldiv.c estimated size: 133

C:\Program Files (x86)\Microchip\xc8\v1.45\sources\common\aldiv.c
		___aldiv       		CODE           	146C	0000	207

C:\Program Files (x86)\Microchip\xc8\v1.45\sources\common\aldiv.c estimated size: 207

C:\Program Files (x86)\Microchip\xc8\v1.45\sources\common\strncmp.c
		_strncmp       		CODE           	194C	0000	129

C:\Program Files (x86)\Microchip\xc8\v1.45\sources\common\strncmp.c estimated size: 129

C:\Program Files (x86)\Microchip\xc8\v1.45\sources\common\altoft.c
		___altoft      		CODE           	1A4C	0000	123

C:\Program Files (x86)\Microchip\xc8\v1.45\sources\common\altoft.c estimated size: 123

