Microchip MPLAB XC8 Compiler V1.45 ()

Linker command line:

-W-3 --edf=C:\Program Files (x86)\Microchip\xc8\v1.45\dat\en_msgs.txt -cs \
  -h+dist/default/production\Embedded_Project-save3.X.production.sym \
  --cmf=dist/default/production\Embedded_Project-save3.X.production.cmf -z \
  -Q18F4520 -oC:\Users\WILLIA~1\AppData\Local\Temp\sa90.2 \
  -Mdist/default/production/Embedded_Project-save3.X.production.map -E1 \
  -ver=XC8 -ASTACK=015Fh-05ffh -pstack=STACK -ACODE=00h-07FFFh \
  -ACONST=00h-07FFFh -ASMALLCONST=0600h-06FFhx122 \
  -AMEDIUMCONST=0600h-07FFFh -ACOMRAM=01h-07Fh -AABS1=00h-05FFh \
  -ABIGRAM=01h-05FFh -ARAM=080h-0FFh,0100h-01FFhx5 -ABANK0=080h-0FFh \
  -ABANK1=0100h-01FFh -ABANK2=0200h-02FFh -ABANK3=0300h-03FFh \
  -ABANK4=0400h-04FFh -ABANK5=0500h-05FFh -ASFR=0F80h-0FFFh \
  -preset_vec=00h,intcode=08h,intcodelo=018h,powerup,init -pramtop=0600h \
  -psmallconst=SMALLCONST -pmediumconst=MEDIUMCONST -pconst=CONST \
  -AFARRAM=00h-00h -ACONFIG=0300000h-030000Dh -pconfig=CONFIG \
  -AIDLOC=0200000h-0200007h -pidloc=IDLOC -AEEDATA=0F00000h-0F000FFh \
  -peeprom_data=EEDATA \
  -prdata=COMRAM,nvrram=COMRAM,nvbit=COMRAM,rbss=COMRAM,rbit=COMRAM \
  -pfarbss=FARRAM,fardata=FARRAM,nvFARRAM=FARRAM \
  -pintsave_regs=BIGRAM,bigbss=BIGRAM,bigdata=BIGRAM -pbss=RAM \
  -pidata=CODE,irdata=CODE,ibigdata=CODE,ifardata=CODE -prparam=COMRAM \
  C:\Users\WILLIA~1\AppData\Local\Temp\sa90.obj \
  dist/default/production\Embedded_Project-save3.X.production.obj 

Object code version is 3.11

Machine type is 18F4520

Call graph: (short form)




                Name                               Link     Load   Length Selector   Space Scale
C:\Users\WILLIA~1\AppData\Local\Temp\sa90.obj
                init                                424      424        4        C       0
                reset_vec                             0        0        4        0       0
                idloc                            200000   200000        8   200000       0
                config                           300000   300000        E   300000       0
dist/default/production\Embedded_Project-save3.X.production.obj
                intcodelo                            18       18      40C        C       0
                intcode                               8        8        6        4       0
                temp                                 4F       4F        1        1       1
                mediumconst                        78F4     78F4      70C     3C7A       0
                text40                             2CD6     2CD6       82        C       0
                text39                             2F0A     2F0A       66        C       0
                text38                             30D8     30D8        C        C       0
                text37                             1ED0     1ED0      1AA        C       0
                text36                             306C     306C       1A        C       0
                text35                             30AA     30AA       12        C       0
                text34                             207A     207A      190        C       0
                text33                             24D4     24D4      14A        C       0
                intcode_body                       274C     274C      116        C       0
                text31                             2A50     2A50       CE        C       0
                text30                             2B1E     2B1E       B0        C       0
                text29                             2D58     2D58       7A        C       0
                text28                             295A     295A       F6        C       0
                text27                             2862     2862       F8        C       0
                text26                             2F70     2F70       58        C       0
                text25                             261E     261E      12E        C       0
                text24                             2C52     2C52       84        C       0
                text23                             2EA2     2EA2       68        C       0
                text22                             30CA     30CA        E        C       0
                text21                             19B8     19B8      1B8        C       0
                text20                             304E     304E       1E        C       0
                text19                             3098     3098       12        C       0
                text18                             1D20     1D20      1B0        C       0
                text17                             220A     220A      16C        C       0
                text16                             2FFC     2FFC       34        C       0
                text14                             2BCE     2BCE       84        C       0
                text13                             2E3A     2E3A       68        C       0
                text12                             30BC     30BC        E        C       0
                text11                             1800     1800      1B8        C       0
                text10                             3030     3030       1E        C       0
                text9                              3086     3086       12        C       0
                text8                              1B70     1B70      1B0        C       0
                text7                              2FC8     2FC8       34        C       0
                text6                              13AE     13AE      24C        C       0
                text5                              1100     1100      2AE        C       0
                text4                              2376     2376      15E        C       0
                text3                               D90      D90      370        C       0
                text2                              15FA     15FA      206        C       0
                text1                               428      428      4B6        C       0
                text0                               8DE      8DE      4B2        C       0
                cstackCOMRAM                          1        1       43        1       1
                cstackBANK0                          80       80       52       80       1
                cstackBANK1                         100      100       48      100       1
                dataBANK1                           15C      15C        3      100       1
                bssBANK1                            148      148       14      100       1
                dataBANK0                            E4       E4        2       80       1
                bssBANK0                             D2       D2       12       80       1
                bssCOMRAM                            44       44        B        1       1
                cinit                              2DD2     2DD2       68        C       0
                idataBANK1                         30E4     30E4        3        C       0
                idataBANK0                         30E7     30E7        2        C       0

TOTAL           Name                               Link     Load   Length     Space
        CLASS   STACK          

        CLASS   CODE           
                intcodelo                            18       18      40C         0
                intcode                               8        8        6         0
                init                                424      424        4         0
                reset_vec                             0        0        4         0
                text40                             2CD6     2CD6       82         0
                text39                             2F0A     2F0A       66         0
                text38                             30D8     30D8        C         0
                text37                             1ED0     1ED0      1AA         0
                text36                             306C     306C       1A         0
                text35                             30AA     30AA       12         0
                text34                             207A     207A      190         0
                text33                             24D4     24D4      14A         0
                intcode_body                       274C     274C      116         0
                text31                             2A50     2A50       CE         0
                text30                             2B1E     2B1E       B0         0
                text29                             2D58     2D58       7A         0
                text28                             295A     295A       F6         0
                text27                             2862     2862       F8         0
                text26                             2F70     2F70       58         0
                text25                             261E     261E      12E         0
                text24                             2C52     2C52       84         0
                text23                             2EA2     2EA2       68         0
                text22                             30CA     30CA        E         0
                text21                             19B8     19B8      1B8         0
                text20                             304E     304E       1E         0
                text19                             3098     3098       12         0
                text18                             1D20     1D20      1B0         0
                text17                             220A     220A      16C         0
                text16                             2FFC     2FFC       34         0
                text14                             2BCE     2BCE       84         0
                text13                             2E3A     2E3A       68         0
                text12                             30BC     30BC        E         0
                text11                             1800     1800      1B8         0
                text10                             3030     3030       1E         0
                text9                              3086     3086       12         0
                text8                              1B70     1B70      1B0         0
                text7                              2FC8     2FC8       34         0
                text6                              13AE     13AE      24C         0
                text5                              1100     1100      2AE         0
                text4                              2376     2376      15E         0
                text3                               D90      D90      370         0
                text2                              15FA     15FA      206         0
                text1                               428      428      4B6         0
                text0                               8DE      8DE      4B2         0
                cinit                              2DD2     2DD2       68         0
                idataBANK1                         30E4     30E4        3         0
                idataBANK0                         30E7     30E7        2         0

        CLASS   CONST          

        CLASS   SMALLCONST     

        CLASS   MEDIUMCONST    
                mediumconst                        78F4     78F4      70C         0

        CLASS   COMRAM         
                temp                                 4F       4F        1         1
                cstackCOMRAM                          1        1       43         1
                bssCOMRAM                            44       44        B         1

        CLASS   ABS1           

        CLASS   BIGRAM         

        CLASS   RAM            

        CLASS   BANK0          
                cstackBANK0                          80       80       52         1
                dataBANK0                            E4       E4        2         1
                bssBANK0                             D2       D2       12         1

        CLASS   BANK1          
                cstackBANK1                         100      100       48         1
                dataBANK1                           15C      15C        3         1
                bssBANK1                            148      148       14         1

        CLASS   BANK2          

        CLASS   BANK3          

        CLASS   BANK4          

        CLASS   BANK5          

        CLASS   SFR            

        CLASS   FARRAM         

        CLASS   CONFIG         
                config                           300000   300000        E         0

        CLASS   IDLOC          
                idloc                            200000   200000        8         0

        CLASS   EEDATA         



SEGMENTS        Name                           Load    Length   Top    Selector   Space  Class

                reset_vec                      000000  000004  000004         0       0  CODE    
                cstackCOMRAM                   000001  00004F  000050         1       1  COMRAM  
                intcode                        000008  000006  00000E         4       0  CODE    
                intcodelo                      000018  0030D1  0030E9         C       0  CODE    
                cstackBANK0                    000080  000066  0000E6        80       1  BANK0   
                cstackBANK1                    000100  00005F  00015F       100       1  BANK1   
                mediumconst                    0078F4  00070C  008000      3C7A       0  MEDIUMCO
                idloc                          200000  000008  200008    200000       0  IDLOC   
                config                         300000  00000E  30000E    300000       0  CONFIG  


UNUSED ADDRESS RANGES

        Name                Unused          Largest block    Delta
        BANK0            0000E6-0000FF               1A
        BANK1            00015F-0001FF               A1
        BANK2            000200-0002FF              100
        BANK3            000300-0003FF              100
        BANK4            000400-0004FF              100
        BANK5            000500-0005FF              100
        BIGRAM           000050-00007F               30
                         0000E6-0000FF               1A
                         00015F-0005FF              4A1
        CODE             000004-000007                4
                         00000E-000017                A
                         0030E9-0078F3             480B
        COMRAM           000050-00007F               30
        CONST            000004-000007                4
                         00000E-000017                A
                         0030E9-0078F3             480B
        EEDATA           F00000-F000FF              100
        MEDIUMCONST      0030E9-0078F3             480B
        RAM              0000E6-0000FF               1A
                         00015F-0005FF              100
        SFR              000F80-000FFF               80
        SMALLCONST       0030E9-0078F3              100
        STACK            00015F-0005FF              4A1

                                  Symbol Table

?___aldiv                  cstackBANK0  000080
?___altoft                 cstackBANK0  000088
?___ftmul                  cstackBANK0  000092
?___ftpack                 cstackBANK0  000080
?___fttol                  cstackBANK0  0000A1
?___lldiv                  cstackBANK1  000100
?___llmod                  cstackBANK1  00010D
?___lmul                   cstackBANK0  000080
?_keypad                   cstackBANK1  000100
?_printf                   cstackBANK1  000116
?i1___lldiv                cstackBANK0  000080
?i1___llmod                cstackBANK0  00008D
?i1_keypad                 cstackBANK0  000080
?i1_printf                 cstackBANK0  000096
?i2___lldiv                cstackCOMRAM 000001
?i2___llmod                cstackCOMRAM 00000E
?i2_keypad                 cstackCOMRAM 000001
?i2_printf                 cstackCOMRAM 000017
Read_b_eep@badd            cstackBANK1  000100
_ADC                       text25       00261E
_ADCON0bits                (abs)        000FC2
_ADCON1bits                (abs)        000FC1
_ADCON2bits                (abs)        000FC0
_ADRESH                    (abs)        000FC4
_ADRESL                    (abs)        000FC3
_Clear                     text10       003030
_EEADR                     (abs)        000FA9
_EECON1bits                (abs)        000FA6
_EECON2                    (abs)        000FA7
_EEDATA                    (abs)        000FA8
_INTCON2bits               (abs)        000FF1
_INTCON3bits               (abs)        000FF0
_INTCONbits                (abs)        000FF2
_IPR1bits                  (abs)        000F9F
_PIE1bits                  (abs)        000F9D
_PIR1bits                  (abs)        000F9E
_PORTBbits                 (abs)        000F81
_PORTDbits                 (abs)        000F83
_RCONbits                  (abs)        000FD0
_RCREG                     (abs)        000FAE
_RCSTAbits                 (abs)        000FAB
_Read_b_eep                text9        003086
_SPBRG                     (abs)        000FAF
_T0CONbits                 (abs)        000FD5
_TMR0H                     (abs)        000FD7
_TMR0L                     (abs)        000FD6
_TRISB                     (abs)        000F93
_TRISCbits                 (abs)        000F94
_TRISDbits                 (abs)        000F95
_TXREG                     (abs)        000FAD
_TXSTAbits                 (abs)        000FAC
__CFG_BOREN$OFF            (abs)        000000
__CFG_BORV$3               (abs)        000000
__CFG_CCP2MX$PORTC         (abs)        000000
__CFG_CP0$OFF              (abs)        000000
__CFG_CP1$OFF              (abs)        000000
__CFG_CP2$OFF              (abs)        000000
__CFG_CP3$OFF              (abs)        000000
__CFG_CPB$OFF              (abs)        000000
__CFG_CPD$OFF              (abs)        000000
__CFG_EBTR0$OFF            (abs)        000000
__CFG_EBTR1$OFF            (abs)        000000
__CFG_EBTR2$OFF            (abs)        000000
__CFG_EBTR3$OFF            (abs)        000000
__CFG_EBTRB$OFF            (abs)        000000
__CFG_FCMEN$OFF            (abs)        000000
__CFG_IESO$OFF             (abs)        000000
__CFG_LPT1OSC$OFF          (abs)        000000
__CFG_LVP$OFF              (abs)        000000
__CFG_MCLRE$ON             (abs)        000000
__CFG_OSC$HS               (abs)        000000
__CFG_PBADEN$OFF           (abs)        000000
__CFG_PWRT$OFF             (abs)        000000
__CFG_STVREN$ON            (abs)        000000
__CFG_WDT$OFF              (abs)        000000
__CFG_WDTPS$32768          (abs)        000000
__CFG_WRT0$OFF             (abs)        000000
__CFG_WRT1$OFF             (abs)        000000
__CFG_WRT2$OFF             (abs)        000000
__CFG_WRT3$OFF             (abs)        000000
__CFG_WRTB$OFF             (abs)        000000
__CFG_WRTC$OFF             (abs)        000000
__CFG_WRTD$OFF             (abs)        000000
__CFG_XINST$OFF            (abs)        000000
__HRAM                     (abs)        000000
__Habs1                    abs1         000000
__Hbank0                   bank0        000000
__Hbank1                   bank1        000000
__Hbank2                   bank2        000000
__Hbank3                   bank3        000000
__Hbank4                   bank4        000000
__Hbank5                   bank5        000000
__Hbigbss                  bigbss       000000
__Hbigdata                 bigdata      000000
__Hbigram                  bigram       000000
__Hbss                     bss          000000
__HbssBANK0                bssBANK0     000000
__HbssBANK1                bssBANK1     000000
__HbssCOMRAM               bssCOMRAM    000000
__Hcinit                   cinit        000000
__Hclrtext                 clrtext      000000
__Hcomram                  comram       000000
__Hconfig                  config       30000E
__Hconst                   const        000000
__HcstackBANK0             cstackBANK0  000000
__HcstackBANK1             cstackBANK1  000000
__HcstackCOMRAM            cstackCOMRAM 000000
__Hdata                    data         000000
__HdataBANK0               dataBANK0    000000
__HdataBANK1               dataBANK1    000000
__Heeprom_data             eeprom_data  000000
__Hfarbss                  farbss       000000
__Hfardata                 fardata      000000
__Hibigdata                ibigdata     000000
__Hidata                   idata        000000
__HidataBANK0              idataBANK0   000000
__HidataBANK1              idataBANK1   000000
__Hidloc                   idloc        200008
__Hifardata                ifardata     000000
__Hinit                    init         000428
__Hintcode                 intcode      00000E
__Hintcode_body            intcode_body 000000
__Hintcodelo               intcodelo    000424
__Hintentry                intentry     000000
__Hintret                  intret       000000
__Hintsave_regs            intsave_regs 000000
__Hirdata                  irdata       000000
__Hmediumconst             mediumconst  008000
__HnvFARRAM                nvFARRAM     000000
__Hnvbit                   nvbit        000000
__Hnvrram                  nvrram       000000
__Hparam                   rparam       000000
__Hpowerup                 powerup      000424
__Hram                     ram          000000
__Hramtop                  ramtop       000600
__Hrbit                    rbit         000000
__Hrbss                    rbss         000000
__Hrdata                   rdata        000000
__Hreset_vec               reset_vec    000004
__Hrparam                  rparam       000000
__Hsfr                     sfr          000000
__Hsmallconst              smallconst   000000
__Hspace_0                 (abs)        30000E
__Hspace_1                 (abs)        00015F
__Hspace_2                 (abs)        000000
__Hstack                   stack        000000
__Hstruct                  struct       000000
__Htemp                    temp         000050
__Htext                    text         000000
__Htext0                   text0        000000
__Htext1                   text1        000000
__Htext10                  text10       000000
__Htext11                  text11       000000
__Htext12                  text12       000000
__Htext13                  text13       000000
__Htext14                  text14       000000
__Htext16                  text16       000000
__Htext17                  text17       000000
__Htext18                  text18       000000
__Htext19                  text19       000000
__Htext2                   text2        000000
__Htext20                  text20       000000
__Htext21                  text21       000000
__Htext22                  text22       000000
__Htext23                  text23       000000
__Htext24                  text24       000000
__Htext25                  text25       000000
__Htext26                  text26       000000
__Htext27                  text27       000000
__Htext28                  text28       000000
__Htext29                  text29       000000
__Htext3                   text3        000000
__Htext30                  text30       000000
__Htext31                  text31       000000
__Htext33                  text33       000000
__Htext34                  text34       000000
__Htext35                  text35       000000
__Htext36                  text36       000000
__Htext37                  text37       000000
__Htext38                  text38       000000
__Htext39                  text39       000000
__Htext4                   text4        000000
__Htext40                  text40       000000
__Htext5                   text5        000000
__Htext6                   text6        000000
__Htext7                   text7        000000
__Htext8                   text8        000000
__Htext9                   text9        000000
__LRAM                     (abs)        000001
__Labs1                    abs1         000000
__Lbank0                   bank0        000000
__Lbank1                   bank1        000000
__Lbank2                   bank2        000000
__Lbank3                   bank3        000000
__Lbank4                   bank4        000000
__Lbank5                   bank5        000000
__Lbigbss                  bigbss       000000
__Lbigdata                 bigdata      000000
__Lbigram                  bigram       000000
__Lbss                     bss          000000
__LbssBANK0                bssBANK0     000000
__LbssBANK1                bssBANK1     000000
__LbssCOMRAM               bssCOMRAM    000000
__Lcinit                   cinit        000000
__Lclrtext                 clrtext      000000
__Lcomram                  comram       000000
__Lconfig                  config       300000
__Lconst                   const        000000
__LcstackBANK0             cstackBANK0  000000
__LcstackBANK1             cstackBANK1  000000
__LcstackCOMRAM            cstackCOMRAM 000000
__Ldata                    data         000000
__LdataBANK0               dataBANK0    000000
__LdataBANK1               dataBANK1    000000
__Leeprom_data             eeprom_data  000000
__Lfarbss                  farbss       000000
__Lfardata                 fardata      000000
__Libigdata                ibigdata     000000
__Lidata                   idata        000000
__LidataBANK0              idataBANK0   000000
__LidataBANK1              idataBANK1   000000
__Lidloc                   idloc        200000
__Lifardata                ifardata     000000
__Linit                    init         000424
__Lintcode                 intcode      000008
__Lintcode_body            intcode_body 000000
__Lintcodelo               intcodelo    000018
__Lintentry                intentry     000000
__Lintret                  intret       000000
__Lintsave_regs            intsave_regs 000000
__Lirdata                  irdata       000000
__Lmediumconst             mediumconst  0078F4
__LnvFARRAM                nvFARRAM     000000
__Lnvbit                   nvbit        000000
__Lnvrram                  nvrram       000000
__Lparam                   rparam       000000
__Lpowerup                 powerup      000424
__Lram                     ram          000000
__Lramtop                  ramtop       000600
__Lrbit                    rbit         000000
__Lrbss                    rbss         000000
__Lrdata                   rdata        000000
__Lreset_vec               reset_vec    000000
__Lrparam                  rparam       000000
__Lsfr                     sfr          000000
__Lsmallconst              smallconst   000000
__Lspace_0                 (abs)        000000
__Lspace_1                 (abs)        000000
__Lspace_2                 (abs)        000000
__Lstack                   stack        000000
__Lstruct                  struct       000000
__Ltemp                    temp         00004F
__Ltext                    text         000000
__Ltext0                   text0        000000
__Ltext1                   text1        000000
__Ltext10                  text10       000000
__Ltext11                  text11       000000
__Ltext12                  text12       000000
__Ltext13                  text13       000000
__Ltext14                  text14       000000
__Ltext16                  text16       000000
__Ltext17                  text17       000000
__Ltext18                  text18       000000
__Ltext19                  text19       000000
__Ltext2                   text2        000000
__Ltext20                  text20       000000
__Ltext21                  text21       000000
__Ltext22                  text22       000000
__Ltext23                  text23       000000
__Ltext24                  text24       000000
__Ltext25                  text25       000000
__Ltext26                  text26       000000
__Ltext27                  text27       000000
__Ltext28                  text28       000000
__Ltext29                  text29       000000
__Ltext3                   text3        000000
__Ltext30                  text30       000000
__Ltext31                  text31       000000
__Ltext33                  text33       000000
__Ltext34                  text34       000000
__Ltext35                  text35       000000
__Ltext36                  text36       000000
__Ltext37                  text37       000000
__Ltext38                  text38       000000
__Ltext39                  text39       000000
__Ltext4                   text4        000000
__Ltext40                  text40       000000
__Ltext5                   text5        000000
__Ltext6                   text6        000000
__Ltext7                   text7        000000
__Ltext8                   text8        000000
__Ltext9                   text9        000000
__S0                       (abs)        30000E
__S1                       (abs)        00015F
__S2                       (abs)        000000
___aldiv                   text31       002A50
___aldiv@counter           cstackBANK0  000088
___aldiv@dividend          cstackBANK0  000080
___aldiv@divisor           cstackBANK0  000084
___aldiv@quotient          cstackBANK0  00008A
___aldiv@sign              cstackBANK0  000089
___altoft                  text29       002D58
___altoft@c                cstackBANK0  000088
___altoft@exp              cstackBANK0  000090
___altoft@sign             cstackBANK0  000091
___ftmul                   text28       00295A
___ftmul@cntr              cstackBANK0  00009F
___ftmul@exp               cstackBANK0  00009B
___ftmul@f1                cstackBANK0  000092
___ftmul@f2                cstackBANK0  000095
___ftmul@f3_as_product     cstackBANK0  00009C
___ftmul@sign              cstackBANK0  0000A0
___ftpack                  text30       002B1E
___ftpack@arg              cstackBANK0  000080
___ftpack@exp              cstackBANK0  000083
___ftpack@sign             cstackBANK0  000084
___fttol                   text27       002862
___fttol@exp1              cstackBANK0  0000AF
___fttol@f1                cstackBANK0  0000A1
___fttol@lval              cstackBANK0  0000AB
___fttol@sign1             cstackBANK0  0000AA
___inthi_sp                stack        000000
___intlo_sp                stack        000000
___lldiv                   text14       002BCE
___lldiv@counter           cstackBANK1  00010C
___lldiv@dividend          cstackBANK1  000100
___lldiv@divisor           cstackBANK1  000104
___lldiv@quotient          cstackBANK1  000108
___llmod                   text13       002E3A
___llmod@counter           cstackBANK1  000115
___llmod@dividend          cstackBANK1  00010D
___llmod@divisor           cstackBANK1  000111
___lmul                    text26       002F70
___lmul@multiplicand       cstackBANK0  000084
___lmul@multiplier         cstackBANK0  000080
___lmul@product            cstackBANK0  000088
___param_bank              (abs)        000000
___rparam_used             (abs)        000001
___sp                      stack        000000
__accesstop                (abs)        000080
__activetblptr             (abs)        000002
__end_of_ADC               text25       00274C
__end_of_Clear             text10       00304E
__end_of_Read_b_eep        text9        003098
__end_of___aldiv           text31       002B1E
__end_of___altoft          text29       002DD2
__end_of___ftmul           text28       002A50
__end_of___ftpack          text30       002BCE
__end_of___fttol           text27       00295A
__end_of___lldiv           text14       002C52
__end_of___llmod           text13       002EA2
__end_of___lmul            text26       002FC8
__end_of__initialization   cinit        002E2C
__end_of_alarm             intcode_body 002862
__end_of_alarm_options     text6        0015FA
__end_of_dpowers           mediumconst  00791D
__end_of_input_options     text5        0013AE
__end_of_keypad            text8        001D20
__end_of_main              text0        000D90
__end_of_password          text4        0024D4
__end_of_password_change   text3        001100
__end_of_password_options  text2        001800
__end_of_printf            text11       0019B8
__end_of_putch             text12       0030CA
__end_of_temp_options      text1        0008DE
__end_of_temp_sensor       intcodelo    000424
__end_of_write_eeprom      text7        002FFC
__end_ofi1_Clear           text20       00306C
__end_ofi1_Read_b_eep      text19       0030AA
__end_ofi1___lldiv         text24       002CD6
__end_ofi1___llmod         text23       002F0A
__end_ofi1_keypad          text18       001ED0
__end_ofi1_password        text17       002376
__end_ofi1_printf          text21       001B70
__end_ofi1_putch           text22       0030D8
__end_ofi1_write_eeprom    text16       003030
__end_ofi2_Clear           text36       003086
__end_ofi2_Read_b_eep      text35       0030BC
__end_ofi2___lldiv         text40       002D58
__end_ofi2___llmod         text39       002F70
__end_ofi2_keypad          text34       00220A
__end_ofi2_password        text33       00261E
__end_ofi2_printf          text37       00207A
__end_ofi2_putch           text38       0030E4
__initialization           cinit        002DD2
__mediumconst              mediumconst  0078F4
__pbssBANK0                bssBANK0     0000D2
__pbssBANK1                bssBANK1     000148
__pbssCOMRAM               bssCOMRAM    000044
__pcinit                   cinit        002DD2
__pcstackBANK0             cstackBANK0  000080
__pcstackBANK1             cstackBANK1  000100
__pcstackCOMRAM            cstackCOMRAM 000001
__pdataBANK0               dataBANK0    0000E4
__pdataBANK1               dataBANK1    00015C
__pidataBANK0              idataBANK0   0030E7
__pidataBANK1              idataBANK1   0030E4
__pintcode                 intcode      000008
__pintcode_body            intcode_body 00274C
__pintcodelo               intcodelo    000018
__pmediumconst             mediumconst  0078F4
__ptext0                   text0        0008DE
__ptext1                   text1        000428
__ptext10                  text10       003030
__ptext11                  text11       001800
__ptext12                  text12       0030BC
__ptext13                  text13       002E3A
__ptext14                  text14       002BCE
__ptext16                  text16       002FFC
__ptext17                  text17       00220A
__ptext18                  text18       001D20
__ptext19                  text19       003098
__ptext2                   text2        0015FA
__ptext20                  text20       00304E
__ptext21                  text21       0019B8
__ptext22                  text22       0030CA
__ptext23                  text23       002EA2
__ptext24                  text24       002C52
__ptext25                  text25       00261E
__ptext26                  text26       002F70
__ptext27                  text27       002862
__ptext28                  text28       00295A
__ptext29                  text29       002D58
__ptext3                   text3        000D90
__ptext30                  text30       002B1E
__ptext31                  text31       002A50
__ptext33                  text33       0024D4
__ptext34                  text34       00207A
__ptext35                  text35       0030AA
__ptext36                  text36       00306C
__ptext37                  text37       001ED0
__ptext38                  text38       0030D8
__ptext39                  text39       002F0A
__ptext4                   text4        002376
__ptext40                  text40       002CD6
__ptext5                   text5        001100
__ptext6                   text6        0013AE
__ptext7                   text7        002FC8
__ptext8                   text8        001B70
__ptext9                   text9        003086
__ramtop                   ramtop       000600
__size_of_ADC              (abs)        000000
__size_of_Clear            (abs)        000000
__size_of_Read_b_eep       (abs)        000000
__size_of___aldiv          (abs)        000000
__size_of___altoft         (abs)        000000
__size_of___ftmul          (abs)        000000
__size_of___ftpack         (abs)        000000
__size_of___fttol          (abs)        000000
__size_of___lldiv          (abs)        000000
__size_of___llmod          (abs)        000000
__size_of___lmul           (abs)        000000
__size_of_alarm            (abs)        000000
__size_of_alarm_options    (abs)        000000
__size_of_input_options    (abs)        000000
__size_of_keypad           (abs)        000000
__size_of_main             (abs)        000000
__size_of_password         (abs)        000000
__size_of_password_change  (abs)        000000
__size_of_password_options (abs)        000000
__size_of_printf           (abs)        000000
__size_of_putch            (abs)        000000
__size_of_temp_options     (abs)        000000
__size_of_temp_sensor      (abs)        000000
__size_of_write_eeprom     (abs)        000000
__size_ofi1_Clear          (abs)        000000
__size_ofi1_Read_b_eep     (abs)        000000
__size_ofi1___lldiv        (abs)        000000
__size_ofi1___llmod        (abs)        000000
__size_ofi1_keypad         (abs)        000000
__size_ofi1_password       (abs)        000000
__size_ofi1_printf         (abs)        000000
__size_ofi1_putch          (abs)        000000
__size_ofi1_write_eeprom   (abs)        000000
__size_ofi2_Clear          (abs)        000000
__size_ofi2_Read_b_eep     (abs)        000000
__size_ofi2___lldiv        (abs)        000000
__size_ofi2___llmod        (abs)        000000
__size_ofi2_keypad         (abs)        000000
__size_ofi2_password       (abs)        000000
__size_ofi2_printf         (abs)        000000
__size_ofi2_putch          (abs)        000000
__smallconst               smallconst   000000
_adHigh                    bssBANK0     0000D6
_adLow                     bssBANK0     0000DA
_alarm                     intcode      000008
_alarm_loc                 dataBANK1    00015E
_alarm_options             text6        0013AE
_alarm_set                 bssBANK1     000154
_check                     bssBANK1     000158
_choice                    bssBANK0     0000E2
_decimal                   bssBANK0     0000D2
_dpowers                   mediumconst  0078F5
_input_options             text5        001100
_keypad                    text8        001B70
_keypad_active             bssBANK1     000150
_keypad_active_loc         dataBANK1    00015C
_main                      text0        0008DE
_pass                      bssBANK1     00014C
_pass_check                bssBANK1     00015B
_pass_loc                  bssBANK1     00015A
_password                  text4        002376
_password_change           text3        000D90
_password_options          text2        0015FA
_printf                    text11       001800
_putch                     text12       0030BC
_saved_pass                bssBANK1     000148
_system_active             bssBANK1     000152
_system_active_loc         dataBANK1    00015D
_temp                      bssCOMRAM    00004E
_temp_loc                  dataBANK0    0000E5
_temp_options              text1        000428
_temp_sensor               intcodelo    000018
_temp_set                  bssCOMRAM    00004A
_temp_threshold            bssCOMRAM    000048
_temp_threshold_input      bssBANK0     0000DE
_temp_threshold_read       bssBANK0     0000E0
_test                      bssCOMRAM    00004C
_threshold_loc             dataBANK0    0000E4
_triggered                 bssBANK1     000156
_voltage                   bssCOMRAM    000044
_write_eeprom              text7        002FC8
alarm_options@i            cstackBANK1  00012E
btemp                      temp         00004F
end_of_initialization      cinit        002E2C
i1Read_b_eep@badd          cstackBANK0  000080
i1_Clear                   text20       00304E
i1_Read_b_eep              text19       003098
i1___lldiv                 text24       002C52
i1___lldiv@counter         cstackBANK0  00008C
i1___lldiv@dividend        cstackBANK0  000080
i1___lldiv@divisor         cstackBANK0  000084
i1___lldiv@quotient        cstackBANK0  000088
i1___llmod                 text23       002EA2
i1___llmod@counter         cstackBANK0  000095
i1___llmod@dividend        cstackBANK0  00008D
i1___llmod@divisor         cstackBANK0  000091
i1_keypad                  text18       001D20
i1_password                text17       00220A
i1_printf                  text21       0019B8
i1_putch                   text22       0030CA
i1_write_eeprom            text16       002FFC
i1password@i               cstackBANK0  0000AA
i1password@i_1118          cstackBANK0  0000AC
i1password@i_1120          cstackBANK0  0000AE
i1printf@ap                cstackBANK0  0000A0
i1printf@c                 cstackBANK0  0000A7
i1printf@f                 cstackBANK0  000096
i1printf@flag              cstackBANK0  0000A2
i1printf@prec              cstackBANK0  00009E
i1printf@val               cstackBANK0  0000A3
i1putch@data               cstackBANK0  000080
i1write_eeprom@address     cstackBANK0  000082
i1write_eeprom@data        cstackBANK0  000080
i2Read_b_eep@badd          cstackCOMRAM 000001
i2_Clear                   text36       00306C
i2_Read_b_eep              text35       0030AA
i2___lldiv                 text40       002CD6
i2___lldiv@counter         cstackCOMRAM 00000D
i2___lldiv@dividend        cstackCOMRAM 000001
i2___lldiv@divisor         cstackCOMRAM 000005
i2___lldiv@quotient        cstackCOMRAM 000009
i2___llmod                 text39       002F0A
i2___llmod@counter         cstackCOMRAM 000016
i2___llmod@dividend        cstackCOMRAM 00000E
i2___llmod@divisor         cstackCOMRAM 000012
i2_keypad                  text34       00207A
i2_password                text33       0024D4
i2_printf                  text37       001ED0
i2_putch                   text38       0030D8
i2password@i               cstackCOMRAM 000027
i2password@i_1118          cstackCOMRAM 000029
i2password@i_1120          cstackCOMRAM 00002B
i2printf@ap                cstackCOMRAM 00001D
i2printf@c                 cstackCOMRAM 000024
i2printf@f                 cstackCOMRAM 000017
i2printf@flag              cstackCOMRAM 00001F
i2printf@prec              cstackCOMRAM 00001B
i2printf@val               cstackCOMRAM 000020
i2putch@data               cstackCOMRAM 000001
input_options@i            cstackBANK1  00012E
int$flags                  temp         00004F
int_func                   intcode_body 00274C
intlevel0                  text         000000
intlevel1                  text         000000
intlevel2                  text         000000
intlevel3                  text         000000
main@i                     cstackBANK1  000140
main@i_1079                cstackBANK1  000146
main@i_1082                cstackBANK1  000142
main@i_1084                cstackBANK1  000144
password@i                 cstackBANK1  00012E
password@i_1118            cstackBANK1  000130
password@i_1120            cstackBANK1  000132
password_change@i          cstackBANK1  00012E
password_change@i_1099     cstackBANK1  000130
password_change@i_1101     cstackBANK1  000132
password_change@i_1103     cstackBANK1  000136
password_change@i_1107     cstackBANK1  000138
password_change@i_1111     cstackBANK1  000134
password_options@i         cstackBANK1  00013C
printf@ap                  cstackBANK1  000124
printf@c                   cstackBANK1  00012B
printf@f                   cstackBANK1  000116
printf@flag                cstackBANK1  000126
printf@prec                cstackBANK1  000122
printf@val                 cstackBANK1  000127
putch@data                 cstackBANK1  000100
stackhi                    (abs)        0005FF
stacklo                    (abs)        00015F
start                      init         000424
start_initialization       cinit        002DD2
temp_options@i             cstackBANK1  00012E
temp_options@i_1165        cstackBANK1  000130
temp_options@i_1168        cstackBANK1  000132
temp_sensor@i              cstackBANK0  0000CE
temp_sensor@i_981          cstackBANK0  0000D0
write_eeprom@address       cstackBANK1  000102
write_eeprom@data          cstackBANK1  000100
wtemp6                     temp         000050


FUNCTION INFORMATION:

 *************** function _main *****************
 Defined at:
		line 265 in file "Lab7.c"
 Parameters:    Size  Location     Type
		None
 Auto vars:     Size  Location     Type
  i               2   68[BANK1 ] int 
  i               2   66[BANK1 ] int 
  i               2   70[BANK1 ] int 
  i               2   64[BANK1 ] int 
 Return value:  Size  Location     Type
                  1    wreg      void 
 Registers used:
		wreg, fsr2l, fsr2h, status,2, status,0, tblptrl, tblptrh, tblptru, prodl, prodh, cstack
 Tracked objects:
		On entry : 
		On exit  : 
		Unchanged: 
 Data sizes:     COMRAM   BANK0   BANK1   BANK2   BANK3   BANK4   BANK5
      Params:         0       0       0       0       0       0       0
      Locals:         0       0       8       0       0       0       0
      Temps:          0       0       2       0       0       0       0
      Totals:         0       0      10       0       0       0       0
Total ram usage:       10 bytes
 Hardware stack levels required when called:   13
 This function calls:
		_Clear
		_Read_b_eep
		_alarm_options
		_input_options
		_keypad
		_password
		_password_options
		_printf
		_temp_options
		_write_eeprom
 This function is called by:
		Startup code after reset
 This function uses a non-reentrant model


 *************** function _temp_options *****************
 Defined at:
		line 840 in file "Lab7.c"
 Parameters:    Size  Location     Type
		None
 Auto vars:     Size  Location     Type
  i               2   50[BANK1 ] int 
  i               2   48[BANK1 ] int 
  i               2   46[BANK1 ] int 
 Return value:  Size  Location     Type
                  1    wreg      void 
 Registers used:
		wreg, fsr2l, fsr2h, status,2, status,0, tblptrl, tblptrh, tblptru, prodl, prodh, cstack
 Tracked objects:
		On entry : 
		On exit  : 
		Unchanged: 
 Data sizes:     COMRAM   BANK0   BANK1   BANK2   BANK3   BANK4   BANK5
      Params:         0       0       0       0       0       0       0
      Locals:         0       0       6       0       0       0       0
      Temps:          0       0       2       0       0       0       0
      Totals:         0       0       8       0       0       0       0
Total ram usage:        8 bytes
 Hardware stack levels used:    1
 Hardware stack levels required when called:   11
 This function calls:
		_Clear
		_Read_b_eep
		_keypad
		_printf
		_write_eeprom
 This function is called by:
		_main
 This function uses a non-reentrant model


 *************** function _password_options *****************
 Defined at:
		line 664 in file "Lab7.c"
 Parameters:    Size  Location     Type
		None
 Auto vars:     Size  Location     Type
  i               2   60[BANK1 ] int 
 Return value:  Size  Location     Type
                  1    wreg      void 
 Registers used:
		wreg, fsr2l, fsr2h, status,2, status,0, tblptrl, tblptrh, tblptru, prodl, prodh, cstack
 Tracked objects:
		On entry : 
		On exit  : 
		Unchanged: 
 Data sizes:     COMRAM   BANK0   BANK1   BANK2   BANK3   BANK4   BANK5
      Params:         0       0       0       0       0       0       0
      Locals:         0       0       2       0       0       0       0
      Temps:          0       0       2       0       0       0       0
      Totals:         0       0       4       0       0       0       0
Total ram usage:        4 bytes
 Hardware stack levels used:    1
 Hardware stack levels required when called:   12
 This function calls:
		_Clear
		_Read_b_eep
		_keypad
		_password_change
		_printf
 This function is called by:
		_main
 This function uses a non-reentrant model


 *************** function _password_change *****************
 Defined at:
		line 510 in file "Lab7.c"
 Parameters:    Size  Location     Type
		None
 Auto vars:     Size  Location     Type
  i               2   56[BANK1 ] int 
  i               2   54[BANK1 ] int 
  i               2   52[BANK1 ] int 
  i               2   48[BANK1 ] int 
  i               2   46[BANK1 ] int 
  i               2   50[BANK1 ] int 
 Return value:  Size  Location     Type
                  1    wreg      void 
 Registers used:
		wreg, fsr2l, fsr2h, status,2, status,0, tblptrl, tblptrh, tblptru, prodl, prodh, cstack
 Tracked objects:
		On entry : 
		On exit  : 
		Unchanged: 
 Data sizes:     COMRAM   BANK0   BANK1   BANK2   BANK3   BANK4   BANK5
      Params:         0       0       0       0       0       0       0
      Locals:         0       0      12       0       0       0       0
      Temps:          0       0       2       0       0       0       0
      Totals:         0       0      14       0       0       0       0
Total ram usage:       14 bytes
 Hardware stack levels used:    1
 Hardware stack levels required when called:   11
 This function calls:
		_Clear
		_Read_b_eep
		_keypad
		_printf
		_write_eeprom
 This function is called by:
		_password_options
 This function uses a non-reentrant model


 *************** function _password *****************
 Defined at:
		line 612 in file "Lab7.c"
 Parameters:    Size  Location     Type
		None
 Auto vars:     Size  Location     Type
  i               2   48[BANK1 ] int 
  i               2   46[BANK1 ] int 
  i               2   50[BANK1 ] int 
 Return value:  Size  Location     Type
                  1    wreg      void 
 Registers used:
		wreg, fsr2l, fsr2h, status,2, status,0, tblptrl, tblptrh, tblptru, prodl, prodh, cstack
 Tracked objects:
		On entry : 
		On exit  : 
		Unchanged: 
 Data sizes:     COMRAM   BANK0   BANK1   BANK2   BANK3   BANK4   BANK5
      Params:         0       0       0       0       0       0       0
      Locals:         0       0       6       0       0       0       0
      Temps:          0       0       2       0       0       0       0
      Totals:         0       0       8       0       0       0       0
Total ram usage:        8 bytes
 Hardware stack levels used:    1
 Hardware stack levels required when called:   10
 This function calls:
		_Read_b_eep
		_keypad
		_printf
 This function is called by:
		_main
 This function uses a non-reentrant model


 *************** function _input_options *****************
 Defined at:
		line 985 in file "Lab7.c"
 Parameters:    Size  Location     Type
		None
 Auto vars:     Size  Location     Type
  i               2   46[BANK1 ] int 
 Return value:  Size  Location     Type
                  1    wreg      void 
 Registers used:
		wreg, fsr2l, fsr2h, status,2, status,0, tblptrl, tblptrh, tblptru, prodl, prodh, cstack
 Tracked objects:
		On entry : 
		On exit  : 
		Unchanged: 
 Data sizes:     COMRAM   BANK0   BANK1   BANK2   BANK3   BANK4   BANK5
      Params:         0       0       0       0       0       0       0
      Locals:         0       0       2       0       0       0       0
      Temps:          0       0       2       0       0       0       0
      Totals:         0       0       4       0       0       0       0
Total ram usage:        4 bytes
 Hardware stack levels used:    1
 Hardware stack levels required when called:   11
 This function calls:
		_Clear
		_Read_b_eep
		_keypad
		_printf
		_write_eeprom
 This function is called by:
		_main
 This function uses a non-reentrant model


 *************** function _alarm_options *****************
 Defined at:
		line 746 in file "Lab7.c"
 Parameters:    Size  Location     Type
		None
 Auto vars:     Size  Location     Type
  i               2   46[BANK1 ] int 
 Return value:  Size  Location     Type
                  1    wreg      void 
 Registers used:
		wreg, fsr2l, fsr2h, status,2, status,0, tblptrl, tblptrh, tblptru, prodl, prodh, cstack
 Tracked objects:
		On entry : 
		On exit  : 
		Unchanged: 
 Data sizes:     COMRAM   BANK0   BANK1   BANK2   BANK3   BANK4   BANK5
      Params:         0       0       0       0       0       0       0
      Locals:         0       0       2       0       0       0       0
      Temps:          0       0       2       0       0       0       0
      Totals:         0       0       4       0       0       0       0
Total ram usage:        4 bytes
 Hardware stack levels used:    1
 Hardware stack levels required when called:   11
 This function calls:
		_Clear
		_Read_b_eep
		_keypad
		_printf
		_write_eeprom
 This function is called by:
		_main
 This function uses a non-reentrant model


 *************** function _write_eeprom *****************
 Defined at:
		line 117 in file "Lab7.c"
 Parameters:    Size  Location     Type
  address         1    wreg     unsigned char 
  data            1    0[BANK1 ] unsigned char 
 Auto vars:     Size  Location     Type
  address         1    2[BANK1 ] unsigned char 
 Return value:  Size  Location     Type
                  1    wreg      void 
 Registers used:
		wreg, status,2, cstack
 Tracked objects:
		On entry : 
		On exit  : 
		Unchanged: 
 Data sizes:     COMRAM   BANK0   BANK1   BANK2   BANK3   BANK4   BANK5
      Params:         0       0       1       0       0       0       0
      Locals:         0       0       1       0       0       0       0
      Temps:          0       0       1       0       0       0       0
      Totals:         0       0       3       0       0       0       0
Total ram usage:        3 bytes
 Hardware stack levels used:    1
 Hardware stack levels required when called:    8
 This function calls:
		Nothing
 This function is called by:
		_main
		_password_change
		_alarm_options
		_temp_options
		_input_options
 This function uses a non-reentrant model


 *************** function _keypad *****************
 Defined at:
		line 1086 in file "Lab7.c"
 Parameters:    Size  Location     Type
		None
 Auto vars:     Size  Location     Type
		None
 Return value:  Size  Location     Type
                  2    0[BANK1 ] int 
 Registers used:
		wreg, status,2
 Tracked objects:
		On entry : 
		On exit  : 
		Unchanged: 
 Data sizes:     COMRAM   BANK0   BANK1   BANK2   BANK3   BANK4   BANK5
      Params:         0       0       2       0       0       0       0
      Locals:         0       0       0       0       0       0       0
      Temps:          0       0       0       0       0       0       0
      Totals:         0       0       2       0       0       0       0
Total ram usage:        2 bytes
 Hardware stack levels used:    1
 Hardware stack levels required when called:    8
 This function calls:
		Nothing
 This function is called by:
		_main
		_password_change
		_password
		_password_options
		_alarm_options
		_temp_options
		_input_options
 This function uses a non-reentrant model


 *************** function _Read_b_eep *****************
 Defined at:
		line 23 in file "C:\Program Files (x86)\Microchip\xc8\v1.45\sources\pic18\plib\EEP\read_B.c"
 Parameters:    Size  Location     Type
  badd            2    0[BANK1 ] unsigned int 
 Auto vars:     Size  Location     Type
		None
 Return value:  Size  Location     Type
                  1    wreg      unsigned char 
 Registers used:
		wreg, status,2
 Tracked objects:
		On entry : 
		On exit  : 
		Unchanged: 
 Data sizes:     COMRAM   BANK0   BANK1   BANK2   BANK3   BANK4   BANK5
      Params:         0       0       2       0       0       0       0
      Locals:         0       0       0       0       0       0       0
      Temps:          0       0       0       0       0       0       0
      Totals:         0       0       2       0       0       0       0
Total ram usage:        2 bytes
 Hardware stack levels used:    1
 Hardware stack levels required when called:    8
 This function calls:
		Nothing
 This function is called by:
		_main
		_password_change
		_password
		_password_options
		_alarm_options
		_temp_options
		_input_options
 This function uses a non-reentrant model


 *************** function _Clear *****************
 Defined at:
		line 112 in file "Lab7.c"
 Parameters:    Size  Location     Type
		None
 Auto vars:     Size  Location     Type
		None
 Return value:  Size  Location     Type
                  1    wreg      void 
 Registers used:
		wreg, fsr2l, fsr2h, status,2, status,0, tblptrl, tblptrh, tblptru, prodl, prodh, cstack
 Tracked objects:
		On entry : 
		On exit  : 
		Unchanged: 
 Data sizes:     COMRAM   BANK0   BANK1   BANK2   BANK3   BANK4   BANK5
      Params:         0       0       0       0       0       0       0
      Locals:         0       0       0       0       0       0       0
      Temps:          0       0       0       0       0       0       0
      Totals:         0       0       0       0       0       0       0
Total ram usage:        0 bytes
 Hardware stack levels used:    1
 Hardware stack levels required when called:   10
 This function calls:
		_printf
 This function is called by:
		_main
		_password_change
		_password_options
		_alarm_options
		_temp_options
		_input_options
 This function uses a non-reentrant model


 *************** function _printf *****************
 Defined at:
		line 464 in file "C:\Program Files (x86)\Microchip\xc8\v1.45\sources\common\doprnt.c"
 Parameters:    Size  Location     Type
  f               2   22[BANK1 ] PTR const unsigned char 
		 -> STR_105(23), STR_104(9), STR_103(28), STR_102(26), 
		 -> STR_101(25), STR_100(135), STR_99(18), STR_98(29), 
		 -> STR_97(16), STR_96(19), STR_95(20), STR_94(14), 
		 -> STR_93(15), STR_92(23), STR_91(38), STR_90(3), 
		 -> STR_89(36), STR_88(3), STR_87(36), STR_86(36), 
		 -> STR_85(26), STR_84(25), STR_83(25), STR_82(153), 
		 -> STR_81(18), STR_80(29), STR_79(16), STR_78(19), 
		 -> STR_77(20), STR_76(14), STR_75(15), STR_74(23), 
		 -> STR_73(19), STR_72(18), STR_71(25), STR_70(119), 
		 -> STR_69(18), STR_68(29), STR_67(16), STR_66(19), 
		 -> STR_65(20), STR_64(14), STR_63(15), STR_62(23), 
		 -> STR_61(21), STR_60(25), STR_59(111), STR_58(18), 
		 -> STR_57(29), STR_56(16), STR_55(19), STR_54(20), 
		 -> STR_53(14), STR_52(15), STR_51(28), STR_50(21), 
		 -> STR_49(2), STR_48(2), STR_47(11), STR_46(54), 
		 -> STR_45(25), STR_44(32), STR_43(37), STR_42(2), 
		 -> STR_41(32), STR_40(37), STR_39(2), STR_38(21), 
		 -> STR_37(2), STR_36(2), STR_35(25), STR_34(23), 
		 -> STR_33(25), STR_32(163), STR_31(18), STR_30(29), 
		 -> STR_29(16), STR_28(19), STR_27(20), STR_26(14), 
		 -> STR_25(15), STR_24(19), STR_23(37), STR_22(2), 
		 -> STR_21(15), STR_20(20), STR_19(31), STR_18(18), 
		 -> STR_17(39), STR_16(39), STR_15(7), STR_14(3), 
		 -> STR_13(39), STR_12(3), STR_11(36), STR_10(36), 
		 -> STR_9(59), STR_8(31), STR_7(44), STR_6(39), 
		 -> STR_5(39), STR_4(31), STR_3(28), STR_2(7), 
		 -> STR_1(5), 
 Auto vars:     Size  Location     Type
  val             4   39[BANK1 ] unsigned long 
  tmpval          4    0        struct .
  cp              3    0        PTR const unsigned char 
  ap              2   36[BANK1 ] PTR void [1]
		 -> ?i2_printf(2), ?i1_printf(2), ?_printf(2), 
  prec            2   34[BANK1 ] int 
  len             2    0        unsigned int 
  c               1   43[BANK1 ] char 
  flag            1   38[BANK1 ] unsigned char 
 Return value:  Size  Location     Type
                  2   22[BANK1 ] int 
 Registers used:
		wreg, fsr2l, fsr2h, status,2, status,0, tblptrl, tblptrh, tblptru, prodl, prodh, cstack
 Tracked objects:
		On entry : 
		On exit  : 
		Unchanged: 
 Data sizes:     COMRAM   BANK0   BANK1   BANK2   BANK3   BANK4   BANK5
      Params:         0       0      10       0       0       0       0
      Locals:         0       0      10       0       0       0       0
      Temps:          0       0       2       0       0       0       0
      Totals:         0       0      22       0       0       0       0
Total ram usage:       22 bytes
 Hardware stack levels used:    1
 Hardware stack levels required when called:    9
 This function calls:
		___lldiv
		___llmod
		_putch
 This function is called by:
		_Clear
		_main
		_password_change
		_password
		_password_options
		_alarm_options
		_temp_options
		_input_options
 This function uses a non-reentrant model


 *************** function _putch *****************
 Defined at:
		line 106 in file "Lab7.c"
 Parameters:    Size  Location     Type
  data            1    wreg     unsigned char 
 Auto vars:     Size  Location     Type
  data            1    0[BANK1 ] unsigned char 
 Return value:  Size  Location     Type
                  1    wreg      void 
 Registers used:
		wreg
 Tracked objects:
		On entry : 
		On exit  : 
		Unchanged: 
 Data sizes:     COMRAM   BANK0   BANK1   BANK2   BANK3   BANK4   BANK5
      Params:         0       0       0       0       0       0       0
      Locals:         0       0       1       0       0       0       0
      Temps:          0       0       0       0       0       0       0
      Totals:         0       0       1       0       0       0       0
Total ram usage:        1 bytes
 Hardware stack levels used:    1
 Hardware stack levels required when called:    8
 This function calls:
		Nothing
 This function is called by:
		_printf
 This function uses a non-reentrant model


 *************** function ___llmod *****************
 Defined at:
		line 8 in file "C:\Program Files (x86)\Microchip\xc8\v1.45\sources\common\llmod.c"
 Parameters:    Size  Location     Type
  dividend        4   13[BANK1 ] unsigned long 
  divisor         4   17[BANK1 ] unsigned long 
 Auto vars:     Size  Location     Type
  counter         1   21[BANK1 ] unsigned char 
 Return value:  Size  Location     Type
                  4   13[BANK1 ] unsigned long 
 Registers used:
		wreg, status,2, status,0
 Tracked objects:
		On entry : 
		On exit  : 
		Unchanged: 
 Data sizes:     COMRAM   BANK0   BANK1   BANK2   BANK3   BANK4   BANK5
      Params:         0       0       8       0       0       0       0
      Locals:         0       0       1       0       0       0       0
      Temps:          0       0       0       0       0       0       0
      Totals:         0       0       9       0       0       0       0
Total ram usage:        9 bytes
 Hardware stack levels used:    1
 Hardware stack levels required when called:    8
 This function calls:
		Nothing
 This function is called by:
		_printf
 This function uses a non-reentrant model


 *************** function ___lldiv *****************
 Defined at:
		line 8 in file "C:\Program Files (x86)\Microchip\xc8\v1.45\sources\common\lldiv.c"
 Parameters:    Size  Location     Type
  dividend        4    0[BANK1 ] unsigned long 
  divisor         4    4[BANK1 ] unsigned long 
 Auto vars:     Size  Location     Type
  quotient        4    8[BANK1 ] unsigned long 
  counter         1   12[BANK1 ] unsigned char 
 Return value:  Size  Location     Type
                  4    0[BANK1 ] unsigned long 
 Registers used:
		wreg, status,2, status,0
 Tracked objects:
		On entry : 
		On exit  : 
		Unchanged: 
 Data sizes:     COMRAM   BANK0   BANK1   BANK2   BANK3   BANK4   BANK5
      Params:         0       0       8       0       0       0       0
      Locals:         0       0       5       0       0       0       0
      Temps:          0       0       0       0       0       0       0
      Totals:         0       0      13       0       0       0       0
Total ram usage:       13 bytes
 Hardware stack levels used:    1
 Hardware stack levels required when called:    8
 This function calls:
		Nothing
 This function is called by:
		_printf
 This function uses a non-reentrant model


 *************** function _temp_sensor *****************
 Defined at:
		line 152 in file "Lab7.c"
 Parameters:    Size  Location     Type
		None
 Auto vars:     Size  Location     Type
  i               2   80[BANK0 ] int 
  i               2   78[BANK0 ] int 
 Return value:  Size  Location     Type
                  1    wreg      void 
 Registers used:
		wreg, fsr2l, fsr2h, status,2, status,0, tblptrl, tblptrh, tblptru, prodl, prodh, cstack
 Tracked objects:
		On entry : 
		On exit  : 
		Unchanged: 
 Data sizes:     COMRAM   BANK0   BANK1   BANK2   BANK3   BANK4   BANK5
      Params:         0       0       0       0       0       0       0
      Locals:         0       4       0       0       0       0       0
      Temps:          0      26       0       0       0       0       0
      Totals:         0      30       0       0       0       0       0
Total ram usage:       30 bytes
 Hardware stack levels used:    1
 Hardware stack levels required when called:    7
 This function calls:
		_ADC
		i1_Clear
		i1_Read_b_eep
		i1_keypad
		i1_password
		i1_printf
		i1_write_eeprom
 This function is called by:
		Interrupt level 1
 This function uses a non-reentrant model


 *************** function i1_write_eeprom *****************
 Defined at:
		line 117 in file "Lab7.c"
 Parameters:    Size  Location     Type
  address         1    wreg     unsigned char 
  data            1    0[BANK0 ] unsigned char 
 Auto vars:     Size  Location     Type
  address         1    2[BANK0 ] unsigned char 
 Return value:  Size  Location     Type
                  1    wreg      void 
 Registers used:
		wreg, status,2, cstack
 Tracked objects:
		On entry : 
		On exit  : 
		Unchanged: 
 Data sizes:     COMRAM   BANK0   BANK1   BANK2   BANK3   BANK4   BANK5
      Params:         0       1       0       0       0       0       0
      Locals:         0       1       0       0       0       0       0
      Temps:          0       1       0       0       0       0       0
      Totals:         0       3       0       0       0       0       0
Total ram usage:        3 bytes
 Hardware stack levels used:    1
 Hardware stack levels required when called:    4
 This function calls:
		Nothing
 This function is called by:
		_temp_sensor
 This function uses a non-reentrant model


 *************** function i1_password *****************
 Defined at:
		line 612 in file "Lab7.c"
 Parameters:    Size  Location     Type
		None
 Auto vars:     Size  Location     Type
  password        2   46[BANK0 ] int 
  password        2   44[BANK0 ] int 
  password        2   42[BANK0 ] int 
 Return value:  Size  Location     Type
                  1    wreg      void 
 Registers used:
		wreg, fsr2l, fsr2h, status,2, status,0, tblptrl, tblptrh, tblptru, prodl, prodh, cstack
 Tracked objects:
		On entry : 
		On exit  : 
		Unchanged: 
 Data sizes:     COMRAM   BANK0   BANK1   BANK2   BANK3   BANK4   BANK5
      Params:         0       0       0       0       0       0       0
      Locals:         0       6       0       0       0       0       0
      Temps:          0       2       0       0       0       0       0
      Totals:         0       8       0       0       0       0       0
Total ram usage:        8 bytes
 Hardware stack levels used:    1
 Hardware stack levels required when called:    6
 This function calls:
		i1_Read_b_eep
		i1_keypad
		i1_printf
 This function is called by:
		_temp_sensor
 This function uses a non-reentrant model


 *************** function i1_keypad *****************
 Defined at:
		line 1086 in file "Lab7.c"
 Parameters:    Size  Location     Type
		None
 Auto vars:     Size  Location     Type
		None
 Return value:  Size  Location     Type
                  2    0[BANK0 ] int 
 Registers used:
		wreg, status,2
 Tracked objects:
		On entry : 
		On exit  : 
		Unchanged: 
 Data sizes:     COMRAM   BANK0   BANK1   BANK2   BANK3   BANK4   BANK5
      Params:         0       2       0       0       0       0       0
      Locals:         0       0       0       0       0       0       0
      Temps:          0       0       0       0       0       0       0
      Totals:         0       2       0       0       0       0       0
Total ram usage:        2 bytes
 Hardware stack levels used:    1
 Hardware stack levels required when called:    4
 This function calls:
		Nothing
 This function is called by:
		_temp_sensor
		i1_password
 This function uses a non-reentrant model


 *************** function i1_Read_b_eep *****************
 Defined at:
		line 23 in file "C:\Program Files (x86)\Microchip\xc8\v1.45\sources\pic18\plib\EEP\read_B.c"
 Parameters:    Size  Location     Type
  badd            2    0[BANK0 ] unsigned int 
 Auto vars:     Size  Location     Type
		None
 Return value:  Size  Location     Type
                  1    wreg      unsigned char 
 Registers used:
		wreg, status,2
 Tracked objects:
		On entry : 
		On exit  : 
		Unchanged: 
 Data sizes:     COMRAM   BANK0   BANK1   BANK2   BANK3   BANK4   BANK5
      Params:         0       2       0       0       0       0       0
      Locals:         0       0       0       0       0       0       0
      Temps:          0       0       0       0       0       0       0
      Totals:         0       2       0       0       0       0       0
Total ram usage:        2 bytes
 Hardware stack levels used:    1
 Hardware stack levels required when called:    4
 This function calls:
		Nothing
 This function is called by:
		_temp_sensor
		i1_password
 This function uses a non-reentrant model


 *************** function i1_Clear *****************
 Defined at:
		line 112 in file "Lab7.c"
 Parameters:    Size  Location     Type
		None
 Auto vars:     Size  Location     Type
		None
 Return value:  Size  Location     Type
                  1    wreg      void 
 Registers used:
		wreg, fsr2l, fsr2h, status,2, status,0, tblptrl, tblptrh, tblptru, prodl, prodh, cstack
 Tracked objects:
		On entry : 
		On exit  : 
		Unchanged: 
 Data sizes:     COMRAM   BANK0   BANK1   BANK2   BANK3   BANK4   BANK5
      Params:         0       0       0       0       0       0       0
      Locals:         0       0       0       0       0       0       0
      Temps:          0       0       0       0       0       0       0
      Totals:         0       0       0       0       0       0       0
Total ram usage:        0 bytes
 Hardware stack levels used:    1
 Hardware stack levels required when called:    6
 This function calls:
		i1_printf
 This function is called by:
		_temp_sensor
 This function uses a non-reentrant model


 *************** function i1_printf *****************
 Defined at:
		line 464 in file "C:\Program Files (x86)\Microchip\xc8\v1.45\sources\common\doprnt.c"
 Parameters:    Size  Location     Type
  f               2   22[BANK0 ] PTR const unsigned char 
		 -> STR_105(23), STR_104(9), STR_103(28), STR_102(26), 
		 -> STR_101(25), STR_100(135), STR_99(18), STR_98(29), 
		 -> STR_97(16), STR_96(19), STR_95(20), STR_94(14), 
		 -> STR_93(15), STR_92(23), STR_91(38), STR_90(3), 
		 -> STR_89(36), STR_88(3), STR_87(36), STR_86(36), 
		 -> STR_85(26), STR_84(25), STR_83(25), STR_82(153), 
		 -> STR_81(18), STR_80(29), STR_79(16), STR_78(19), 
		 -> STR_77(20), STR_76(14), STR_75(15), STR_74(23), 
		 -> STR_73(19), STR_72(18), STR_71(25), STR_70(119), 
		 -> STR_69(18), STR_68(29), STR_67(16), STR_66(19), 
		 -> STR_65(20), STR_64(14), STR_63(15), STR_62(23), 
		 -> STR_61(21), STR_60(25), STR_59(111), STR_58(18), 
		 -> STR_57(29), STR_56(16), STR_55(19), STR_54(20), 
		 -> STR_53(14), STR_52(15), STR_51(28), STR_50(21), 
		 -> STR_49(2), STR_48(2), STR_47(11), STR_46(54), 
		 -> STR_45(25), STR_44(32), STR_43(37), STR_42(2), 
		 -> STR_41(32), STR_40(37), STR_39(2), STR_38(21), 
		 -> STR_37(2), STR_36(2), STR_35(25), STR_34(23), 
		 -> STR_33(25), STR_32(163), STR_31(18), STR_30(29), 
		 -> STR_29(16), STR_28(19), STR_27(20), STR_26(14), 
		 -> STR_25(15), STR_24(19), STR_23(37), STR_22(2), 
		 -> STR_21(15), STR_20(20), STR_19(31), STR_18(18), 
		 -> STR_17(39), STR_16(39), STR_15(7), STR_14(3), 
		 -> STR_13(39), STR_12(3), STR_11(36), STR_10(36), 
		 -> STR_9(59), STR_8(31), STR_7(44), STR_6(39), 
		 -> STR_5(39), STR_4(31), STR_3(28), STR_2(7), 
		 -> STR_1(5), 
 Auto vars:     Size  Location     Type
  printf          4   35[BANK0 ] unsigned long 
  printf          4    0        struct .
  printf          3    0        PTR const unsigned char 
  printf          2   32[BANK0 ] PTR void [1]
		 -> ?i2_printf(2), ?i1_printf(2), ?_printf(2), 
  printf          2   30[BANK0 ] int 
  printf          2    0        unsigned int 
  printf          1   39[BANK0 ] char 
  printf          1   34[BANK0 ] unsigned char 
 Return value:  Size  Location     Type
                  2   22[BANK0 ] int 
 Registers used:
		wreg, fsr2l, fsr2h, status,2, status,0, tblptrl, tblptrh, tblptru, prodl, prodh, cstack
 Tracked objects:
		On entry : 
		On exit  : 
		Unchanged: 
 Data sizes:     COMRAM   BANK0   BANK1   BANK2   BANK3   BANK4   BANK5
      Params:         0       6       0       0       0       0       0
      Locals:         0      10       0       0       0       0       0
      Temps:          0       2       0       0       0       0       0
      Totals:         0      18       0       0       0       0       0
Total ram usage:       18 bytes
 Hardware stack levels used:    1
 Hardware stack levels required when called:    5
 This function calls:
		i1___lldiv
		i1___llmod
		i1_putch
 This function is called by:
		_temp_sensor
		i1_Clear
		i1_password
 This function uses a non-reentrant model


 *************** function i1_putch *****************
 Defined at:
		line 106 in file "Lab7.c"
 Parameters:    Size  Location     Type
  data            1    wreg     unsigned char 
 Auto vars:     Size  Location     Type
  data            1    0[BANK0 ] unsigned char 
 Return value:  Size  Location     Type
                  1    wreg      void 
 Registers used:
		wreg
 Tracked objects:
		On entry : 
		On exit  : 
		Unchanged: 
 Data sizes:     COMRAM   BANK0   BANK1   BANK2   BANK3   BANK4   BANK5
      Params:         0       0       0       0       0       0       0
      Locals:         0       1       0       0       0       0       0
      Temps:          0       0       0       0       0       0       0
      Totals:         0       1       0       0       0       0       0
Total ram usage:        1 bytes
 Hardware stack levels used:    1
 Hardware stack levels required when called:    4
 This function calls:
		Nothing
 This function is called by:
		i1_printf
 This function uses a non-reentrant model


 *************** function i1___llmod *****************
 Defined at:
		line 8 in file "C:\Program Files (x86)\Microchip\xc8\v1.45\sources\common\llmod.c"
 Parameters:    Size  Location     Type
  dividend        4   13[BANK0 ] unsigned long 
  divisor         4   17[BANK0 ] unsigned long 
 Auto vars:     Size  Location     Type
  __llmod         1   21[BANK0 ] unsigned char 
 Return value:  Size  Location     Type
                  4   13[BANK0 ] unsigned long 
 Registers used:
		wreg, status,2, status,0
 Tracked objects:
		On entry : 
		On exit  : 
		Unchanged: 
 Data sizes:     COMRAM   BANK0   BANK1   BANK2   BANK3   BANK4   BANK5
      Params:         0       8       0       0       0       0       0
      Locals:         0       1       0       0       0       0       0
      Temps:          0       0       0       0       0       0       0
      Totals:         0       9       0       0       0       0       0
Total ram usage:        9 bytes
 Hardware stack levels used:    1
 Hardware stack levels required when called:    4
 This function calls:
		Nothing
 This function is called by:
		i1_printf
 This function uses a non-reentrant model


 *************** function i1___lldiv *****************
 Defined at:
		line 8 in file "C:\Program Files (x86)\Microchip\xc8\v1.45\sources\common\lldiv.c"
 Parameters:    Size  Location     Type
  dividend        4    0[BANK0 ] unsigned long 
  divisor         4    4[BANK0 ] unsigned long 
 Auto vars:     Size  Location     Type
  __lldiv         4    8[BANK0 ] unsigned long 
  __lldiv         1   12[BANK0 ] unsigned char 
 Return value:  Size  Location     Type
                  4    0[BANK0 ] unsigned long 
 Registers used:
		wreg, status,2, status,0
 Tracked objects:
		On entry : 
		On exit  : 
		Unchanged: 
 Data sizes:     COMRAM   BANK0   BANK1   BANK2   BANK3   BANK4   BANK5
      Params:         0       8       0       0       0       0       0
      Locals:         0       5       0       0       0       0       0
      Temps:          0       0       0       0       0       0       0
      Totals:         0      13       0       0       0       0       0
Total ram usage:       13 bytes
 Hardware stack levels used:    1
 Hardware stack levels required when called:    4
 This function calls:
		Nothing
 This function is called by:
		i1_printf
 This function uses a non-reentrant model


 *************** function _ADC *****************
 Defined at:
		line 252 in file "Lab7.c"
 Parameters:    Size  Location     Type
		None
 Auto vars:     Size  Location     Type
		None
 Return value:  Size  Location     Type
                  1    wreg      void 
 Registers used:
		wreg, status,2, status,0, cstack
 Tracked objects:
		On entry : 
		On exit  : 
		Unchanged: 
 Data sizes:     COMRAM   BANK0   BANK1   BANK2   BANK3   BANK4   BANK5
      Params:         0       0       0       0       0       0       0
      Locals:         0       0       0       0       0       0       0
      Temps:          0       4       0       0       0       0       0
      Totals:         0       4       0       0       0       0       0
Total ram usage:        4 bytes
 Hardware stack levels used:    1
 Hardware stack levels required when called:    6
 This function calls:
		___aldiv
		___altoft
		___ftmul
		___fttol
		___lmul
 This function is called by:
		_temp_sensor
 This function uses a non-reentrant model


 *************** function ___lmul *****************
 Defined at:
		line 15 in file "C:\Program Files (x86)\Microchip\xc8\v1.45\sources\common\Umul32.c"
 Parameters:    Size  Location     Type
  multiplier      4    0[BANK0 ] unsigned long 
  multiplicand    4    4[BANK0 ] unsigned long 
 Auto vars:     Size  Location     Type
  product         4    8[BANK0 ] unsigned long 
 Return value:  Size  Location     Type
                  4    0[BANK0 ] unsigned long 
 Registers used:
		wreg, status,2, status,0
 Tracked objects:
		On entry : 
		On exit  : 
		Unchanged: 
 Data sizes:     COMRAM   BANK0   BANK1   BANK2   BANK3   BANK4   BANK5
      Params:         0       8       0       0       0       0       0
      Locals:         0       4       0       0       0       0       0
      Temps:          0       0       0       0       0       0       0
      Totals:         0      12       0       0       0       0       0
Total ram usage:       12 bytes
 Hardware stack levels used:    1
 Hardware stack levels required when called:    4
 This function calls:
		Nothing
 This function is called by:
		_ADC
 This function uses a non-reentrant model


 *************** function ___fttol *****************
 Defined at:
		line 44 in file "C:\Program Files (x86)\Microchip\xc8\v1.45\sources\common\fttol.c"
 Parameters:    Size  Location     Type
  f1              3   33[BANK0 ] float 
 Auto vars:     Size  Location     Type
  lval            4   43[BANK0 ] unsigned long 
  exp1            1   47[BANK0 ] unsigned char 
  sign1           1   42[BANK0 ] unsigned char 
 Return value:  Size  Location     Type
                  4   33[BANK0 ] long 
 Registers used:
		wreg, status,2, status,0
 Tracked objects:
		On entry : 
		On exit  : 
		Unchanged: 
 Data sizes:     COMRAM   BANK0   BANK1   BANK2   BANK3   BANK4   BANK5
      Params:         0       4       0       0       0       0       0
      Locals:         0       6       0       0       0       0       0
      Temps:          0       5       0       0       0       0       0
      Totals:         0      15       0       0       0       0       0
Total ram usage:       15 bytes
 Hardware stack levels used:    1
 Hardware stack levels required when called:    4
 This function calls:
		Nothing
 This function is called by:
		_ADC
[...]
 Parameters:    Size  Location     Type
  f1              3   18[BANK0 ] float 
  f2              3   21[BANK0 ] float 
 Auto vars:     Size  Location     Type
  f3_as_produc    3   28[BANK0 ] unsigned um
  sign            1   32[BANK0 ] unsigned char 
  cntr            1   31[BANK0 ] unsigned char 
  exp             1   27[BANK0 ] unsigned char 
 Return value:  Size  Location     Type
                  3   18[BANK0 ] float 
 Registers used:
		wreg, status,2, status,0, cstack
 Tracked objects:
		On entry : 
		On exit  : 
		Unchanged: 
 Data sizes:     COMRAM   BANK0   BANK1   BANK2   BANK3   BANK4   BANK5
      Params:         0       6       0       0       0       0       0
      Locals:         0       6       0       0       0       0       0
      Temps:          0       3       0       0       0       0       0
      Totals:         0      15       0       0       0       0       0
Total ram usage:       15 bytes
 Hardware stack levels used:    1
 Hardware stack levels required when called:    5
 This function calls:
		___ftpack
 This function is called by:
		_ADC
 This function uses a non-reentrant model


 *************** function ___altoft *****************
 Defined at:
		line 42 in file "C:\Program Files (x86)\Microchip\xc8\v1.45\sources\common\altoft.c"
 Parameters:    Size  Location     Type
  c               4    8[BANK0 ] long 
 Auto vars:     Size  Location     Type
  sign            1   17[BANK0 ] unsigned char 
  exp             1   16[BANK0 ] unsigned char 
 Return value:  Size  Location     Type
                  3    8[BANK0 ] float 
 Registers used:
		wreg, status,2, status,0, cstack
 Tracked objects:
		On entry : 
		On exit  : 
		Unchanged: 
 Data sizes:     COMRAM   BANK0   BANK1   BANK2   BANK3   BANK4   BANK5
      Params:         0       4       0       0       0       0       0
      Locals:         0       2       0       0       0       0       0
      Temps:          0       4       0       0       0       0       0
      Totals:         0      10       0       0       0       0       0
Total ram usage:       10 bytes
 Hardware stack levels used:    1
 Hardware stack levels required when called:    5
 This function calls:
		___ftpack
 This function is called by:
		_ADC
 This function uses a non-reentrant model


 *************** function ___ftpack *****************
 Defined at:
		line 62 in file "C:\Program Files (x86)\Microchip\xc8\v1.45\sources\common\float.c"
 Parameters:    Size  Location     Type
  arg             3    0[BANK0 ] unsigned um
  exp             1    3[BANK0 ] unsigned char 
  sign            1    4[BANK0 ] unsigned char 
 Auto vars:     Size  Location     Type
		None
 Return value:  Size  Location     Type
                  3    0[BANK0 ] float 
 Registers used:
		wreg, status,2, status,0
 Tracked objects:
		On entry : 
		On exit  : 
		Unchanged: 
 Data sizes:     COMRAM   BANK0   BANK1   BANK2   BANK3   BANK4   BANK5
      Params:         0       5       0       0       0       0       0
      Locals:         0       0       0       0       0       0       0
      Temps:          0       3       0       0       0       0       0
      Totals:         0       8       0       0       0       0       0
Total ram usage:        8 bytes
 Hardware stack levels used:    1
 Hardware stack levels required when called:    4
 This function calls:
		Nothing
 This function is called by:
		___altoft
		___ftmul
 This function uses a non-reentrant model


 *************** function ___aldiv *****************
 Defined at:
		line 8 in file "C:\Program Files (x86)\Microchip\xc8\v1.45\sources\common\aldiv.c"
 Parameters:    Size  Location     Type
  dividend        4    0[BANK0 ] long 
  divisor         4    4[BANK0 ] long 
 Auto vars:     Size  Location     Type
  quotient        4   10[BANK0 ] long 
  sign            1    9[BANK0 ] unsigned char 
  counter         1    8[BANK0 ] unsigned char 
 Return value:  Size  Location     Type
                  4    0[BANK0 ] long 
 Registers used:
		wreg, status,2, status,0
 Tracked objects:
		On entry : 
		On exit  : 
		Unchanged: 
 Data sizes:     COMRAM   BANK0   BANK1   BANK2   BANK3   BANK4   BANK5
      Params:         0       8       0       0       0       0       0
      Locals:         0       6       0       0       0       0       0
      Temps:          0       0       0       0       0       0       0
      Totals:         0      14       0       0       0       0       0
Total ram usage:       14 bytes
 Hardware stack levels used:    1
 Hardware stack levels required when called:    4
 This function calls:
		Nothing
 This function is called by:
		_ADC
 This function uses a non-reentrant model


 *************** function _alarm *****************
 Defined at:
		line 133 in file "Lab7.c"
 Parameters:    Size  Location     Type
		None
 Auto vars:     Size  Location     Type
		None
 Return value:  Size  Location     Type
                  1    wreg      void 
 Registers used:
		wreg, fsr2l, fsr2h, status,2, status,0, tblptrl, tblptrh, tblptru, prodl, prodh, cstack
 Tracked objects:
		On entry : 
		On exit  : 
		Unchanged: 
 Data sizes:     COMRAM   BANK0   BANK1   BANK2   BANK3   BANK4   BANK5
      Params:         0       0       0       0       0       0       0
      Locals:         0       0       0       0       0       0       0
      Temps:         23       0       0       0       0       0       0
      Totals:        23       0       0       0       0       0       0
Total ram usage:       23 bytes
 Hardware stack levels used:    1
 Hardware stack levels required when called:    3
 This function calls:
		i2_Clear
		i2_password
		i2_printf
 This function is called by:
		Interrupt level 2
 This function uses a non-reentrant model


 *************** function i2_password *****************
 Defined at:
		line 612 in file "Lab7.c"
 Parameters:    Size  Location     Type
		None
 Auto vars:     Size  Location     Type
  password        2   42[COMRAM] int 
  password        2   40[COMRAM] int 
  password        2   38[COMRAM] int 
 Return value:  Size  Location     Type
                  1    wreg      void 
 Registers used:
		wreg, fsr2l, fsr2h, status,2, status,0, tblptrl, tblptrh, tblptru, prodl, prodh, cstack
 Tracked objects:
		On entry : 
		On exit  : 
		Unchanged: 
 Data sizes:     COMRAM   BANK0   BANK1   BANK2   BANK3   BANK4   BANK5
      Params:         0       0       0       0       0       0       0
      Locals:         6       0       0       0       0       0       0
      Temps:          2       0       0       0       0       0       0
      Totals:         8       0       0       0       0       0       0
Total ram usage:        8 bytes
 Hardware stack levels used:    1
 Hardware stack levels required when called:    2
 This function calls:
		i2_Read_b_eep
		i2_keypad
		i2_printf
 This function is called by:
		_alarm
 This function uses a non-reentrant model


 *************** function i2_keypad *****************
 Defined at:
		line 1086 in file "Lab7.c"
 Parameters:    Size  Location     Type
		None
 Auto vars:     Size  Location     Type
		None
 Return value:  Size  Location     Type
                  2    0[COMRAM] int 
 Registers used:
		wreg, status,2
 Tracked objects:
		On entry : 
		On exit  : 
		Unchanged: 
 Data sizes:     COMRAM   BANK0   BANK1   BANK2   BANK3   BANK4   BANK5
      Params:         2       0       0       0       0       0       0
      Locals:         0       0       0       0       0       0       0
      Temps:          0       0       0       0       0       0       0
      Totals:         2       0       0       0       0       0       0
Total ram usage:        2 bytes
 Hardware stack levels used:    1
 This function calls:
		Nothing
 This function is called by:
		i2_password
 This function uses a non-reentrant model


 *************** function i2_Read_b_eep *****************
 Defined at:
		line 23 in file "C:\Program Files (x86)\Microchip\xc8\v1.45\sources\pic18\plib\EEP\read_B.c"
 Parameters:    Size  Location     Type
  badd            2    0[COMRAM] unsigned int 
 Auto vars:     Size  Location     Type
		None
 Return value:  Size  Location     Type
                  1    wreg      unsigned char 
 Registers used:
		wreg, status,2
 Tracked objects:
		On entry : 
		On exit  : 
		Unchanged: 
 Data sizes:     COMRAM   BANK0   BANK1   BANK2   BANK3   BANK4   BANK5
      Params:         2       0       0       0       0       0       0
      Locals:         0       0       0       0       0       0       0
      Temps:          0       0       0       0       0       0       0
      Totals:         2       0       0       0       0       0       0
Total ram usage:        2 bytes
 Hardware stack levels used:    1
 This function calls:
		Nothing
 This function is called by:
		i2_password
 This function uses a non-reentrant model


 *************** function i2_Clear *****************
 Defined at:
		line 112 in file "Lab7.c"
 Parameters:    Size  Location     Type
		None
 Auto vars:     Size  Location     Type
		None
 Return value:  Size  Location     Type
                  1    wreg      void 
 Registers used:
		wreg, fsr2l, fsr2h, status,2, status,0, tblptrl, tblptrh, tblptru, prodl, prodh, cstack
 Tracked objects:
		On entry : 
		On exit  : 
		Unchanged: 
 Data sizes:     COMRAM   BANK0   BANK1   BANK2   BANK3   BANK4   BANK5
      Params:         0       0       0       0       0       0       0
      Locals:         0       0       0       0       0       0       0
      Temps:          0       0       0       0       0       0       0
      Totals:         0       0       0       0       0       0       0
Total ram usage:        0 bytes
 Hardware stack levels used:    1
 Hardware stack levels required when called:    2
 This function calls:
		i2_printf
 This function is called by:
		_alarm
 This function uses a non-reentrant model


 *************** function i2_printf *****************
 Defined at:
		line 464 in file "C:\Program Files (x86)\Microchip\xc8\v1.45\sources\common\doprnt.c"
 Parameters:    Size  Location     Type
  f               2   22[COMRAM] PTR const unsigned char 
		 -> STR_105(23), STR_104(9), STR_103(28), STR_102(26), 
		 -> STR_101(25), STR_100(135), STR_99(18), STR_98(29), 
		 -> STR_97(16), STR_96(19), STR_95(20), STR_94(14), 
		 -> STR_93(15), STR_92(23), STR_91(38), STR_90(3), 
		 -> STR_89(36), STR_88(3), STR_87(36), STR_86(36), 
		 -> STR_85(26), STR_84(25), STR_83(25), STR_82(153), 
		 -> STR_81(18), STR_80(29), STR_79(16), STR_78(19), 
		 -> STR_77(20), STR_76(14), STR_75(15), STR_74(23), 
		 -> STR_73(19), STR_72(18), STR_71(25), STR_70(119), 
		 -> STR_69(18), STR_68(29), STR_67(16), STR_66(19), 
		 -> STR_65(20), STR_64(14), STR_63(15), STR_62(23), 
		 -> STR_61(21), STR_60(25), STR_59(111), STR_58(18), 
		 -> STR_57(29), STR_56(16), STR_55(19), STR_54(20), 
		 -> STR_53(14), STR_52(15), STR_51(28), STR_50(21), 
		 -> STR_49(2), STR_48(2), STR_47(11), STR_46(54), 
		 -> STR_45(25), STR_44(32), STR_43(37), STR_42(2), 
		 -> STR_41(32), STR_40(37), STR_39(2), STR_38(21), 
		 -> STR_37(2), STR_36(2), STR_35(25), STR_34(23), 
		 -> STR_33(25), STR_32(163), STR_31(18), STR_30(29), 
		 -> STR_29(16), STR_28(19), STR_27(20), STR_26(14), 
		 -> STR_25(15), STR_24(19), STR_23(37), STR_22(2), 
		 -> STR_21(15), STR_20(20), STR_19(31), STR_18(18), 
		 -> STR_17(39), STR_16(39), STR_15(7), STR_14(3), 
		 -> STR_13(39), STR_12(3), STR_11(36), STR_10(36), 
		 -> STR_9(59), STR_8(31), STR_7(44), STR_6(39), 
		 -> STR_5(39), STR_4(31), STR_3(28), STR_2(7), 
		 -> STR_1(5), 
 Auto vars:     Size  Location     Type
  printf          4   31[COMRAM] unsigned long 
  printf          4    0        struct .
  printf          3    0        PTR const unsigned char 
  printf          2   28[COMRAM] PTR void [1]
		 -> ?i2_printf(2), ?i1_printf(2), ?_printf(2), 
  printf          2   26[COMRAM] int 
  printf          2    0        unsigned int 
  printf          1   35[COMRAM] char 
  printf          1   30[COMRAM] unsigned char 
 Return value:  Size  Location     Type
                  2   22[COMRAM] int 
 Registers used:
		wreg, fsr2l, fsr2h, status,2, status,0, tblptrl, tblptrh, tblptru, prodl, prodh, cstack
 Tracked objects:
		On entry : 
		On exit  : 
		Unchanged: 
 Data sizes:     COMRAM   BANK0   BANK1   BANK2   BANK3   BANK4   BANK5
      Params:         2       0       0       0       0       0       0
      Locals:        10       0       0       0       0       0       0
      Temps:          2       0       0       0       0       0       0
      Totals:        14       0       0       0       0       0       0
Total ram usage:       14 bytes
 Hardware stack levels used:    1
 Hardware stack levels required when called:    1
 This function calls:
		i2___lldiv
		i2___llmod
		i2_putch
 This function is called by:
		_alarm
		i2_Clear
		i2_password
 This function uses a non-reentrant model


 *************** function i2_putch *****************
 Defined at:
		line 106 in file "Lab7.c"
 Parameters:    Size  Location     Type
  data            1    wreg     unsigned char 
 Auto vars:     Size  Location     Type
  data            1    0[COMRAM] unsigned char 
 Return value:  Size  Location     Type
                  1    wreg      void 
 Registers used:
		wreg
 Tracked objects:
		On entry : 
		On exit  : 
		Unchanged: 
 Data sizes:     COMRAM   BANK0   BANK1   BANK2   BANK3   BANK4   BANK5
      Params:         0       0       0       0       0       0       0
      Locals:         1       0       0       0       0       0       0
      Temps:          0       0       0       0       0       0       0
      Totals:         1       0       0       0       0       0       0
Total ram usage:        1 bytes
 Hardware stack levels used:    1
 This function calls:
		Nothing
 This function is called by:
		i2_printf
 This function uses a non-reentrant model


 *************** function i2___llmod *****************
 Defined at:
		line 8 in file "C:\Program Files (x86)\Microchip\xc8\v1.45\sources\common\llmod.c"
 Parameters:    Size  Location     Type
  dividend        4   13[COMRAM] unsigned long 
  divisor         4   17[COMRAM] unsigned long 
 Auto vars:     Size  Location     Type
  __llmod         1   21[COMRAM] unsigned char 
 Return value:  Size  Location     Type
                  4   13[COMRAM] unsigned long 
 Registers used:
		wreg, status,2, status,0
 Tracked objects:
		On entry : 
		On exit  : 
		Unchanged: 
 Data sizes:     COMRAM   BANK0   BANK1   BANK2   BANK3   BANK4   BANK5
      Params:         8       0       0       0       0       0       0
      Locals:         1       0       0       0       0       0       0
      Temps:          0       0       0       0       0       0       0
      Totals:         9       0       0       0       0       0       0
Total ram usage:        9 bytes
 Hardware stack levels used:    1
 This function calls:
		Nothing
 This function is called by:
		i2_printf
 This function uses a non-reentrant model


 *************** function i2___lldiv *****************
 Defined at:
		line 8 in file "C:\Program Files (x86)\Microchip\xc8\v1.45\sources\common\lldiv.c"
 Parameters:    Size  Location     Type
  dividend        4    0[COMRAM] unsigned long 
  divisor         4    4[COMRAM] unsigned long 
 Auto vars:     Size  Location     Type
  __lldiv         4    8[COMRAM] unsigned long 
  __lldiv         1   12[COMRAM] unsigned char 
 Return value:  Size  Location     Type
                  4    0[COMRAM] unsigned long 
 Registers used:
		wreg, status,2, status,0
 Tracked objects:
		On entry : 
		On exit  : 
		Unchanged: 
 Data sizes:     COMRAM   BANK0   BANK1   BANK2   BANK3   BANK4   BANK5
      Params:         8       0       0       0       0       0       0
      Locals:         5       0       0       0       0       0       0
      Temps:          0       0       0       0       0       0       0
      Totals:        13       0       0       0       0       0       0
Total ram usage:       13 bytes
 Hardware stack levels used:    1
 This function calls:
		Nothing
 This function is called by:
		i2_printf
 This function uses a non-reentrant model



MODULE INFORMATION

Module		Function		Class		Link	Load	Size
C:\Program Files (x86)\Microchip\xc8\v1.45\sources\common\float.c
		___ftpack      		CODE           	2B1E	0000	177

C:\Program Files (x86)\Microchip\xc8\v1.45\sources\common\float.c estimated size: 177

C:\Program Files (x86)\Microchip\xc8\v1.45\sources\common\doprnt.c
		_printf        		CODE           	1800	0000	441

C:\Program Files (x86)\Microchip\xc8\v1.45\sources\common\doprnt.c estimated size: 441

Lab7.c
		_ADC           		CODE           	261E	0000	303
		_alarm         		CODE           	0008	0000	285
		_putch         		CODE           	30BC	0000	15
		_temp_sensor   		CODE           	0018	0000	1037
		_password      		CODE           	2376	0000	351
		_main          		CODE           	08DE	0000	1203
		_keypad        		CODE           	1B70	0000	433
		_alarm_options 		CODE           	13AE	0000	589
		_Clear         		CODE           	3030	0000	31
		_temp_options  		CODE           	0428	0000	1207
		_password_options		CODE           	15FA	0000	519
		_input_options 		CODE           	1100	0000	687
		_password_change		CODE           	0D90	0000	881
		_write_eeprom  		CODE           	2FC8	0000	53

Lab7.c estimated size: 7594

C:\Program Files (x86)\Microchip\xc8\v1.45\sources\common\ftmul.c
		___ftmul       		CODE           	295A	0000	247

C:\Program Files (x86)\Microchip\xc8\v1.45\sources\common\ftmul.c estimated size: 247

C:\Program Files (x86)\Microchip\xc8\v1.45\sources\common\llmod.c
		___llmod       		CODE           	2E3A	0000	105

C:\Program Files (x86)\Microchip\xc8\v1.45\sources\common\llmod.c estimated size: 105

C:\Program Files (x86)\Microchip\xc8\v1.45\sources\common\Umul32.c
		___lmul        		CODE           	2F70	0000	89

C:\Program Files (x86)\Microchip\xc8\v1.45\sources\common\Umul32.c estimated size: 89

shared
		i1_printf      		CODE           	19B8	0000	441
		i2_printf      		CODE           	1ED0	0000	427
		i1_Clear       		CODE           	304E	0000	31
		i2_Clear       		CODE           	306C	0000	27
		i1_keypad      		CODE           	1D20	0000	433
		i2_keypad      		CODE           	207A	0000	401
		i1_password    		CODE           	220A	0000	365
		i2_password    		CODE           	24D4	0000	331
		i1_putch       		CODE           	30CA	0000	15
		i2_putch       		CODE           	30D8	0000	13
		_dpowers       		MEDIUMCONST    	78F5	0000	41
		i1_write_eeprom		CODE           	2FFC	0000	53
		i1_Read_b_eep  		CODE           	3098	0000	19
		i2_Read_b_eep  		CODE           	30AA	0000	19
		i1___lldiv     		CODE           	2C52	0000	133
		i2___lldiv     		CODE           	2CD6	0000	131
		__initialization		CODE           	2DD2	0000	91
		i1___llmod     		CODE           	2EA2	0000	105
		i2___llmod     		CODE           	2F0A	0000	103

shared estimated size: 3179

C:\Program Files (x86)\Microchip\xc8\v1.45\sources\common\fttol.c
		___fttol       		CODE           	2862	0000	249

C:\Program Files (x86)\Microchip\xc8\v1.45\sources\common\fttol.c estimated size: 249

C:\Program Files (x86)\Microchip\xc8\v1.45\sources\pic18\plib\EEP\read_B.c
		_Read_b_eep    		CODE           	3086	0000	19

C:\Program Files (x86)\Microchip\xc8\v1.45\sources\pic18\plib\EEP\read_B.c estimated size: 19

C:\Program Files (x86)\Microchip\xc8\v1.45\sources\common\lldiv.c
		___lldiv       		CODE           	2BCE	0000	133

C:\Program Files (x86)\Microchip\xc8\v1.45\sources\common\lldiv.c estimated size: 133

C:\Program Files (x86)\Microchip\xc8\v1.45\sources\common\aldiv.c
		___aldiv       		CODE           	2A50	0000	207

C:\Program Files (x86)\Microchip\xc8\v1.45\sources\common\aldiv.c estimated size: 207

C:\Program Files (x86)\Microchip\xc8\v1.45\sources\common\altoft.c
		___altoft      		CODE           	2D58	0000	123

C:\Program Files (x86)\Microchip\xc8\v1.45\sources\common\altoft.c estimated size: 123

