Microchip MPLAB XC8 Compiler V1.45 ()

Linker command line:

-W-3 --edf=C:\Program Files (x86)\Microchip\xc8\v1.45\dat\en_msgs.txt -cs \
  -h+dist/default/debug\HW2.X.debug.sym \
  --cmf=dist/default/debug\HW2.X.debug.cmf -z -Q18F452 \
  -oC:\Users\WILLIA~1\AppData\Local\Temp\s2eo.2 \
  -Mdist/default/debug/HW2.X.debug.map -E1 -ver=XC8 -ASTACK=080h-05ffh \
  -pstack=STACK -ACODE=00h-03FFFhx2 -ACONST=00h-07FFFh \
  -ASMALLCONST=0600h-06FFhx122 -AMEDIUMCONST=0600h-07FFFh -ACOMRAM=01h-07Fh \
  -AABS1=00h-05FFh -ABIGRAM=01h-05FFh -ARAM=080h-0FFh,0100h-01FFhx5 \
  -ABANK0=080h-0FFh -ABANK1=0100h-01FFh -ABANK2=0200h-02FFh \
  -ABANK3=0300h-03FFh -ABANK4=0400h-04FFh -ABANK5=0500h-05FFh \
  -ASFR=0F80h-0FFFh -preset_vec=00h,intcode=08h,intcodelo,powerup,init \
  -pramtop=0600h -psmallconst=SMALLCONST -pmediumconst=MEDIUMCONST \
  -pconst=CONST -AFARRAM=00h-00h -ACONFIG=0300000h-030000Dh -pconfig=CONFIG \
  -AIDLOC=0200000h-0200007h -pidloc=IDLOC -AEEDATA=0F00000h-0F000FFh \
  -peeprom_data=EEDATA \
  -prdata=COMRAM,nvrram=COMRAM,nvbit=COMRAM,rbss=COMRAM,rbit=COMRAM \
  -pfarbss=FARRAM,fardata=FARRAM,nvFARRAM=FARRAM \
  -pintsave_regs=BIGRAM,bigbss=BIGRAM,bigdata=BIGRAM -pbss=RAM \
  -pidata=CODE,irdata=CODE,ibigdata=CODE,ifardata=CODE -prparam=COMRAM \
  C:\Users\WILLIA~1\AppData\Local\Temp\s2eo.obj \
  dist/default/debug\HW2.X.debug.obj 

Object code version is 3.11

Machine type is 18F452

Call graph: (short form)




                Name                               Link     Load   Length Selector   Space Scale
C:\Users\WILLIA~1\AppData\Local\Temp\s2eo.obj
                text                                9D0      9D0        2      30A       0
                init                                 A8       A8        4        4       0
                reset_vec                             0        0        6        0       0
                idloc                            200000   200000        8   200000       0
                config                           300000   300000        E   300000       0
dist/default/debug\HW2.X.debug.obj
                intcode                               8        8       A0        4       0
                temp                                 47       47        1        1       1
                smallconst                          600      600       14      300       0
                text7                               758      758       E0      30A       0
                text6                               838      838       70      30A       0
                text4                               8A8      8A8       60      30A       0
                text3                               908      908       50      30A       0
                text2                               9BE      9BE       12      30A       0
                text1                               614      614      144      30A       0
                text0                               958      958       4C      30A       0
                cstackCOMRAM                          1        1       3A        1       1
                bssCOMRAM                            3B       3B        C        1       1
                cinit                               9A4      9A4       1A      30A       0

TOTAL           Name                               Link     Load   Length     Space
        CLASS   STACK          

        CLASS   CODE           
                intcode                               8        8       A0         0
                text                                9D0      9D0        2         0
                init                                 A8       A8        4         0
                reset_vec                             0        0        6         0
                text7                               758      758       E0         0
                text6                               838      838       70         0
                text4                               8A8      8A8       60         0
                text3                               908      908       50         0
                text2                               9BE      9BE       12         0
                text1                               614      614      144         0
                text0                               958      958       4C         0
                cinit                               9A4      9A4       1A         0

        CLASS   CONST          

        CLASS   SMALLCONST     
                smallconst                          600      600       14         0

        CLASS   MEDIUMCONST    

        CLASS   COMRAM         
                temp                                 47       47        1         1
                cstackCOMRAM                          1        1       3A         1
                bssCOMRAM                            3B       3B        C         1

        CLASS   ABS1           

        CLASS   BIGRAM         

        CLASS   RAM            

        CLASS   BANK0          

        CLASS   BANK1          

        CLASS   BANK2          

        CLASS   BANK3          

        CLASS   BANK4          

        CLASS   BANK5          

        CLASS   SFR            

        CLASS   FARRAM         

        CLASS   CONFIG         
                config                           300000   300000        E         0

        CLASS   IDLOC          
                idloc                            200000   200000        8         0

        CLASS   EEDATA         



SEGMENTS        Name                           Load    Length   Top    Selector   Space  Class

                reset_vec                      000000  000006  000006         0       0  CODE    
                cstackCOMRAM                   000001  000047  000048         1       1  COMRAM  
                intcode                        000008  0000A4  0000AC         4       0  CODE    
                smallconst                     000600  000014  000614       300       0  SMALLCON
                text1                          000614  0003BE  0009D2       30A       0  CODE    
                idloc                          200000  000008  200008    200000       0  IDLOC   
                config                         300000  00000E  30000E    300000       0  CONFIG  


UNUSED ADDRESS RANGES

        Name                Unused          Largest block    Delta
        BANK0            000080-0000FF               80
        BANK1            000100-0001FF              100
        BANK2            000200-0002FF              100
        BANK3            000300-0003FF              100
        BANK4            000400-0004FF              100
        BANK5            000500-0005FF              100
        BIGRAM           000048-0005FF              5B8
        CODE             000006-000007                2
                         0000AC-0005FF              554
                         0009D2-007FFF             362E
        COMRAM           000048-00007F               38
        CONST            000006-000007                2
                         0000AC-0005FF              554
                         0009D2-007FFF             762E
        EEDATA           F00000-F000FF              100
        MEDIUMCONST      0009D2-007FFF             762E
        RAM              000080-0005FF              100
        SFR              000F80-000FFF               80
        SMALLCONST       0009D2-007FFF              100
        STACK            000080-0005FF              580

                                  Symbol Table

?___aldiv                                                    cstackCOMRAM 000001
?___lwdiv                                                    cstackCOMRAM 000023
?___lwmod                                                    cstackCOMRAM 00002A
?_printf                                                     cstackCOMRAM 00002F
_CCP1CON                                                     (abs)        000FBD
_CCPR1H                                                      (abs)        000FBF
_CCPR1L                                                      (abs)        000FBE
_INTCONbits                                                  (abs)        000FF2
_PIE1bits                                                    (abs)        000F9D
_PIR1bits                                                    (abs)        000F9E
_PORTD                                                       (abs)        000F83
_RCSTAbits                                                   (abs)        000FAB
_T1CONbits                                                   (abs)        000FCD
_TRISC                                                       (abs)        000F94
_TXREG                                                       (abs)        000FAD
_TXSTAbits                                                   (abs)        000FAC
__CFG_BOR$OFF                                                (abs)        000000
__CFG_BORV$20                                                (abs)        000000
__CFG_CCP2MUX$ON                                             (abs)        000000
__CFG_LVP$OFF                                                (abs)        000000
__CFG_OSC$HS                                                 (abs)        000000
__CFG_OSCS$OFF                                               (abs)        000000
__CFG_PWRT$OFF                                               (abs)        000000
__CFG_STVR$OFF                                               (abs)        000000
__CFG_WDT$OFF                                                (abs)        000000
__CFG_WDTPS$128                                              (abs)        000000
__HRAM                                                       (abs)        000000
__Habs1                                                      abs1         000000
__Hbank0                                                     bank0        000000
__Hbank1                                                     bank1        000000
__Hbank2                                                     bank2        000000
__Hbank3                                                     bank3        000000
__Hbank4                                                     bank4        000000
__Hbank5                                                     bank5        000000
__Hbigbss                                                    bigbss       000000
__Hbigdata                                                   bigdata      000000
__Hbigram                                                    bigram       000000
__Hbss                                                       bss          000000
__HbssCOMRAM                                                 bssCOMRAM    000000
__Hcinit                                                     cinit        000000
__Hclrtext                                                   clrtext      000000
__Hcomram                                                    comram       000000
__Hconfig                                                    config       30000E
__Hconst                                                     const        000000
__HcstackCOMRAM                                              cstackCOMRAM 000000
__Hdata                                                      data         000000
__Heeprom_data                                               eeprom_data  000000
__Hfarbss                                                    farbss       000000
__Hfardata                                                   fardata      000000
__Hibigdata                                                  ibigdata     000000
__Hidata                                                     idata        000000
__Hidloc                                                     idloc        200008
__Hifardata                                                  ifardata     000000
__Hinit                                                      init         0000AC
__Hintcode                                                   intcode      0000A8
__Hintcode_body                                              intcode_body 000000
__Hintcodelo                                                 intcodelo    0000A8
__Hintentry                                                  intentry     000000
__Hintret                                                    intret       000000
__Hintsave_regs                                              intsave_regs 000000
__Hirdata                                                    irdata       000000
__Hmediumconst                                               mediumconst  000000
__HnvFARRAM                                                  nvFARRAM     000000
__Hnvbit                                                     nvbit        000000
__Hnvrram                                                    nvrram       000000
__Hparam                                                     rparam       000000
__Hpowerup                                                   powerup      0000A8
__Hram                                                       ram          000000
__Hramtop                                                    ramtop       000600
__Hrbit                                                      rbit         000000
__Hrbss                                                      rbss         000000
__Hrdata                                                     rdata        000000
__Hreset_vec                                                 reset_vec    000006
__Hrparam                                                    rparam       000000
__Hsfr                                                       sfr          000000
__Hsmallconst                                                smallconst   000614
__Hspace_0                                                   (abs)        30000E
__Hspace_1                                                   (abs)        000048
__Hspace_2                                                   (abs)        000000
__Hstack                                                     stack        000000
__Hstruct                                                    struct       000000
__Htemp                                                      temp         000048
__Htext                                                      text         000000
__Htext0                                                     text0        000000
__Htext1                                                     text1        000000
__Htext2                                                     text2        000000
__Htext3                                                     text3        000000
__Htext4                                                     text4        000000
__Htext6                                                     text6        000000
__Htext7                                                     text7        000000
__LRAM                                                       (abs)        000001
__Labs1                                                      abs1         000000
__Lbank0                                                     bank0        000000
__Lbank1                                                     bank1        000000
__Lbank2                                                     bank2        000000
__Lbank3                                                     bank3        000000
__Lbank4                                                     bank4        000000
__Lbank5                                                     bank5        000000
__Lbigbss                                                    bigbss       000000
__Lbigdata                                                   bigdata      000000
__Lbigram                                                    bigram       000000
__Lbss                                                       bss          000000
__LbssCOMRAM                                                 bssCOMRAM    000000
__Lcinit                                                     cinit        000000
__Lclrtext                                                   clrtext      000000
__Lcomram                                                    comram       000000
__Lconfig                                                    config       300000
__Lconst                                                     const        000000
__LcstackCOMRAM                                              cstackCOMRAM 000000
__Ldata                                                      data         000000
__Leeprom_data                                               eeprom_data  000000
__Lfarbss                                                    farbss       000000
__Lfardata                                                   fardata      000000
__Libigdata                                                  ibigdata     000000
__Lidata                                                     idata        000000
__Lidloc                                                     idloc        200000
__Lifardata                                                  ifardata     000000
__Linit                                                      init         0000A8
__Lintcode                                                   intcode      000008
__Lintcode_body                                              intcode_body 000000
__Lintcodelo                                                 intcodelo    0000A8
__Lintentry                                                  intentry     000000
__Lintret                                                    intret       000000
__Lintsave_regs                                              intsave_regs 000000
__Lirdata                                                    irdata       000000
__Lmediumconst                                               mediumconst  000000
__LnvFARRAM                                                  nvFARRAM     000000
__Lnvbit                                                     nvbit        000000
__Lnvrram                                                    nvrram       000000
__Lparam                                                     rparam       000000
__Lpowerup                                                   powerup      0000A8
__Lram                                                       ram          000000
__Lramtop                                                    ramtop       000600
__Lrbit                                                      rbit         000000
__Lrbss                                                      rbss         000000
__Lrdata                                                     rdata        000000
__Lreset_vec                                                 reset_vec    000000
__Lrparam                                                    rparam       000000
__Lsfr                                                       sfr          000000
__Lsmallconst                                                smallconst   000600
__Lspace_0                                                   (abs)        000000
__Lspace_1                                                   (abs)        000000
__Lspace_2                                                   (abs)        000000
__Lstack                                                     stack        000000
__Lstruct                                                    struct       000000
__Ltemp                                                      temp         000047
__Ltext                                                      text         000000
__Ltext0                                                     text0        000000
__Ltext1                                                     text1        000000
__Ltext2                                                     text2        000000
__Ltext3                                                     text3        000000
__Ltext4                                                     text4        000000
__Ltext6                                                     text6        000000
__Ltext7                                                     text7        000000
__S0                                                         (abs)        30000E
__S1                                                         (abs)        000048
__S2                                                         (abs)        000000
___aldiv                                                     text7        000758
___aldiv@counter                                             cstackCOMRAM 000009
___aldiv@dividend                                            cstackCOMRAM 000001
___aldiv@divisor                                             cstackCOMRAM 000005
___aldiv@quotient                                            cstackCOMRAM 00000B
___aldiv@sign                                                cstackCOMRAM 00000A
___inthi_sp                                                  stack        000000
___intlo_sp                                                  stack        000000
___lwdiv                                                     text4        0008A8
___lwdiv@counter                                             cstackCOMRAM 000029
___lwdiv@dividend                                            cstackCOMRAM 000023
___lwdiv@divisor                                             cstackCOMRAM 000025
___lwdiv@quotient                                            cstackCOMRAM 000027
___lwmod                                                     text3        000908
___lwmod@counter                                             cstackCOMRAM 00002E
___lwmod@dividend                                            cstackCOMRAM 00002A
___lwmod@divisor                                             cstackCOMRAM 00002C
___param_bank                                                (abs)        000000
___rparam_used                                               (abs)        000001
___sp                                                        stack        000000
__accesstop                                                  (abs)        000080
__activetblptr                                               (abs)        000002
__cntErrataNOP_C:\Users\WILLIA~1\AppData\Local\Temp\s2eo.obj (abs)        000001
__cntErrataNOP_dist/default/debug\HW2.X.debug.obj            (abs)        000029
__end_of___aldiv                                             text7        000838
__end_of___lwdiv                                             text4        000908
__end_of___lwmod                                             text3        000958
__end_of__initialization                                     cinit        0009B0
__end_of_capture                                             intcode      0000A8
__end_of_dpowers                                             smallconst   00060B
__end_of_main                                                text0        0009A4
__end_of_printf                                              text1        000758
__end_of_putch                                               text2        0009D0
__end_of_timer1                                              text6        0008A8
__initialization                                             cinit        0009A4
__mediumconst                                                mediumconst  000000
__pbssCOMRAM                                                 bssCOMRAM    00003B
__pcinit                                                     cinit        0009A4
__pcstackCOMRAM                                              cstackCOMRAM 000001
__pintcode                                                   intcode      000008
__psmallconst                                                smallconst   000600
__ptext0                                                     text0        000958
__ptext1                                                     text1        000614
__ptext2                                                     text2        0009BE
__ptext3                                                     text3        000908
__ptext4                                                     text4        0008A8
__ptext6                                                     text6        000838
__ptext7                                                     text7        000758
__ramtop                                                     ramtop       000600
__size_of___aldiv                                            (abs)        000000
__size_of___lwdiv                                            (abs)        000000
__size_of___lwmod                                            (abs)        000000
__size_of_capture                                            (abs)        000000
__size_of_main                                               (abs)        000000
__size_of_printf                                             (abs)        000000
__size_of_putch                                              (abs)        000000
__size_of_timer1                                             (abs)        000000
__smallconst                                                 smallconst   000600
_capture                                                     intcode      000008
_current                                                     bssCOMRAM    00003F
_dif                                                         bssCOMRAM    000045
_dpowers                                                     smallconst   000601
_freq                                                        bssCOMRAM    00003B
_high                                                        bssCOMRAM    000043
_low                                                         bssCOMRAM    000041
_main                                                        text0        000958
_prev                                                        bssCOMRAM    00003D
_printf                                                      text1        000614
_putch                                                       text2        0009BE
_timer1                                                      text6        000838
btemp                                                        temp         000047
end_of_initialization                                        cinit        0009B0
int$flags                                                    temp         000047
intlevel0                                                    text         0009D0
intlevel1                                                    text         0009D0
intlevel2                                                    text         0009D0
intlevel3                                                    text         0009D0
printf@ap                                                    cstackCOMRAM 000034
printf@c                                                     cstackCOMRAM 00003A
printf@f                                                     cstackCOMRAM 00002F
printf@flag                                                  cstackCOMRAM 000036
printf@prec                                                  cstackCOMRAM 000037
printf@val                                                   cstackCOMRAM 000038
putch@data                                                   cstackCOMRAM 000023
stackhi                                                      (abs)        0005FF
stacklo                                                      (abs)        000080
start                                                        init         0000A8
start_initialization                                         cinit        0009A4
wtemp6                                                       temp         000048


FUNCTION INFORMATION:

 *************** function _main *****************
 Defined at:
		line 77 in file "HW2.c"
 Parameters:    Size  Location     Type
		None
 Auto vars:     Size  Location     Type
		None
 Return value:  Size  Location     Type
                  1    wreg      void 
 Registers used:
		wreg, fsr2l, fsr2h, status,2, status,0, tblptrl, tblptrh, tblptru, prodl, prodh, cstack
 Tracked objects:
		On entry : 
		On exit  : 
		Unchanged: 
 Data sizes:     COMRAM   BANK0   BANK1   BANK2   BANK3   BANK4   BANK5
      Params:         0       0       0       0       0       0       0
      Locals:         0       0       0       0       0       0       0
      Temps:          0       0       0       0       0       0       0
      Totals:         0       0       0       0       0       0       0
Total ram usage:        0 bytes
 Hardware stack levels required when called:    5
 This function calls:
		_printf
 This function is called by:
		Startup code after reset
 This function uses a non-reentrant model


 *************** function _printf *****************
 Defined at:
		line 464 in file "C:\Program Files (x86)\Microchip\xc8\v1.45\sources\common\doprnt.c"
 Parameters:    Size  Location     Type
  f               2   46[COMRAM] PTR const unsigned char 
		 -> STR_1(7), 
 Auto vars:     Size  Location     Type
  tmpval          4    0        struct .
  cp              3    0        PTR const unsigned char 
  val             2   55[COMRAM] unsigned int 
  ap              2   51[COMRAM] PTR void [1]
		 -> ?_printf(2), 
  len             2    0        unsigned int 
  c               1   57[COMRAM] char 
  prec            1   54[COMRAM] char 
  flag            1   53[COMRAM] unsigned char 
 Return value:  Size  Location     Type
                  2   46[COMRAM] int 
 Registers used:
		wreg, fsr2l, fsr2h, status,2, status,0, tblptrl, tblptrh, tblptru, prodl, prodh, cstack
 Tracked objects:
		On entry : 
		On exit  : 
		Unchanged: 
 Data sizes:     COMRAM   BANK0   BANK1   BANK2   BANK3   BANK4   BANK5
      Params:         4       0       0       0       0       0       0
      Locals:         7       0       0       0       0       0       0
      Temps:          1       0       0       0       0       0       0
      Totals:        12       0       0       0       0       0       0
Total ram usage:       12 bytes
 Hardware stack levels used:    1
 Hardware stack levels required when called:    4
 This function calls:
		___lwdiv
		___lwmod
		_putch
 This function is called by:
		_main
 This function uses a non-reentrant model


 *************** function _putch *****************
 Defined at:
		line 44 in file "HW2.c"
 Parameters:    Size  Location     Type
  data            1    wreg     unsigned char 
 Auto vars:     Size  Location     Type
  data            1   34[COMRAM] unsigned char 
 Return value:  Size  Location     Type
                  1    wreg      void 
 Registers used:
		wreg
 Tracked objects:
		On entry : 
		On exit  : 
		Unchanged: 
 Data sizes:     COMRAM   BANK0   BANK1   BANK2   BANK3   BANK4   BANK5
      Params:         0       0       0       0       0       0       0
      Locals:         1       0       0       0       0       0       0
      Temps:          0       0       0       0       0       0       0
      Totals:         1       0       0       0       0       0       0
Total ram usage:        1 bytes
 Hardware stack levels used:    1
 Hardware stack levels required when called:    3
 This function calls:
		Nothing
 This function is called by:
		_printf
 This function uses a non-reentrant model


 *************** function ___lwmod *****************
 Defined at:
		line 8 in file "C:\Program Files (x86)\Microchip\xc8\v1.45\sources\common\lwmod.c"
 Parameters:    Size  Location     Type
  dividend        2   41[COMRAM] unsigned int 
  divisor         2   43[COMRAM] unsigned int 
 Auto vars:     Size  Location     Type
  counter         1   45[COMRAM] unsigned char 
 Return value:  Size  Location     Type
                  2   41[COMRAM] unsigned int 
 Registers used:
		wreg, status,2, status,0
 Tracked objects:
		On entry : 
		On exit  : 
		Unchanged: 
 Data sizes:     COMRAM   BANK0   BANK1   BANK2   BANK3   BANK4   BANK5
      Params:         4       0       0       0       0       0       0
      Locals:         1       0       0       0       0       0       0
      Temps:          0       0       0       0       0       0       0
      Totals:         5       0       0       0       0       0       0
Total ram usage:        5 bytes
 Hardware stack levels used:    1
 Hardware stack levels required when called:    3
 This function calls:
		Nothing
 This function is called by:
		_printf
 This function uses a non-reentrant model


 *************** function ___lwdiv *****************
 Defined at:
		line 8 in file "C:\Program Files (x86)\Microchip\xc8\v1.45\sources\common\lwdiv.c"
 Parameters:    Size  Location     Type
  dividend        2   34[COMRAM] unsigned int 
  divisor         2   36[COMRAM] unsigned int 
 Auto vars:     Size  Location     Type
  quotient        2   38[COMRAM] unsigned int 
  counter         1   40[COMRAM] unsigned char 
 Return value:  Size  Location     Type
                  2   34[COMRAM] unsigned int 
 Registers used:
		wreg, status,2, status,0
 Tracked objects:
		On entry : 
		On exit  : 
		Unchanged: 
 Data sizes:     COMRAM   BANK0   BANK1   BANK2   BANK3   BANK4   BANK5
      Params:         4       0       0       0       0       0       0
      Locals:         3       0       0       0       0       0       0
      Temps:          0       0       0       0       0       0       0
      Totals:         7       0       0       0       0       0       0
Total ram usage:        7 bytes
 Hardware stack levels used:    1
 Hardware stack levels required when called:    3
 This function calls:
		Nothing
 This function is called by:
		_printf
 This function uses a non-reentrant model


 *************** function _capture *****************
 Defined at:
		line 52 in file "HW2.c"
 Parameters:    Size  Location     Type
		None
 Auto vars:     Size  Location     Type
		None
 Return value:  Size  Location     Type
                  1    wreg      void 
 Registers used:
		wreg, status,2, status,0, cstack
 Tracked objects:
		On entry : 
		On exit  : 
		Unchanged: 
 Data sizes:     COMRAM   BANK0   BANK1   BANK2   BANK3   BANK4   BANK5
      Params:         0       0       0       0       0       0       0
      Locals:         0       0       0       0       0       0       0
      Temps:         18       0       0       0       0       0       0
      Totals:        18       0       0       0       0       0       0
Total ram usage:       18 bytes
 Hardware stack levels used:    1
 Hardware stack levels required when called:    2
 This function calls:
		_timer1
 This function is called by:
		Interrupt level 2
 This function uses a non-reentrant model


 *************** function _timer1 *****************
 Defined at:
		line 64 in file "HW2.c"
 Parameters:    Size  Location     Type
		None
 Auto vars:     Size  Location     Type
		None
 Return value:  Size  Location     Type
                  1    wreg      void 
 Registers used:
		wreg, status,2, status,0, cstack
 Tracked objects:
		On entry : 
		On exit  : 
		Unchanged: 
 Data sizes:     COMRAM   BANK0   BANK1   BANK2   BANK3   BANK4   BANK5
      Params:         0       0       0       0       0       0       0
      Locals:         0       0       0       0       0       0       0
      Temps:          2       0       0       0       0       0       0
      Totals:         2       0       0       0       0       0       0
Total ram usage:        2 bytes
 Hardware stack levels used:    1
 Hardware stack levels required when called:    1
 This function calls:
		___aldiv
 This function is called by:
		_capture
 This function uses a non-reentrant model


 *************** function ___aldiv *****************
 Defined at:
		line 8 in file "C:\Program Files (x86)\Microchip\xc8\v1.45\sources\common\aldiv.c"
 Parameters:    Size  Location     Type
  dividend        4    0[COMRAM] long 
  divisor         4    4[COMRAM] long 
 Auto vars:     Size  Location     Type
  quotient        4   10[COMRAM] long 
  sign            1    9[COMRAM] unsigned char 
  counter         1    8[COMRAM] unsigned char 
 Return value:  Size  Location     Type
                  4    0[COMRAM] long 
 Registers used:
		wreg, status,2, status,0
 Tracked objects:
		On entry : 
		On exit  : 
		Unchanged: 
 Data sizes:     COMRAM   BANK0   BANK1   BANK2   BANK3   BANK4   BANK5
      Params:         8       0       0       0       0       0       0
      Locals:         6       0       0       0       0       0       0
      Temps:          0       0       0       0       0       0       0
      Totals:        14       0       0       0       0       0       0
Total ram usage:       14 bytes
 Hardware stack levels used:    1
 This function calls:
		Nothing
 This function is called by:
		_timer1
 This function uses a non-reentrant model



MODULE INFORMATION

Module		Function		Class		Link	Load	Size
C:\Program Files (x86)\Microchip\xc8\v1.45\sources\common\doprnt.c
		_printf        		CODE           	0614	0000	325

C:\Program Files (x86)\Microchip\xc8\v1.45\sources\common\doprnt.c estimated size: 325

C:\Program Files (x86)\Microchip\xc8\v1.45\sources\common\lwmod.c
		___lwmod       		CODE           	0908	0000	81

C:\Program Files (x86)\Microchip\xc8\v1.45\sources\common\lwmod.c estimated size: 81

shared
		_dpowers       		SMALLCONST     	0601	0000	11
		__initialization		CODE           	09A4	0000	13

shared estimated size: 24

HW2.c
		_putch         		CODE           	09BE	0000	19
		_main          		CODE           	0958	0000	77
		_timer1        		CODE           	0838	0000	113
		_capture       		CODE           	0008	0000	161

HW2.c estimated size: 370

C:\Program Files (x86)\Microchip\xc8\v1.45\sources\common\lwdiv.c
		___lwdiv       		CODE           	08A8	0000	97

C:\Program Files (x86)\Microchip\xc8\v1.45\sources\common\lwdiv.c estimated size: 97

C:\Program Files (x86)\Microchip\xc8\v1.45\sources\common\aldiv.c
		___aldiv       		CODE           	0758	0000	225

C:\Program Files (x86)\Microchip\xc8\v1.45\sources\common\aldiv.c estimated size: 225

