Microchip MPLAB XC8 Compiler V1.45 ()

Linker command line:

-W-3 --edf=C:\Program Files (x86)\Microchip\xc8\v1.45\dat\en_msgs.txt -cs \
  -h+dist/default/production\Embedded_Project.X.production.sym \
  --cmf=dist/default/production\Embedded_Project.X.production.cmf -z \
  -Q18F4520 -oC:\Users\William\AppData\Local\Temp\s4o.2 \
  -Mdist/default/production/Embedded_Project.X.production.map -E1 -ver=XC8 \
  -ASTACK=0CBh-05ffh -pstack=STACK -ACODE=00h-07FFFh -ACONST=00h-07FFFh \
  -ASMALLCONST=0600h-06FFhx122 -AMEDIUMCONST=0600h-07FFFh -ACOMRAM=01h-07Fh \
  -AABS1=00h-05FFh -ABIGRAM=01h-05FFh -ARAM=080h-0FFh,0100h-01FFhx5 \
  -ABANK0=080h-0FFh -ABANK1=0100h-01FFh -ABANK2=0200h-02FFh \
  -ABANK3=0300h-03FFh -ABANK4=0400h-04FFh -ABANK5=0500h-05FFh \
  -ASFR=0F80h-0FFFh -preset_vec=00h,intcode=08h,intcodelo=018h,powerup,init \
  -pramtop=0600h -psmallconst=SMALLCONST -pmediumconst=MEDIUMCONST \
  -pconst=CONST -AFARRAM=00h-00h -ACONFIG=0300000h-030000Dh -pconfig=CONFIG \
  -AIDLOC=0200000h-0200007h -pidloc=IDLOC -AEEDATA=0F00000h-0F000FFh \
  -peeprom_data=EEDATA \
  -prdata=COMRAM,nvrram=COMRAM,nvbit=COMRAM,rbss=COMRAM,rbit=COMRAM \
  -pfarbss=FARRAM,fardata=FARRAM,nvFARRAM=FARRAM \
  -pintsave_regs=BIGRAM,bigbss=BIGRAM,bigdata=BIGRAM -pbss=RAM \
  -pidata=CODE,irdata=CODE,ibigdata=CODE,ifardata=CODE -prparam=COMRAM \
  C:\Users\William\AppData\Local\Temp\s4o.obj \
  dist/default/production\Embedded_Project.X.production.obj 

Object code version is 3.11

Machine type is 18F4520

Call graph: (short form)




                Name                               Link     Load   Length Selector   Space Scale
C:\Users\William\AppData\Local\Temp\s4o.obj
                init                                148      148        4        C       0
                reset_vec                             0        0        4        0       0
                idloc                            200000   200000        8   200000       0
                config                           300000   300000        E   300000       0
dist/default/production\Embedded_Project.X.production.obj
                intcodelo                            18       18      130        C       0
                intcode                               8        8        6        4       0
                temp                                 46       46        1        1       1
                mediumconst                        7BB8     7BB8      448     3DDC       0
                text22                              F4E      F4E       52        C       0
                text21                             102A     102A       42        C       0
                text20                             10D6     10D6        C        C       0
                text19                              9F2      9F2      11E        C       0
                text18                              E80      E80       7A        C       0
                text17                              CDA      CDA       A2        C       0
                text16                             10B0     10B0       1A        C       0
                intcode_body                        C08      C08       D2        C       0
                text14                              D7C      D7C       84        C       0
                text13                             106C     106C       26        C       0
                text11                              EFA      EFA       54        C       0
                text10                              FE6      FE6       44        C       0
                text9                              10CA     10CA        C        C       0
                text8                               8C6      8C6      12C        C       0
                text7                              1092     1092       1E        C       0
                text6                               65C      65C      138        C       0
                text5                               4E0      4E0      17C        C       0
                text4                               E00      E00       80        C       0
                text3                               794      794      132        C       0
                text2                               B10      B10       F8        C       0
                text1                               344      344      19C        C       0
                text0                               14C      14C      1F8        C       0
                cstackCOMRAM                          1        1       3D        1       1
                cstackBANK0                          80       80       35       80       1
                dataBANK0                            C7       C7        4       80       1
                bssBANK0                             B5       B5       12       80       1
                bssCOMRAM                            3E       3E        8        1       1
                cinit                               FA0      FA0       46        C       0
                idataBANK0                         10E2     10E2        4        C       0

TOTAL           Name                               Link     Load   Length     Space
        CLASS   STACK          

        CLASS   CODE           
                intcodelo                            18       18      130         0
                intcode                               8        8        6         0
                init                                148      148        4         0
                reset_vec                             0        0        4         0
                text22                              F4E      F4E       52         0
                text21                             102A     102A       42         0
                text20                             10D6     10D6        C         0
                text19                              9F2      9F2      11E         0
                text18                              E80      E80       7A         0
                text17                              CDA      CDA       A2         0
                text16                             10B0     10B0       1A         0
                intcode_body                        C08      C08       D2         0
                text14                              D7C      D7C       84         0
                text13                             106C     106C       26         0
                text11                              EFA      EFA       54         0
                text10                              FE6      FE6       44         0
                text9                              10CA     10CA        C         0
                text8                               8C6      8C6      12C         0
                text7                              1092     1092       1E         0
                text6                               65C      65C      138         0
                text5                               4E0      4E0      17C         0
                text4                               E00      E00       80         0
                text3                               794      794      132         0
                text2                               B10      B10       F8         0
                text1                               344      344      19C         0
                text0                               14C      14C      1F8         0
                cinit                               FA0      FA0       46         0
                idataBANK0                         10E2     10E2        4         0

        CLASS   CONST          

        CLASS   SMALLCONST     

        CLASS   MEDIUMCONST    
                mediumconst                        7BB8     7BB8      448         0

        CLASS   COMRAM         
                temp                                 46       46        1         1
                cstackCOMRAM                          1        1       3D         1
                bssCOMRAM                            3E       3E        8         1

        CLASS   ABS1           

        CLASS   BIGRAM         

        CLASS   RAM            

        CLASS   BANK0          
                cstackBANK0                          80       80       35         1
                dataBANK0                            C7       C7        4         1
                bssBANK0                             B5       B5       12         1

        CLASS   BANK1          

        CLASS   BANK2          

        CLASS   BANK3          

        CLASS   BANK4          

        CLASS   BANK5          

        CLASS   SFR            

        CLASS   FARRAM         

        CLASS   CONFIG         
                config                           300000   300000        E         0

        CLASS   IDLOC          
                idloc                            200000   200000        8         0

        CLASS   EEDATA         



SEGMENTS        Name                           Load    Length   Top    Selector   Space  Class

                reset_vec                      000000  000004  000004         0       0  CODE    
                cstackCOMRAM                   000001  000046  000047         1       1  COMRAM  
                intcode                        000008  000006  00000E         4       0  CODE    
                intcodelo                      000018  0010CE  0010E6         C       0  CODE    
                cstackBANK0                    000080  00004B  0000CB        80       1  BANK0   
                mediumconst                    007BB8  000448  008000      3DDC       0  MEDIUMCO
                idloc                          200000  000008  200008    200000       0  IDLOC   
                config                         300000  00000E  30000E    300000       0  CONFIG  


UNUSED ADDRESS RANGES

        Name                Unused          Largest block    Delta
        BANK0            0000CB-0000FF               35
        BANK1            000100-0001FF              100
        BANK2            000200-0002FF              100
        BANK3            000300-0003FF              100
        BANK4            000400-0004FF              100
        BANK5            000500-0005FF              100
        BIGRAM           000047-00007F               39
                         0000CB-0005FF              535
        CODE             000004-000007                4
                         00000E-000017                A
                         0010E6-007BB7             6AD2
        COMRAM           000047-00007F               39
        CONST            000004-000007                4
                         00000E-000017                A
                         0010E6-007BB7             6AD2
        EEDATA           F00000-F000FF              100
        MEDIUMCONST      0010E6-007BB7             6AD2
        RAM              0000CB-0005FF              100
        SFR              000F80-000FFF               80
        SMALLCONST       0010E6-007BB7              100
        STACK            0000CB-0005FF              535

                                  Symbol Table

?___awdiv                  cstackCOMRAM 00002B
?___lwdiv                  cstackBANK0  000096
?___lwmod                  cstackBANK0  00009A
?___wmul                   cstackCOMRAM 000033
?_printf                   cstackBANK0  00009E
?_strncmp                  cstackBANK0  000096
?i2___lwdiv                cstackCOMRAM 000001
?i2___lwmod                cstackCOMRAM 000008
?i2_printf                 cstackCOMRAM 00000D
?i2_strncmp                cstackCOMRAM 000001
_ADCON0bits                (abs)        000FC2
_ADCON1bits                (abs)        000FC1
_ADCON2bits                (abs)        000FC0
_ADRESH                    (abs)        000FC4
_ADRESL                    (abs)        000FC3
_Clear                     text7        001092
_INTCON2bits               (abs)        000FF1
_INTCON3bits               (abs)        000FF0
_INTCONbits                (abs)        000FF2
_IPR1bits                  (abs)        000F9F
_PIE1bits                  (abs)        000F9D
_PIR1bits                  (abs)        000F9E
_PORTBbits                 (abs)        000F81
_PORTDbits                 (abs)        000F83
_RCONbits                  (abs)        000FD0
_RCREG                     (abs)        000FAE
_RCSTAbits                 (abs)        000FAB
_SPBRG                     (abs)        000FAF
_T0CONbits                 (abs)        000FD5
_TMR0H                     (abs)        000FD7
_TMR0L                     (abs)        000FD6
_TRISB                     (abs)        000F93
_TRISCbits                 (abs)        000F94
_TRISD                     (abs)        000F95
_TXREG                     (abs)        000FAD
_TXSTAbits                 (abs)        000FAC
__CFG_BOREN$OFF            (abs)        000000
__CFG_BORV$3               (abs)        000000
__CFG_CCP2MX$PORTC         (abs)        000000
__CFG_CP0$OFF              (abs)        000000
__CFG_CP1$OFF              (abs)        000000
__CFG_CP2$OFF              (abs)        000000
__CFG_CP3$OFF              (abs)        000000
__CFG_CPB$OFF              (abs)        000000
__CFG_CPD$OFF              (abs)        000000
__CFG_EBTR0$OFF            (abs)        000000
__CFG_EBTR1$OFF            (abs)        000000
__CFG_EBTR2$OFF            (abs)        000000
__CFG_EBTR3$OFF            (abs)        000000
__CFG_EBTRB$OFF            (abs)        000000
__CFG_FCMEN$OFF            (abs)        000000
__CFG_IESO$OFF             (abs)        000000
__CFG_LPT1OSC$OFF          (abs)        000000
__CFG_LVP$OFF              (abs)        000000
__CFG_MCLRE$ON             (abs)        000000
__CFG_OSC$HS               (abs)        000000
__CFG_PBADEN$OFF           (abs)        000000
__CFG_PWRT$OFF             (abs)        000000
__CFG_STVREN$ON            (abs)        000000
__CFG_WDT$OFF              (abs)        000000
__CFG_WDTPS$32768          (abs)        000000
__CFG_WRT0$OFF             (abs)        000000
__CFG_WRT1$OFF             (abs)        000000
__CFG_WRT2$OFF             (abs)        000000
__CFG_WRT3$OFF             (abs)        000000
__CFG_WRTB$OFF             (abs)        000000
__CFG_WRTC$OFF             (abs)        000000
__CFG_WRTD$OFF             (abs)        000000
__CFG_XINST$OFF            (abs)        000000
__HRAM                     (abs)        000000
__Habs1                    abs1         000000
__Hbank0                   bank0        000000
__Hbank1                   bank1        000000
__Hbank2                   bank2        000000
__Hbank3                   bank3        000000
__Hbank4                   bank4        000000
__Hbank5                   bank5        000000
__Hbigbss                  bigbss       000000
__Hbigdata                 bigdata      000000
__Hbigram                  bigram       000000
__Hbss                     bss          000000
__HbssBANK0                bssBANK0     000000
__HbssCOMRAM               bssCOMRAM    000000
__Hcinit                   cinit        000000
__Hclrtext                 clrtext      000000
__Hcomram                  comram       000000
__Hconfig                  config       30000E
__Hconst                   const        000000
__HcstackBANK0             cstackBANK0  000000
__HcstackCOMRAM            cstackCOMRAM 000000
__Hdata                    data         000000
__HdataBANK0               dataBANK0    000000
__Heeprom_data             eeprom_data  000000
__Hfarbss                  farbss       000000
__Hfardata                 fardata      000000
__Hibigdata                ibigdata     000000
__Hidata                   idata        000000
__HidataBANK0              idataBANK0   000000
__Hidloc                   idloc        200008
__Hifardata                ifardata     000000
__Hinit                    init         00014C
__Hintcode                 intcode      00000E
__Hintcode_body            intcode_body 000000
__Hintcodelo               intcodelo    000148
__Hintentry                intentry     000000
__Hintret                  intret       000000
__Hintsave_regs            intsave_regs 000000
__Hirdata                  irdata       000000
__Hmediumconst             mediumconst  008000
__HnvFARRAM                nvFARRAM     000000
__Hnvbit                   nvbit        000000
__Hnvrram                  nvrram       000000
__Hparam                   rparam       000000
__Hpowerup                 powerup      000148
__Hram                     ram          000000
__Hramtop                  ramtop       000600
__Hrbit                    rbit         000000
__Hrbss                    rbss         000000
__Hrdata                   rdata        000000
__Hreset_vec               reset_vec    000004
__Hrparam                  rparam       000000
__Hsfr                     sfr          000000
__Hsmallconst              smallconst   000000
__Hspace_0                 (abs)        30000E
__Hspace_1                 (abs)        0000CB
__Hspace_2                 (abs)        000000
__Hstack                   stack        000000
__Hstruct                  struct       000000
__Htemp                    temp         000047
__Htext                    text         000000
__Htext0                   text0        000000
__Htext1                   text1        000000
__Htext10                  text10       000000
__Htext11                  text11       000000
__Htext13                  text13       000000
__Htext14                  text14       000000
__Htext16                  text16       000000
__Htext17                  text17       000000
__Htext18                  text18       000000
__Htext19                  text19       000000
__Htext2                   text2        000000
__Htext20                  text20       000000
__Htext21                  text21       000000
__Htext22                  text22       000000
__Htext3                   text3        000000
__Htext4                   text4        000000
__Htext5                   text5        000000
__Htext6                   text6        000000
__Htext7                   text7        000000
__Htext8                   text8        000000
__Htext9                   text9        000000
__LRAM                     (abs)        000001
__Labs1                    abs1         000000
__Lbank0                   bank0        000000
__Lbank1                   bank1        000000
__Lbank2                   bank2        000000
__Lbank3                   bank3        000000
__Lbank4                   bank4        000000
__Lbank5                   bank5        000000
__Lbigbss                  bigbss       000000
__Lbigdata                 bigdata      000000
__Lbigram                  bigram       000000
__Lbss                     bss          000000
__LbssBANK0                bssBANK0     000000
__LbssCOMRAM               bssCOMRAM    000000
__Lcinit                   cinit        000000
__Lclrtext                 clrtext      000000
__Lcomram                  comram       000000
__Lconfig                  config       300000
__Lconst                   const        000000
__LcstackBANK0             cstackBANK0  000000
__LcstackCOMRAM            cstackCOMRAM 000000
__Ldata                    data         000000
__LdataBANK0               dataBANK0    000000
__Leeprom_data             eeprom_data  000000
__Lfarbss                  farbss       000000
__Lfardata                 fardata      000000
__Libigdata                ibigdata     000000
__Lidata                   idata        000000
__LidataBANK0              idataBANK0   000000
__Lidloc                   idloc        200000
__Lifardata                ifardata     000000
__Linit                    init         000148
__Lintcode                 intcode      000008
__Lintcode_body            intcode_body 000000
__Lintcodelo               intcodelo    000018
__Lintentry                intentry     000000
__Lintret                  intret       000000
__Lintsave_regs            intsave_regs 000000
__Lirdata                  irdata       000000
__Lmediumconst             mediumconst  007BB8
__LnvFARRAM                nvFARRAM     000000
__Lnvbit                   nvbit        000000
__Lnvrram                  nvrram       000000
__Lparam                   rparam       000000
__Lpowerup                 powerup      000148
__Lram                     ram          000000
__Lramtop                  ramtop       000600
__Lrbit                    rbit         000000
__Lrbss                    rbss         000000
__Lrdata                   rdata        000000
__Lreset_vec               reset_vec    000000
__Lrparam                  rparam       000000
__Lsfr                     sfr          000000
__Lsmallconst              smallconst   000000
__Lspace_0                 (abs)        000000
__Lspace_1                 (abs)        000000
__Lspace_2                 (abs)        000000
__Lstack                   stack        000000
__Lstruct                  struct       000000
__Ltemp                    temp         000046
__Ltext                    text         000000
__Ltext0                   text0        000000
__Ltext1                   text1        000000
__Ltext10                  text10       000000
__Ltext11                  text11       000000
__Ltext13                  text13       000000
__Ltext14                  text14       000000
__Ltext16                  text16       000000
__Ltext17                  text17       000000
__Ltext18                  text18       000000
__Ltext19                  text19       000000
__Ltext2                   text2        000000
__Ltext20                  text20       000000
__Ltext21                  text21       000000
__Ltext22                  text22       000000
__Ltext3                   text3        000000
__Ltext4                   text4        000000
__Ltext5                   text5        000000
__Ltext6                   text6        000000
__Ltext7                   text7        000000
__Ltext8                   text8        000000
__Ltext9                   text9        000000
__S0                       (abs)        30000E
__S1                       (abs)        0000CB
__S2                       (abs)        000000
___awdiv                   text14       000D7C
___awdiv@counter           cstackCOMRAM 00002F
___awdiv@dividend          cstackCOMRAM 00002B
___awdiv@divisor           cstackCOMRAM 00002D
___awdiv@quotient          cstackCOMRAM 000031
___awdiv@sign              cstackCOMRAM 000030
___inthi_sp                stack        000000
___intlo_sp                stack        000000
___lwdiv                   text11       000EFA
___lwdiv@counter           cstackCOMRAM 000039
___lwdiv@dividend          cstackBANK0  000096
___lwdiv@divisor           cstackBANK0  000098
___lwdiv@quotient          cstackCOMRAM 00003A
___lwmod                   text10       000FE6
___lwmod@counter           cstackCOMRAM 00003C
___lwmod@dividend          cstackBANK0  00009A
___lwmod@divisor           cstackBANK0  00009C
___param_bank              (abs)        000000
___rparam_used             (abs)        000001
___sp                      stack        000000
___wmul                    text13       00106C
___wmul@multiplicand       cstackCOMRAM 000035
___wmul@multiplier         cstackCOMRAM 000033
___wmul@product            cstackCOMRAM 000037
__accesstop                (abs)        000080
__activetblptr             (abs)        000002
__end_of_Clear             text7        0010B0
__end_of___awdiv           text14       000E00
__end_of___lwdiv           text11       000F4E
__end_of___lwmod           text10       00102A
__end_of___wmul            text13       001092
__end_of__initialization   cinit        000FD8
__end_of_alarm             intcode_body 000CDA
__end_of_alarm_options     text6        000794
__end_of_dpowers           mediumconst  007BC3
__end_of_input_options     text5        00065C
__end_of_main              text0        000344
__end_of_password          text17       000D7C
__end_of_password_change   text3        0008C6
__end_of_password_options  text2        000C08
__end_of_printf            text8        0009F2
__end_of_putch             text9        0010D6
__end_of_strncmp           text4        000E80
__end_of_temp_options      text1        0004E0
__end_of_temp_sensor       intcodelo    000148
__end_ofi2_Clear           text16       0010CA
__end_ofi2___lwdiv         text22       000FA0
__end_ofi2___lwmod         text21       00106C
__end_ofi2_printf          text19       000B10
__end_ofi2_putch           text20       0010E2
__end_ofi2_strncmp         text18       000EFA
__initialization           cinit        000FA0
__mediumconst              mediumconst  007BB8
__pbssBANK0                bssBANK0     0000B5
__pbssCOMRAM               bssCOMRAM    00003E
__pcinit                   cinit        000FA0
__pcstackBANK0             cstackBANK0  000080
__pcstackCOMRAM            cstackCOMRAM 000001
__pdataBANK0               dataBANK0    0000C7
__pidataBANK0              idataBANK0   0010E2
__pintcode                 intcode      000008
__pintcode_body            intcode_body 000C08
__pintcodelo               intcodelo    000018
__pmediumconst             mediumconst  007BB8
__ptext0                   text0        00014C
__ptext1                   text1        000344
__ptext10                  text10       000FE6
__ptext11                  text11       000EFA
__ptext13                  text13       00106C
__ptext14                  text14       000D7C
__ptext16                  text16       0010B0
__ptext17                  text17       000CDA
__ptext18                  text18       000E80
__ptext19                  text19       0009F2
__ptext2                   text2        000B10
__ptext20                  text20       0010D6
__ptext21                  text21       00102A
__ptext22                  text22       000F4E
__ptext3                   text3        000794
__ptext4                   text4        000E00
__ptext5                   text5        0004E0
__ptext6                   text6        00065C
__ptext7                   text7        001092
__ptext8                   text8        0008C6
__ptext9                   text9        0010CA
__ramtop                   ramtop       000600
__size_of_Clear            (abs)        000000
__size_of___awdiv          (abs)        000000
__size_of___lwdiv          (abs)        000000
__size_of___lwmod          (abs)        000000
__size_of___wmul           (abs)        000000
__size_of_alarm            (abs)        000000
__size_of_alarm_options    (abs)        000000
__size_of_input_options    (abs)        000000
__size_of_main             (abs)        000000
__size_of_password         (abs)        000000
__size_of_password_change  (abs)        000000
__size_of_password_options (abs)        000000
__size_of_printf           (abs)        000000
__size_of_putch            (abs)        000000
__size_of_strncmp          (abs)        000000
__size_of_temp_options     (abs)        000000
__size_of_temp_sensor      (abs)        000000
__size_ofi2_Clear          (abs)        000000
__size_ofi2___lwdiv        (abs)        000000
__size_ofi2___lwmod        (abs)        000000
__size_ofi2_printf         (abs)        000000
__size_ofi2_putch          (abs)        000000
__size_ofi2_strncmp        (abs)        000000
__smallconst               smallconst   000000
_adHigh                    bssCOMRAM    000040
_adLow                     bssCOMRAM    000042
_alarm                     intcode      000008
_alarm_options             text6        00065C
_alarm_set                 bssBANK0     0000B9
_check                     bssBANK0     0000BF
_choice                    bssBANK0     0000C1
_decimal                   bssCOMRAM    00003E
_dpowers                   mediumconst  007BB9
_input_options             text5        0004E0
_main                      text0        00014C
_pass                      bssBANK0     0000C3
_password                  text17       000CDA
_password_change           text3        000794
_password_options          text2        000B10
_printf                    text8        0008C6
_putch                     text9        0010CA
_saved_pass                dataBANK0    0000C7
_strncmp                   text4        000E00
_temp_options              text1        000344
_temp_sensor               intcodelo    000018
_temp_set                  bssBANK0     0000B7
_temp_threshold            bssBANK0     0000B5
_test                      bssCOMRAM    000044
_triggered                 bssBANK0     0000BB
_voltage                   bssBANK0     0000BD
btemp                      temp         000046
end_of_initialization      cinit        000FD8
i2_Clear                   text16       0010B0
i2___lwdiv                 text22       000F4E
i2___lwdiv@counter         cstackCOMRAM 000007
i2___lwdiv@dividend        cstackCOMRAM 000001
i2___lwdiv@divisor         cstackCOMRAM 000003
i2___lwdiv@quotient        cstackCOMRAM 000005
i2___lwmod                 text21       00102A
i2___lwmod@counter         cstackCOMRAM 00000C
i2___lwmod@dividend        cstackCOMRAM 000008
i2___lwmod@divisor         cstackCOMRAM 00000A
i2_printf                  text19       0009F2
i2_putch                   text20       0010D6
i2_strncmp                 text18       000E80
i2printf@ap                cstackCOMRAM 000010
i2printf@c                 cstackCOMRAM 000016
i2printf@f                 cstackCOMRAM 00000D
i2printf@flag              cstackCOMRAM 000012
i2printf@prec              cstackCOMRAM 000013
i2printf@val               cstackCOMRAM 000014
i2putch@data               cstackCOMRAM 000001
i2strncmp@len              cstackCOMRAM 000005
i2strncmp@s1               cstackCOMRAM 000001
i2strncmp@s2               cstackCOMRAM 000003
int$flags                  temp         000046
int_func                   intcode_body 000C08
intlevel0                  text         000000
intlevel1                  text         000000
intlevel2                  text         000000
intlevel3                  text         000000
main@i                     cstackBANK0  0000B3
password@i                 cstackCOMRAM 000017
password_change@i          cstackBANK0  0000AB
password_change@i_977      cstackBANK0  0000AD
printf@ap                  cstackBANK0  0000A2
printf@c                   cstackBANK0  0000A8
printf@f                   cstackBANK0  00009E
printf@flag                cstackBANK0  0000A4
printf@prec                cstackBANK0  0000A5
printf@val                 cstackBANK0  0000A6
putch@data                 cstackCOMRAM 000039
stackhi                    (abs)        0005FF
stacklo                    (abs)        0000CB
start                      init         000148
start_initialization       cinit        000FA0
strncmp@len                cstackBANK0  00009A
strncmp@s1                 cstackBANK0  000096
strncmp@s2                 cstackBANK0  000098
temp_options@i             cstackBANK0  0000AB
wtemp6                     temp         000047


FUNCTION INFORMATION:

 *************** function _main *****************
 Defined at:
		line 167 in file "Lab7.c"
 Parameters:    Size  Location     Type
		None
 Auto vars:     Size  Location     Type
  i               2   51[BANK0 ] int 
 Return value:  Size  Location     Type
                  1    wreg      void 
 Registers used:
		wreg, fsr1l, fsr1h, fsr2l, fsr2h, status,2, status,0, tblptrl, tblptrh, tblptru, prodl, prodh, cstack
 Tracked objects:
		On entry : 
		On exit  : 
		Unchanged: 
 Data sizes:     COMRAM   BANK0   BANK1   BANK2   BANK3   BANK4   BANK5
      Params:         0       0       0       0       0       0       0
      Locals:         0       2       0       0       0       0       0
      Temps:          0       2       0       0       0       0       0
      Totals:         0       4       0       0       0       0       0
Total ram usage:        4 bytes
 Hardware stack levels required when called:   11
 This function calls:
		_Clear
		_alarm_options
		_input_options
		_password_options
		_printf
		_temp_options
 This function is called by:
		Startup code after reset
 This function uses a non-reentrant model


 *************** function _temp_options *****************
 Defined at:
		line 516 in file "Lab7.c"
 Parameters:    Size  Location     Type
		None
 Auto vars:     Size  Location     Type
  i               2   43[BANK0 ] int 
 Return value:  Size  Location     Type
                  1    wreg      void 
 Registers used:
		wreg, fsr2l, fsr2h, status,2, status,0, tblptrl, tblptrh, tblptru, prodl, prodh, cstack
 Tracked objects:
		On entry : 
		On exit  : 
		Unchanged: 
 Data sizes:     COMRAM   BANK0   BANK1   BANK2   BANK3   BANK4   BANK5
      Params:         0       0       0       0       0       0       0
      Locals:         0       2       0       0       0       0       0
      Temps:          0       2       0       0       0       0       0
      Totals:         0       4       0       0       0       0       0
Total ram usage:        4 bytes
 Hardware stack levels used:    1
 Hardware stack levels required when called:    9
 This function calls:
		_Clear
		_printf
 This function is called by:
		_main
 This function uses a non-reentrant model


 *************** function _password_options *****************
 Defined at:
		line 405 in file "Lab7.c"
 Parameters:    Size  Location     Type
		None
 Auto vars:     Size  Location     Type
		None
 Return value:  Size  Location     Type
                  1    wreg      void 
 Registers used:
		wreg, fsr1l, fsr1h, fsr2l, fsr2h, status,2, status,0, tblptrl, tblptrh, tblptru, prodl, prodh, cstack
 Tracked objects:
		On entry : 
		On exit  : 
		Unchanged: 
 Data sizes:     COMRAM   BANK0   BANK1   BANK2   BANK3   BANK4   BANK5
      Params:         0       0       0       0       0       0       0
      Locals:         0       0       0       0       0       0       0
      Temps:          0       2       0       0       0       0       0
      Totals:         0       2       0       0       0       0       0
Total ram usage:        2 bytes
 Hardware stack levels used:    1
 Hardware stack levels required when called:   10
 This function calls:
		_Clear
		_password_change
		_printf
 This function is called by:
		_main
 This function uses a non-reentrant model


 *************** function _password_change *****************
 Defined at:
		line 345 in file "Lab7.c"
 Parameters:    Size  Location     Type
		None
 Auto vars:     Size  Location     Type
  i               2   45[BANK0 ] int 
  i               2   43[BANK0 ] int 
 Return value:  Size  Location     Type
                  1    wreg      void 
 Registers used:
		wreg, fsr1l, fsr1h, fsr2l, fsr2h, status,2, status,0, tblptrl, tblptrh, tblptru, prodl, prodh, cstack
 Tracked objects:
		On entry : 
		On exit  : 
		Unchanged: 
 Data sizes:     COMRAM   BANK0   BANK1   BANK2   BANK3   BANK4   BANK5
      Params:         0       0       0       0       0       0       0
      Locals:         0       4       0       0       0       0       0
      Temps:          0       2       0       0       0       0       0
      Totals:         0       6       0       0       0       0       0
Total ram usage:        6 bytes
 Hardware stack levels used:    1
 Hardware stack levels required when called:    9
 This function calls:
		_Clear
		_printf
		_strncmp
 This function is called by:
		_password_options
 This function uses a non-reentrant model


 *************** function _strncmp *****************
 Defined at:
		line 4 in file "C:\Program Files (x86)\Microchip\xc8\v1.45\sources\common\strncmp.c"
 Parameters:    Size  Location     Type
  s1              2   22[BANK0 ] PTR const unsigned char 
		 -> pass(4), 
  s2              2   24[BANK0 ] PTR const unsigned char 
		 -> saved_pass(4), 
  len             2   26[BANK0 ] unsigned int 
 Auto vars:     Size  Location     Type
		None
 Return value:  Size  Location     Type
                  2   22[BANK0 ] int 
 Registers used:
		wreg, fsr1l, fsr1h, fsr2l, fsr2h, status,2, status,0
 Tracked objects:
		On entry : 
		On exit  : 
		Unchanged: 
 Data sizes:     COMRAM   BANK0   BANK1   BANK2   BANK3   BANK4   BANK5
      Params:         0       6       0       0       0       0       0
      Locals:         0       0       0       0       0       0       0
      Temps:          3       0       0       0       0       0       0
      Totals:         3       6       0       0       0       0       0
Total ram usage:        9 bytes
 Hardware stack levels used:    1
 Hardware stack levels required when called:    6
 This function calls:
		Nothing
 This function is called by:
		_password_change
 This function uses a non-reentrant model


 *************** function _input_options *****************
 Defined at:
		line 584 in file "Lab7.c"
 Parameters:    Size  Location     Type
		None
 Auto vars:     Size  Location     Type
		None
 Return value:  Size  Location     Type
                  1    wreg      void 
 Registers used:
		wreg, fsr2l, fsr2h, status,2, status,0, tblptrl, tblptrh, tblptru, prodl, prodh, cstack
 Tracked objects:
		On entry : 
		On exit  : 
		Unchanged: 
 Data sizes:     COMRAM   BANK0   BANK1   BANK2   BANK3   BANK4   BANK5
      Params:         0       0       0       0       0       0       0
      Locals:         0       0       0       0       0       0       0
      Temps:          0       2       0       0       0       0       0
      Totals:         0       2       0       0       0       0       0
Total ram usage:        2 bytes
 Hardware stack levels used:    1
 Hardware stack levels required when called:    9
 This function calls:
		_Clear
		_printf
 This function is called by:
		_main
 This function uses a non-reentrant model


 *************** function _alarm_options *****************
 Defined at:
		line 454 in file "Lab7.c"
 Parameters:    Size  Location     Type
		None
 Auto vars:     Size  Location     Type
		None
 Return value:  Size  Location     Type
                  1    wreg      void 
 Registers used:
		wreg, fsr2l, fsr2h, status,2, status,0, tblptrl, tblptrh, tblptru, prodl, prodh, cstack
 Tracked objects:
		On entry : 
		On exit  : 
		Unchanged: 
 Data sizes:     COMRAM   BANK0   BANK1   BANK2   BANK3   BANK4   BANK5
      Params:         0       0       0       0       0       0       0
      Locals:         0       0       0       0       0       0       0
      Temps:          0       2       0       0       0       0       0
      Totals:         0       2       0       0       0       0       0
Total ram usage:        2 bytes
 Hardware stack levels used:    1
 Hardware stack levels required when called:    9
 This function calls:
		_Clear
		_printf
 This function is called by:
		_main
 This function uses a non-reentrant model


 *************** function _Clear *****************
 Defined at:
		line 99 in file "Lab7.c"
 Parameters:    Size  Location     Type
		None
 Auto vars:     Size  Location     Type
		None
 Return value:  Size  Location     Type
                  1    wreg      void 
 Registers used:
		wreg, fsr2l, fsr2h, status,2, status,0, tblptrl, tblptrh, tblptru, prodl, prodh, cstack
 Tracked objects:
		On entry : 
		On exit  : 
		Unchanged: 
 Data sizes:     COMRAM   BANK0   BANK1   BANK2   BANK3   BANK4   BANK5
      Params:         0       0       0       0       0       0       0
      Locals:         0       0       0       0       0       0       0
      Temps:          0       0       0       0       0       0       0
      Totals:         0       0       0       0       0       0       0
Total ram usage:        0 bytes
 Hardware stack levels used:    1
 Hardware stack levels required when called:    8
 This function calls:
		_printf
 This function is called by:
		_main
		_password_change
		_password_options
		_alarm_options
		_temp_options
		_input_options
 This function uses a non-reentrant model


 *************** function _printf *****************
 Defined at:
		line 464 in file "C:\Program Files (x86)\Microchip\xc8\v1.45\sources\common\doprnt.c"
 Parameters:    Size  Location     Type
  f               2   30[BANK0 ] PTR const unsigned char 
		 -> STR_63(23), STR_62(9), STR_61(28), STR_60(26), 
		 -> STR_59(25), STR_58(85), STR_57(20), STR_56(21), 
		 -> STR_55(14), STR_54(15), STR_53(23), STR_52(3), 
		 -> STR_51(27), STR_50(26), STR_49(25), STR_48(25), 
		 -> STR_47(101), STR_46(20), STR_45(21), STR_44(14), 
		 -> STR_43(15), STR_42(23), STR_41(19), STR_40(18), 
		 -> STR_39(25), STR_38(67), STR_37(20), STR_36(21), 
		 -> STR_35(14), STR_34(15), STR_33(23), STR_32(21), 
		 -> STR_31(25), STR_30(59), STR_29(20), STR_28(21), 
		 -> STR_27(14), STR_26(15), STR_25(28), STR_24(21), 
		 -> STR_23(2), STR_22(11), STR_21(54), STR_20(25), 
		 -> STR_19(2), STR_18(21), STR_17(2), STR_16(25), 
		 -> STR_15(23), STR_14(25), STR_13(133), STR_12(20), 
		 -> STR_11(21), STR_10(14), STR_9(15), STR_8(17), 
		 -> STR_7(2), STR_6(15), STR_5(39), STR_4(31), 
		 -> STR_3(28), STR_2(7), STR_1(5), 
 Auto vars:     Size  Location     Type
  tmpval          4    0        struct .
  cp              3    0        PTR const unsigned char 
  val             2   38[BANK0 ] unsigned int 
  ap              2   34[BANK0 ] PTR void [1]
		 -> ?i2_printf(2), ?_printf(2), 
  len             2    0        unsigned int 
  c               1   40[BANK0 ] char 
  prec            1   37[BANK0 ] char 
  flag            1   36[BANK0 ] unsigned char 
 Return value:  Size  Location     Type
                  2   30[BANK0 ] int 
 Registers used:
		wreg, fsr2l, fsr2h, status,2, status,0, tblptrl, tblptrh, tblptru, prodl, prodh, cstack
 Tracked objects:
		On entry : 
		On exit  : 
		Unchanged: 
 Data sizes:     COMRAM   BANK0   BANK1   BANK2   BANK3   BANK4   BANK5
      Params:         0       4       0       0       0       0       0
      Locals:         0       7       0       0       0       0       0
      Temps:          1       0       0       0       0       0       0
      Totals:         1      11       0       0       0       0       0
Total ram usage:       12 bytes
 Hardware stack levels used:    1
 Hardware stack levels required when called:    7
 This function calls:
		___lwdiv
		___lwmod
		_putch
 This function is called by:
		_Clear
		_main
		_password_change
		_password_options
		_alarm_options
		_temp_options
		_input_options
 This function uses a non-reentrant model


 *************** function _putch *****************
 Defined at:
		line 93 in file "Lab7.c"
 Parameters:    Size  Location     Type
  data            1    wreg     unsigned char 
 Auto vars:     Size  Location     Type
  data            1   56[COMRAM] unsigned char 
 Return value:  Size  Location     Type
                  1    wreg      void 
 Registers used:
		wreg
 Tracked objects:
		On entry : 
		On exit  : 
		Unchanged: 
 Data sizes:     COMRAM   BANK0   BANK1   BANK2   BANK3   BANK4   BANK5
      Params:         0       0       0       0       0       0       0
      Locals:         1       0       0       0       0       0       0
      Temps:          0       0       0       0       0       0       0
      Totals:         1       0       0       0       0       0       0
Total ram usage:        1 bytes
 Hardware stack levels used:    1
 Hardware stack levels required when called:    6
 This function calls:
		Nothing
 This function is called by:
		_printf
 This function uses a non-reentrant model


 *************** function ___lwmod *****************
 Defined at:
		line 8 in file "C:\Program Files (x86)\Microchip\xc8\v1.45\sources\common\lwmod.c"
 Parameters:    Size  Location     Type
  dividend        2   26[BANK0 ] unsigned int 
  divisor         2   28[BANK0 ] unsigned int 
 Auto vars:     Size  Location     Type
  counter         1   59[COMRAM] unsigned char 
 Return value:  Size  Location     Type
                  2   26[BANK0 ] unsigned int 
 Registers used:
		wreg, status,2, status,0
 Tracked objects:
		On entry : 
		On exit  : 
		Unchanged: 
 Data sizes:     COMRAM   BANK0   BANK1   BANK2   BANK3   BANK4   BANK5
      Params:         0       4       0       0       0       0       0
      Locals:         1       0       0       0       0       0       0
      Temps:          0       0       0       0       0       0       0
      Totals:         1       4       0       0       0       0       0
Total ram usage:        5 bytes
 Hardware stack levels used:    1
 Hardware stack levels required when called:    6
 This function calls:
		Nothing
 This function is called by:
		_printf
 This function uses a non-reentrant model


 *************** function ___lwdiv *****************
 Defined at:
		line 8 in file "C:\Program Files (x86)\Microchip\xc8\v1.45\sources\common\lwdiv.c"
 Parameters:    Size  Location     Type
  dividend        2   22[BANK0 ] unsigned int 
  divisor         2   24[BANK0 ] unsigned int 
 Auto vars:     Size  Location     Type
  quotient        2   57[COMRAM] unsigned int 
  counter         1   56[COMRAM] unsigned char 
 Return value:  Size  Location     Type
                  2   22[BANK0 ] unsigned int 
 Registers used:
		wreg, status,2, status,0
 Tracked objects:
		On entry : 
		On exit  : 
		Unchanged: 
 Data sizes:     COMRAM   BANK0   BANK1   BANK2   BANK3   BANK4   BANK5
      Params:         0       4       0       0       0       0       0
      Locals:         3       0       0       0       0       0       0
      Temps:          0       0       0       0       0       0       0
      Totals:         3       4       0       0       0       0       0
Total ram usage:        7 bytes
 Hardware stack levels used:    1
 Hardware stack levels required when called:    6
 This function calls:
		Nothing
 This function is called by:
		_printf
 This function uses a non-reentrant model


 *************** function _temp_sensor *****************
 Defined at:
		line 118 in file "Lab7.c"
 Parameters:    Size  Location     Type
		None
 Auto vars:     Size  Location     Type
		None
 Return value:  Size  Location     Type
                  1    wreg      void 
 Registers used:
		wreg, status,2, status,0, prodl, prodh, cstack
 Tracked objects:
		On entry : 
		On exit  : 
		Unchanged: 
 Data sizes:     COMRAM   BANK0   BANK1   BANK2   BANK3   BANK4   BANK5
      Params:         0       0       0       0       0       0       0
      Locals:         0       0       0       0       0       0       0
      Temps:          0      22       0       0       0       0       0
      Totals:         0      22       0       0       0       0       0
Total ram usage:       22 bytes
 Hardware stack levels used:    1
 Hardware stack levels required when called:    5
 This function calls:
		___awdiv
		___wmul
 This function is called by:
		Interrupt level 1
 This function uses a non-reentrant model


 *************** function ___wmul *****************
 Defined at:
		line 15 in file "C:\Program Files (x86)\Microchip\xc8\v1.45\sources\common\Umul16.c"
 Parameters:    Size  Location     Type
  multiplier      2   50[COMRAM] unsigned int 
  multiplicand    2   52[COMRAM] unsigned int 
 Auto vars:     Size  Location     Type
  product         2   54[COMRAM] unsigned int 
 Return value:  Size  Location     Type
                  2   50[COMRAM] unsigned int 
 Registers used:
		wreg, status,2, status,0, prodl, prodh
 Tracked objects:
		On entry : 
		On exit  : 
		Unchanged: 
 Data sizes:     COMRAM   BANK0   BANK1   BANK2   BANK3   BANK4   BANK5
      Params:         4       0       0       0       0       0       0
      Locals:         2       0       0       0       0       0       0
      Temps:          0       0       0       0       0       0       0
      Totals:         6       0       0       0       0       0       0
Total ram usage:        6 bytes
 Hardware stack levels used:    1
 Hardware stack levels required when called:    4
 This function calls:
		Nothing
 This function is called by:
		_temp_sensor
 This function uses a non-reentrant model


 *************** function ___awdiv *****************
 Defined at:
		line 8 in file "C:\Program Files (x86)\Microchip\xc8\v1.45\sources\common\awdiv.c"
 Parameters:    Size  Location     Type
  dividend        2   42[COMRAM] int 
  divisor         2   44[COMRAM] int 
 Auto vars:     Size  Location     Type
  quotient        2   48[COMRAM] int 
  sign            1   47[COMRAM] unsigned char 
  counter         1   46[COMRAM] unsigned char 
 Return value:  Size  Location     Type
                  2   42[COMRAM] int 
 Registers used:
		wreg, status,2, status,0
 Tracked objects:
		On entry : 
		On exit  : 
		Unchanged: 
 Data sizes:     COMRAM   BANK0   BANK1   BANK2   BANK3   BANK4   BANK5
      Params:         4       0       0       0       0       0       0
      Locals:         4       0       0       0       0       0       0
      Temps:          0       0       0       0       0       0       0
      Totals:         8       0       0       0       0       0       0
Total ram usage:        8 bytes
 Hardware stack levels used:    1
 Hardware stack levels required when called:    4
 This function calls:
		Nothing
 This function is called by:
		_temp_sensor
 This function uses a non-reentrant model


 *************** function _alarm *****************
 Defined at:
		line 105 in file "Lab7.c"
 Parameters:    Size  Location     Type
		None
 Auto vars:     Size  Location     Type
		None
 Return value:  Size  Location     Type
                  1    wreg      void 
 Registers used:
		wreg, fsr1l, fsr1h, fsr2l, fsr2h, status,2, status,0, tblptrl, tblptrh, tblptru, prodl, prodh, cstack
 Tracked objects:
		On entry : 
		On exit  : 
		Unchanged: 
 Data sizes:     COMRAM   BANK0   BANK1   BANK2   BANK3   BANK4   BANK5
      Params:         0       0       0       0       0       0       0
      Locals:         0       0       0       0       0       0       0
      Temps:         18       0       0       0       0       0       0
      Totals:        18       0       0       0       0       0       0
Total ram usage:       18 bytes
 Hardware stack levels used:    1
 Hardware stack levels required when called:    3
 This function calls:
		_password
		i2_Clear
		i2_printf
 This function is called by:
		Interrupt level 2
 This function uses a non-reentrant model


 *************** function i2_Clear *****************
 Defined at:
		line 99 in file "Lab7.c"
 Parameters:    Size  Location     Type
		None
 Auto vars:     Size  Location     Type
		None
 Return value:  Size  Location     Type
                  1    wreg      void 
 Registers used:
		wreg, fsr2l, fsr2h, status,2, status,0, tblptrl, tblptrh, tblptru, prodl, prodh, cstack
 Tracked objects:
		On entry : 
		On exit  : 
		Unchanged: 
 Data sizes:     COMRAM   BANK0   BANK1   BANK2   BANK3   BANK4   BANK5
      Params:         0       0       0       0       0       0       0
      Locals:         0       0       0       0       0       0       0
      Temps:          0       0       0       0       0       0       0
      Totals:         0       0       0       0       0       0       0
Total ram usage:        0 bytes
 Hardware stack levels used:    1
 Hardware stack levels required when called:    2
 This function calls:
		i2_printf
 This function is called by:
		_alarm
 This function uses a non-reentrant model


 *************** function _password *****************
 Defined at:
		line 378 in file "Lab7.c"
 Parameters:    Size  Location     Type
		None
 Auto vars:     Size  Location     Type
  i               2   22[COMRAM] int 
 Return value:  Size  Location     Type
                  1    wreg      void 
 Registers used:
		wreg, fsr1l, fsr1h, fsr2l, fsr2h, status,2, status,0, tblptrl, tblptrh, tblptru, prodl, prodh, cstack
 Tracked objects:
		On entry : 
		On exit  : 
		Unchanged: 
 Data sizes:     COMRAM   BANK0   BANK1   BANK2   BANK3   BANK4   BANK5
      Params:         0       0       0       0       0       0       0
      Locals:         2       0       0       0       0       0       0
      Temps:          0       0       0       0       0       0       0
      Totals:         2       0       0       0       0       0       0
Total ram usage:        2 bytes
 Hardware stack levels used:    1
 Hardware stack levels required when called:    2
 This function calls:
		i2_printf
		i2_strncmp
 This function is called by:
		_alarm
 This function uses a non-reentrant model


 *************** function i2_strncmp *****************
 Defined at:
		line 4 in file "C:\Program Files (x86)\Microchip\xc8\v1.45\sources\common\strncmp.c"
 Parameters:    Size  Location     Type
  s1              2    0[COMRAM] PTR const unsigned char 
		 -> pass(4), 
  s2              2    2[COMRAM] PTR const unsigned char 
		 -> saved_pass(4), 
  len             2    4[COMRAM] unsigned int 
 Auto vars:     Size  Location     Type
		None
 Return value:  Size  Location     Type
                  2    0[COMRAM] int 
 Registers used:
		wreg, fsr1l, fsr1h, fsr2l, fsr2h, status,2, status,0
 Tracked objects:
		On entry : 
		On exit  : 
		Unchanged: 
 Data sizes:     COMRAM   BANK0   BANK1   BANK2   BANK3   BANK4   BANK5
      Params:         6       0       0       0       0       0       0
      Locals:         0       0       0       0       0       0       0
      Temps:          3       0       0       0       0       0       0
      Totals:         9       0       0       0       0       0       0
Total ram usage:        9 bytes
 Hardware stack levels used:    1
 This function calls:
		Nothing
 This function is called by:
		_password
 This function uses a non-reentrant model


 *************** function i2_printf *****************
 Defined at:
		line 464 in file "C:\Program Files (x86)\Microchip\xc8\v1.45\sources\common\doprnt.c"
 Parameters:    Size  Location     Type
  f               2   12[COMRAM] PTR const unsigned char 
		 -> STR_63(23), STR_62(9), STR_61(28), STR_60(26), 
		 -> STR_59(25), STR_58(85), STR_57(20), STR_56(21), 
		 -> STR_55(14), STR_54(15), STR_53(23), STR_52(3), 
		 -> STR_51(27), STR_50(26), STR_49(25), STR_48(25), 
		 -> STR_47(101), STR_46(20), STR_45(21), STR_44(14), 
		 -> STR_43(15), STR_42(23), STR_41(19), STR_40(18), 
		 -> STR_39(25), STR_38(67), STR_37(20), STR_36(21), 
		 -> STR_35(14), STR_34(15), STR_33(23), STR_32(21), 
		 -> STR_31(25), STR_30(59), STR_29(20), STR_28(21), 
		 -> STR_27(14), STR_26(15), STR_25(28), STR_24(21), 
		 -> STR_23(2), STR_22(11), STR_21(54), STR_20(25), 
		 -> STR_19(2), STR_18(21), STR_17(2), STR_16(25), 
		 -> STR_15(23), STR_14(25), STR_13(133), STR_12(20), 
		 -> STR_11(21), STR_10(14), STR_9(15), STR_8(17), 
		 -> STR_7(2), STR_6(15), STR_5(39), STR_4(31), 
		 -> STR_3(28), STR_2(7), STR_1(5), 
 Auto vars:     Size  Location     Type
  printf          4    0        struct .
  printf          3    0        PTR const unsigned char 
  printf          2   19[COMRAM] unsigned int 
  printf          2   15[COMRAM] PTR void [1]
		 -> ?i2_printf(2), ?_printf(2), 
  printf          2    0        unsigned int 
  printf          1   21[COMRAM] char 
  printf          1   18[COMRAM] char 
  printf          1   17[COMRAM] unsigned char 
 Return value:  Size  Location     Type
                  2   12[COMRAM] int 
 Registers used:
		wreg, fsr2l, fsr2h, status,2, status,0, tblptrl, tblptrh, tblptru, prodl, prodh, cstack
 Tracked objects:
		On entry : 
		On exit  : 
		Unchanged: 
 Data sizes:     COMRAM   BANK0   BANK1   BANK2   BANK3   BANK4   BANK5
      Params:         2       0       0       0       0       0       0
      Locals:         7       0       0       0       0       0       0
      Temps:          1       0       0       0       0       0       0
      Totals:        10       0       0       0       0       0       0
Total ram usage:       10 bytes
 Hardware stack levels used:    1
 Hardware stack levels required when called:    1
 This function calls:
		i2___lwdiv
		i2___lwmod
		i2_putch
 This function is called by:
		_alarm
		_password
		i2_Clear
 This function uses a non-reentrant model


 *************** function i2_putch *****************
 Defined at:
		line 93 in file "Lab7.c"
 Parameters:    Size  Location     Type
  data            1    wreg     unsigned char 
 Auto vars:     Size  Location     Type
  data            1    0[COMRAM] unsigned char 
 Return value:  Size  Location     Type
                  1    wreg      void 
 Registers used:
		wreg
 Tracked objects:
		On entry : 
		On exit  : 
		Unchanged: 
 Data sizes:     COMRAM   BANK0   BANK1   BANK2   BANK3   BANK4   BANK5
      Params:         0       0       0       0       0       0       0
      Locals:         1       0       0       0       0       0       0
      Temps:          0       0       0       0       0       0       0
      Totals:         1       0       0       0       0       0       0
Total ram usage:        1 bytes
 Hardware stack levels used:    1
 This function calls:
		Nothing
 This function is called by:
		i2_printf
 This function uses a non-reentrant model


 *************** function i2___lwmod *****************
 Defined at:
		line 8 in file "C:\Program Files (x86)\Microchip\xc8\v1.45\sources\common\lwmod.c"
 Parameters:    Size  Location     Type
  dividend        2    7[COMRAM] unsigned int 
  divisor         2    9[COMRAM] unsigned int 
 Auto vars:     Size  Location     Type
  __lwmod         1   11[COMRAM] unsigned char 
 Return value:  Size  Location     Type
                  2    7[COMRAM] unsigned int 
 Registers used:
		wreg, status,2, status,0
 Tracked objects:
		On entry : 
		On exit  : 
		Unchanged: 
 Data sizes:     COMRAM   BANK0   BANK1   BANK2   BANK3   BANK4   BANK5
      Params:         4       0       0       0       0       0       0
      Locals:         1       0       0       0       0       0       0
      Temps:          0       0       0       0       0       0       0
      Totals:         5       0       0       0       0       0       0
Total ram usage:        5 bytes
 Hardware stack levels used:    1
 This function calls:
		Nothing
 This function is called by:
		i2_printf
 This function uses a non-reentrant model


 *************** function i2___lwdiv *****************
 Defined at:
		line 8 in file "C:\Program Files (x86)\Microchip\xc8\v1.45\sources\common\lwdiv.c"
 Parameters:    Size  Location     Type
  dividend        2    0[COMRAM] unsigned int 
  divisor         2    2[COMRAM] unsigned int 
 Auto vars:     Size  Location     Type
  __lwdiv         2    4[COMRAM] unsigned int 
  __lwdiv         1    6[COMRAM] unsigned char 
 Return value:  Size  Location     Type
                  2    0[COMRAM] unsigned int 
 Registers used:
		wreg, status,2, status,0
 Tracked objects:
		On entry : 
		On exit  : 
		Unchanged: 
 Data sizes:     COMRAM   BANK0   BANK1   BANK2   BANK3   BANK4   BANK5
      Params:         4       0       0       0       0       0       0
      Locals:         3       0       0       0       0       0       0
      Temps:          0       0       0       0       0       0       0
      Totals:         7       0       0       0       0       0       0
Total ram usage:        7 bytes
 Hardware stack levels used:    1
 This function calls:
		Nothing
 This function is called by:
		i2_printf
 This function uses a non-reentrant model



MODULE INFORMATION

Module		Function		Class		Link	Load	Size
C:\Program Files (x86)\Microchip\xc8\v1.45\sources\common\doprnt.c
		_printf        		CODE           	08C6	0000	301

C:\Program Files (x86)\Microchip\xc8\v1.45\sources\common\doprnt.c estimated size: 301

C:\Program Files (x86)\Microchip\xc8\v1.45\sources\common\Umul16.c
		___wmul        		CODE           	106C	0000	39

C:\Program Files (x86)\Microchip\xc8\v1.45\sources\common\Umul16.c estimated size: 39

Lab7.c
		_alarm         		CODE           	0008	0000	217
		_putch         		CODE           	10CA	0000	13
		_temp_sensor   		CODE           	0018	0000	305
		_password      		CODE           	0CDA	0000	163
		_main          		CODE           	014C	0000	505
		_alarm_options 		CODE           	065C	0000	313
		_Clear         		CODE           	1092	0000	31
		_temp_options  		CODE           	0344	0000	413
		_password_options		CODE           	0B10	0000	249
		_input_options 		CODE           	04E0	0000	381
		_password_change		CODE           	0794	0000	307

Lab7.c estimated size: 2897

C:\Program Files (x86)\Microchip\xc8\v1.45\sources\common\lwmod.c
		___lwmod       		CODE           	0FE6	0000	69

C:\Program Files (x86)\Microchip\xc8\v1.45\sources\common\lwmod.c estimated size: 69

shared
		i2_printf      		CODE           	09F2	0000	287
		i2_Clear       		CODE           	10B0	0000	27
		i2_putch       		CODE           	10D6	0000	13
		i2_strncmp     		CODE           	0E80	0000	123
		_dpowers       		MEDIUMCONST    	7BB9	0000	11
		i2___lwdiv     		CODE           	0F4E	0000	83
		i2___lwmod     		CODE           	102A	0000	67
		__initialization		CODE           	0FA0	0000	57

shared estimated size: 668

C:\Program Files (x86)\Microchip\xc8\v1.45\sources\common\lwdiv.c
		___lwdiv       		CODE           	0EFA	0000	85

C:\Program Files (x86)\Microchip\xc8\v1.45\sources\common\lwdiv.c estimated size: 85

C:\Program Files (x86)\Microchip\xc8\v1.45\sources\common\awdiv.c
		___awdiv       		CODE           	0D7C	0000	133

C:\Program Files (x86)\Microchip\xc8\v1.45\sources\common\awdiv.c estimated size: 133

C:\Program Files (x86)\Microchip\xc8\v1.45\sources\common\strncmp.c
		_strncmp       		CODE           	0E00	0000	129

C:\Program Files (x86)\Microchip\xc8\v1.45\sources\common\strncmp.c estimated size: 129

